Archive member included to satisfy reference by file (symbol)

/Applications/ArmGNUToolchain/12.2.rel1/arm-none-eabi/bin/../lib/gcc/arm-none-eabi/12.2.1/thumb/v6-m/nofp/libgcc.a(_dvmd_tls.o)
                              CMakeFiles/main.dir/Users/luke/Source/pico/pico-sdk/src/rp2_common/pico_divider/divider.S.obj (__aeabi_idiv0)
/Applications/ArmGNUToolchain/12.2.rel1/arm-none-eabi/bin/../lib/gcc/arm-none-eabi/12.2.1/../../../../arm-none-eabi/lib/thumb/v6-m/nofp/libc.a(libc_a-atoi.o)
                              CMakeFiles/main.dir/Users/luke/Source/pico/pico-sdk/lib/lwip/src/core/netif.c.obj (atoi)
/Applications/ArmGNUToolchain/12.2.rel1/arm-none-eabi/bin/../lib/gcc/arm-none-eabi/12.2.1/../../../../arm-none-eabi/lib/thumb/v6-m/nofp/libc.a(libc_a-calloc.o)
                              CMakeFiles/main.dir/Users/luke/Source/pico/pico-sdk/src/rp2_common/pico_malloc/pico_malloc.c.obj (calloc)
/Applications/ArmGNUToolchain/12.2.rel1/arm-none-eabi/bin/../lib/gcc/arm-none-eabi/12.2.1/../../../../arm-none-eabi/lib/thumb/v6-m/nofp/libc.a(libc_a-callocr.o)
                              /Applications/ArmGNUToolchain/12.2.rel1/arm-none-eabi/bin/../lib/gcc/arm-none-eabi/12.2.1/../../../../arm-none-eabi/lib/thumb/v6-m/nofp/libc.a(libc_a-calloc.o) (_calloc_r)
/Applications/ArmGNUToolchain/12.2.rel1/arm-none-eabi/bin/../lib/gcc/arm-none-eabi/12.2.1/../../../../arm-none-eabi/lib/thumb/v6-m/nofp/libc.a(libc_a-malloc.o)
                              CMakeFiles/main.dir/Users/luke/Source/pico/pico-sdk/src/rp2_common/pico_malloc/pico_malloc.c.obj (malloc)
/Applications/ArmGNUToolchain/12.2.rel1/arm-none-eabi/bin/../lib/gcc/arm-none-eabi/12.2.1/../../../../arm-none-eabi/lib/thumb/v6-m/nofp/libc.a(libc_a-mallocr.o)
                              /Applications/ArmGNUToolchain/12.2.rel1/arm-none-eabi/bin/../lib/gcc/arm-none-eabi/12.2.1/../../../../arm-none-eabi/lib/thumb/v6-m/nofp/libc.a(libc_a-callocr.o) (_malloc_r)
/Applications/ArmGNUToolchain/12.2.rel1/arm-none-eabi/bin/../lib/gcc/arm-none-eabi/12.2.1/../../../../arm-none-eabi/lib/thumb/v6-m/nofp/libc.a(libc_a-mlock.o)
                              /Applications/ArmGNUToolchain/12.2.rel1/arm-none-eabi/bin/../lib/gcc/arm-none-eabi/12.2.1/../../../../arm-none-eabi/lib/thumb/v6-m/nofp/libc.a(libc_a-mallocr.o) (__malloc_lock)
/Applications/ArmGNUToolchain/12.2.rel1/arm-none-eabi/bin/../lib/gcc/arm-none-eabi/12.2.1/../../../../arm-none-eabi/lib/thumb/v6-m/nofp/libc.a(libc_a-realloc.o)
                              CMakeFiles/main.dir/Users/luke/Source/pico/pico-sdk/src/rp2_common/pico_malloc/pico_malloc.c.obj (realloc)
/Applications/ArmGNUToolchain/12.2.rel1/arm-none-eabi/bin/../lib/gcc/arm-none-eabi/12.2.1/../../../../arm-none-eabi/lib/thumb/v6-m/nofp/libc.a(libc_a-reallocr.o)
                              /Applications/ArmGNUToolchain/12.2.rel1/arm-none-eabi/bin/../lib/gcc/arm-none-eabi/12.2.1/../../../../arm-none-eabi/lib/thumb/v6-m/nofp/libc.a(libc_a-realloc.o) (_realloc_r)
/Applications/ArmGNUToolchain/12.2.rel1/arm-none-eabi/bin/../lib/gcc/arm-none-eabi/12.2.1/../../../../arm-none-eabi/lib/thumb/v6-m/nofp/libc.a(libc_a-strtol.o)
                              /Applications/ArmGNUToolchain/12.2.rel1/arm-none-eabi/bin/../lib/gcc/arm-none-eabi/12.2.1/../../../../arm-none-eabi/lib/thumb/v6-m/nofp/libc.a(libc_a-atoi.o) (_strtol_r)
/Applications/ArmGNUToolchain/12.2.rel1/arm-none-eabi/bin/../lib/gcc/arm-none-eabi/12.2.1/../../../../arm-none-eabi/lib/thumb/v6-m/nofp/libc.a(libc_a-memcmp.o)
                              CMakeFiles/main.dir/Users/luke/Source/pico/pico-sdk/lib/lwip/src/netif/ethernet.c.obj (memcmp)
/Applications/ArmGNUToolchain/12.2.rel1/arm-none-eabi/bin/../lib/gcc/arm-none-eabi/12.2.1/../../../../arm-none-eabi/lib/thumb/v6-m/nofp/libc.a(libc_a-memmove.o)
                              CMakeFiles/main.dir/Users/luke/Source/pico/pico-sdk/lib/lwip/src/core/def.c.obj (memmove)
/Applications/ArmGNUToolchain/12.2.rel1/arm-none-eabi/bin/../lib/gcc/arm-none-eabi/12.2.1/../../../../arm-none-eabi/lib/thumb/v6-m/nofp/libc.a(libc_a-strncmp.o)
                              CMakeFiles/main.dir/Users/luke/Source/pico/pico-sdk/lib/lwip/src/core/def.c.obj (strncmp)
/Applications/ArmGNUToolchain/12.2.rel1/arm-none-eabi/bin/../lib/gcc/arm-none-eabi/12.2.1/../../../../arm-none-eabi/lib/thumb/v6-m/nofp/libc.a(libc_a-impure.o)
                              /Applications/ArmGNUToolchain/12.2.rel1/arm-none-eabi/bin/../lib/gcc/arm-none-eabi/12.2.1/../../../../arm-none-eabi/lib/thumb/v6-m/nofp/libc.a(libc_a-calloc.o) (_impure_ptr)
/Applications/ArmGNUToolchain/12.2.rel1/arm-none-eabi/bin/../lib/gcc/arm-none-eabi/12.2.1/../../../../arm-none-eabi/lib/thumb/v6-m/nofp/libc.a(libc_a-sbrkr.o)
                              /Applications/ArmGNUToolchain/12.2.rel1/arm-none-eabi/bin/../lib/gcc/arm-none-eabi/12.2.1/../../../../arm-none-eabi/lib/thumb/v6-m/nofp/libc.a(libc_a-mallocr.o) (_sbrk_r)
[...]
Memory Configuration

Name             Origin             Length             Attributes
FLASH            0x0000000010000000 0x0000000000200000 xr
RAM              0x0000000020000000 0x0000000000040000 xrw
SCRATCH_X        0x0000000020040000 0x0000000000001000 xrw
SCRATCH_Y        0x0000000020041000 0x0000000000001000 xrw
*default*        0x0000000000000000 0xffffffffffffffff

Linker script and memory map

LOAD /Applications/ArmGNUToolchain/12.2.rel1/arm-none-eabi/bin/../lib/gcc/arm-none-eabi/12.2.1/thumb/v6-m/nofp/crti.o
LOAD /Applications/ArmGNUToolchain/12.2.rel1/arm-none-eabi/bin/../lib/gcc/arm-none-eabi/12.2.1/thumb/v6-m/nofp/crtbegin.o
LOAD /Applications/ArmGNUToolchain/12.2.rel1/arm-none-eabi/bin/../lib/gcc/arm-none-eabi/12.2.1/../../../../arm-none-eabi/lib/thumb/v6-m/nofp/crt0.o

.flash_begin    0x0000000010000000        0x0
                0x0000000010000000                __flash_binary_start = .

.boot2          0x0000000010000000      0x100
                0x0000000010000000                __boot2_start__ = .
 *(.boot2)
 .boot2         0x0000000010000000      0x100 /var/folders/jq/93xslwyn265cdhknykny0bgw0000gn/T//ccMoX0Er.o
                0x0000000010000100                __boot2_end__ = .
                0x0000000000000001                ASSERT (((__boot2_end__ - __boot2_start__) == 0x100), ERROR: Pico second stage bootloader must be 256 bytes in size)

.text           0x0000000010000100    0x103b8
                0x0000000010000100                __logical_binary_start = .
 *(.vectors)
 .vectors       0x0000000010000100       0xd4 CMakeFiles/main.dir/Users/luke/Source/pico/pico-sdk/src/rp2_common/pico_standard_link/crt0.S.obj
                0x0000000010000100                __VECTOR_TABLE
                0x0000000010000100                __vectors
                0x00000000100001c0                __default_isrs_start
                0x00000000100001c0                isr_invalid
                0x00000000100001c2                isr_nmi
                0x00000000100001c4                isr_hardfault
                0x00000000100001c6                isr_svcall
                0x00000000100001c8                isr_pendsv
                0x00000000100001ca                isr_systick
                0x00000000100001cc                isr_irq28
                0x00000000100001cc                isr_irq19
                0x00000000100001cc                isr_irq0
                0x00000000100001cc                isr_irq6
                0x00000000100001cc                isr_irq22
                0x00000000100001cc                isr_irq17
                0x00000000100001cc                isr_irq14
                0x00000000100001cc                isr_irq2
                0x00000000100001cc                isr_irq10
                0x00000000100001cc                isr_irq8
                0x00000000100001cc                isr_irq24
                0x00000000100001cc                isr_irq1
                0x00000000100001cc                isr_irq7
                0x00000000100001cc                isr_irq21
                0x00000000100001cc                isr_irq20
                0x00000000100001cc                isr_irq15
                0x00000000100001cc                isr_irq25
                0x00000000100001cc                isr_irq4
                0x00000000100001cc                isr_irq16
                0x00000000100001cc                isr_irq29
                0x00000000100001cc                isr_irq26
                0x00000000100001cc                __default_isrs_end
                0x00000000100001cc                isr_irq3
                0x00000000100001cc                isr_irq9
                0x00000000100001cc                __unhandled_user_irq
                0x00000000100001cc                isr_irq13
                0x00000000100001cc                isr_irq27
                0x00000000100001cc                isr_irq31
                0x00000000100001cc                isr_irq5
                0x00000000100001cc                isr_irq11
                0x00000000100001cc                isr_irq23
                0x00000000100001cc                isr_irq18
                0x00000000100001cc                isr_irq30
                0x00000000100001cc                isr_irq12
                0x00000000100001d2                unhandled_user_irq_num_in_r0
 *(.binary_info_header)
 .binary_info_header
                0x00000000100001d4       0x14 CMakeFiles/main.dir/Users/luke/Source/pico/pico-sdk/src/rp2_common/pico_standard_link/crt0.S.obj
                0x00000000100001e8                __binary_info_header_end = .
 *(.reset)
 .reset         0x00000000100001e8       0xa0 CMakeFiles/main.dir/Users/luke/Source/pico/pico-sdk/src/rp2_common/pico_standard_link/crt0.S.obj
                0x00000000100001e8                _entry_point
 .reset         0x0000000010000288       0x30 CMakeFiles/main.dir/Users/luke/Source/pico/pico-sdk/src/rp2_common/pico_standard_link/binary_info.c.obj
 *(.init)
 .init          0x00000000100002b8        0x4 /Applications/ArmGNUToolchain/12.2.rel1/arm-none-eabi/bin/../lib/gcc/arm-none-eabi/12.2.1/thumb/v6-m/nofp/crti.o
                0x00000000100002b8                _init
 *(EXCLUDE_FILE(*libm.a: *libc.a:*lib_a-mem*.o *libgcc.a:) .text*)
 .text.register_tm_clones
                0x00000000100002bc       0x28 /Applications/ArmGNUToolchain/12.2.rel1/arm-none-eabi/bin/../lib/gcc/arm-none-eabi/12.2.1/thumb/v6-m/nofp/crtbegin.o
 .text.frame_dummy
                0x00000000100002e4       0x24 /Applications/ArmGNUToolchain/12.2.rel1/arm-none-eabi/bin/../lib/gcc/arm-none-eabi/12.2.1/thumb/v6-m/nofp/crtbegin.o
 .text.hallEffect_callback
                0x0000000010000308        0xc CMakeFiles/main.dir/main.c.obj
                0x0000000010000308                hallEffect_callback
 .text.startup.main
                0x0000000010000314      0x320 CMakeFiles/main.dir/main.c.obj
                0x0000000010000314                main
 .text.lwip_timeout_reached
                0x0000000010000634        0x8 CMakeFiles/main.dir/Users/luke/Source/pico/pico-sdk/src/rp2_common/pico_lwip/lwip_nosys.c.obj
 .text.update_next_timeout
                0x000000001000063c       0x60 CMakeFiles/main.dir/Users/luke/Source/pico/pico-sdk/src/rp2_common/pico_lwip/lwip_nosys.c.obj
 .text.lwip_nosys_init
                0x000000001000069c       0x30 CMakeFiles/main.dir/Users/luke/Source/pico/pico-sdk/src/rp2_common/pico_lwip/lwip_nosys.c.obj
                0x000000001000069c                lwip_nosys_init
 .text.lwip_nosys_deinit
                0x00000000100006cc       0x20 CMakeFiles/main.dir/Users/luke/Source/pico/pico-sdk/src/rp2_common/pico_lwip/lwip_nosys.c.obj
                0x00000000100006cc                lwip_nosys_deinit
 .text.sys_arch_protect
                0x00000000100006ec        0x4 CMakeFiles/main.dir/Users/luke/Source/pico/pico-sdk/src/rp2_common/pico_lwip/lwip_nosys.c.obj
                0x00000000100006ec                sys_arch_protect
 .text.sys_arch_unprotect
                0x00000000100006f0        0x4 CMakeFiles/main.dir/Users/luke/Source/pico/pico-sdk/src/rp2_common/pico_lwip/lwip_nosys.c.obj
                0x00000000100006f0                sys_arch_unprotect
 .text.sys_now  0x00000000100006f4       0x20 CMakeFiles/main.dir/Users/luke/Source/pico/pico-sdk/src/rp2_common/pico_lwip/lwip_nosys.c.obj
                0x00000000100006f4                sys_now
 .text.async_context_base_add_at_time_worker
                0x0000000010000714       0x24 CMakeFiles/main.dir/Users/luke/Source/pico/pico-sdk/src/rp2_common/pico_async_context/async_context_base.c.obj
                0x0000000010000714                async_context_base_add_at_time_worker
 .text.async_context_base_remove_at_time_worker
                0x0000000010000738       0x28 CMakeFiles/main.dir/Users/luke/Source/pico/pico-sdk/src/rp2_common/pico_async_context/async_context_base.c.obj
                0x0000000010000738                async_context_base_remove_at_time_worker
 .text.async_context_base_add_when_pending_worker
                0x0000000010000760       0x24 CMakeFiles/main.dir/Users/luke/Source/pico/pico-sdk/src/rp2_common/pico_async_context/async_context_base.c.obj
                0x0000000010000760                async_context_base_add_when_pending_worker
 .text.async_context_base_remove_when_pending_worker
                0x0000000010000784       0x28 CMakeFiles/main.dir/Users/luke/Source/pico/pico-sdk/src/rp2_common/pico_async_context/async_context_base.c.obj
                0x0000000010000784                async_context_base_remove_when_pending_worker
 .text.async_context_base_execute_once
                0x00000000100007ac       0xfc CMakeFiles/main.dir/Users/luke/Source/pico/pico-sdk/src/rp2_common/pico_async_context/async_context_base.c.obj
                0x00000000100007ac                async_context_base_execute_once
 .text.running_on_fpga
                0x00000000100008a8       0x10 CMakeFiles/main.dir/Users/luke/Source/pico/pico-sdk/src/rp2_common/pico_platform/platform.c.obj
                0x00000000100008a8                running_on_fpga
 .text.splitmix64
                0x00000000100008b8       0x58 CMakeFiles/main.dir/Users/luke/Source/pico/pico-sdk/src/rp2_common/pico_rand/rand.c.obj
 .text.xoroshiro128ss
                0x0000000010000910       0x90 CMakeFiles/main.dir/Users/luke/Source/pico/pico-sdk/src/rp2_common/pico_rand/rand.c.obj
 .text.get_rand_64
                0x00000000100009a0      0x4a4 CMakeFiles/main.dir/Users/luke/Source/pico/pico-sdk/src/rp2_common/pico_rand/rand.c.obj
                0x00000000100009a0                get_rand_64
 .text.get_rand_32
                0x0000000010000e44        0x8 CMakeFiles/main.dir/Users/luke/Source/pico/pico-sdk/src/rp2_common/pico_rand/rand.c.obj
                0x0000000010000e44                get_rand_32
 .text.startup._retrieve_unique_id_on_boot
                0x0000000010000e4c       0x10 CMakeFiles/main.dir/Users/luke/Source/pico/pico-sdk/src/rp2_common/pico_unique_id/unique_id.c.obj
 .text.pico_get_unique_board_id
                0x0000000010000e5c       0x10 CMakeFiles/main.dir/Users/luke/Source/pico/pico-sdk/src/rp2_common/pico_unique_id/unique_id.c.obj
                0x0000000010000e5c                pico_get_unique_board_id
 .text.pico_get_unique_board_id_string
                0x0000000010000e6c      0x1a8 CMakeFiles/main.dir/Users/luke/Source/pico/pico-sdk/src/rp2_common/pico_unique_id/unique_id.c.obj
                0x0000000010000e6c                pico_get_unique_board_id_string
 .text.flash_get_unique_id
                0x0000000010001014       0x40 CMakeFiles/main.dir/Users/luke/Source/pico/pico-sdk/src/rp2_common/hardware_flash/flash.c.obj
                0x0000000010001014                flash_get_unique_id
 .text.hw_claim_lock
                0x0000000010001054       0x18 CMakeFiles/main.dir/Users/luke/Source/pico/pico-sdk/src/rp2_common/hardware_claim/claim.c.obj
                0x0000000010001054                hw_claim_lock
 .text.hw_claim_unlock
                0x000000001000106c       0x14 CMakeFiles/main.dir/Users/luke/Source/pico/pico-sdk/src/rp2_common/hardware_claim/claim.c.obj
                0x000000001000106c                hw_claim_unlock
 .text.hw_claim_or_assert
                0x0000000010001080       0x44 CMakeFiles/main.dir/Users/luke/Source/pico/pico-sdk/src/rp2_common/hardware_claim/claim.c.obj
                0x0000000010001080                hw_claim_or_assert
 .text.hw_claim_unused_from_range
                0x00000000100010c4       0x9c CMakeFiles/main.dir/Users/luke/Source/pico/pico-sdk/src/rp2_common/hardware_claim/claim.c.obj
                0x00000000100010c4                hw_claim_unused_from_range
 .text.hw_claim_clear
                0x0000000010001160       0x38 CMakeFiles/main.dir/Users/luke/Source/pico/pico-sdk/src/rp2_common/hardware_claim/claim.c.obj
                0x0000000010001160                hw_claim_clear
 .text.spin_locks_reset
                0x0000000010001198       0x1c CMakeFiles/main.dir/Users/luke/Source/pico/pico-sdk/src/rp2_common/hardware_sync/sync.c.obj
                0x0000000010001198                spin_locks_reset
 .text.next_striped_spin_lock_num
                0x00000000100011b4       0x18 CMakeFiles/main.dir/Users/luke/Source/pico/pico-sdk/src/rp2_common/hardware_sync/sync.c.obj
                0x00000000100011b4                next_striped_spin_lock_num
 .text.spin_lock_claim_unused
                0x00000000100011cc       0x24 CMakeFiles/main.dir/Users/luke/Source/pico/pico-sdk/src/rp2_common/hardware_sync/sync.c.obj
                0x00000000100011cc                spin_lock_claim_unused
 .text.rom_func_lookup
                0x00000000100011f0       0x10 CMakeFiles/main.dir/Users/luke/Source/pico/pico-sdk/src/rp2_common/pico_bootrom/bootrom.c.obj
                0x00000000100011f0                rom_func_lookup
 .text.rom_data_lookup
                0x0000000010001200       0x10 CMakeFiles/main.dir/Users/luke/Source/pico/pico-sdk/src/rp2_common/pico_bootrom/bootrom.c.obj
                0x0000000010001200                rom_data_lookup
 .text.rom_funcs_lookup
                0x0000000010001210       0x44 CMakeFiles/main.dir/Users/luke/Source/pico/pico-sdk/src/rp2_common/pico_bootrom/bootrom.c.obj
                0x0000000010001210                rom_funcs_lookup
 .text.clocks_init
                0x0000000010001254      0x2b4 CMakeFiles/main.dir/Users/luke/Source/pico/pico-sdk/src/rp2_common/hardware_clocks/clocks.c.obj
                0x0000000010001254                clocks_init
 .text.clock_get_hz
                0x0000000010001508        0xc CMakeFiles/main.dir/Users/luke/Source/pico/pico-sdk/src/rp2_common/hardware_clocks/clocks.c.obj
                0x0000000010001508                clock_get_hz
 .text.gpio_default_irq_handler
                0x0000000010001514      0x204 CMakeFiles/main.dir/Users/luke/Source/pico/pico-sdk/src/rp2_common/hardware_gpio/gpio.c.obj
 .text.gpio_set_function
                0x0000000010001718       0x30 CMakeFiles/main.dir/Users/luke/Source/pico/pico-sdk/src/rp2_common/hardware_gpio/gpio.c.obj
                0x0000000010001718                gpio_set_function
 .text.gpio_set_pulls
                0x0000000010001748       0x24 CMakeFiles/main.dir/Users/luke/Source/pico/pico-sdk/src/rp2_common/hardware_gpio/gpio.c.obj
                0x0000000010001748                gpio_set_pulls
 .text.gpio_set_input_hysteresis_enabled
                0x000000001000176c       0x28 CMakeFiles/main.dir/Users/luke/Source/pico/pico-sdk/src/rp2_common/hardware_gpio/gpio.c.obj
                0x000000001000176c                gpio_set_input_hysteresis_enabled
 .text.gpio_set_irq_enabled
                0x0000000010001794       0x54 CMakeFiles/main.dir/Users/luke/Source/pico/pico-sdk/src/rp2_common/hardware_gpio/gpio.c.obj
                0x0000000010001794                gpio_set_irq_enabled
 .text.gpio_set_irq_enabled_with_callback
                0x00000000100017e8       0xc4 CMakeFiles/main.dir/Users/luke/Source/pico/pico-sdk/src/rp2_common/hardware_gpio/gpio.c.obj
                0x00000000100017e8                gpio_set_irq_enabled_with_callback
 .text.gpio_add_raw_irq_handler_with_order_priority_masked
                0x00000000100018ac       0x44 CMakeFiles/main.dir/Users/luke/Source/pico/pico-sdk/src/rp2_common/hardware_gpio/gpio.c.obj
                0x00000000100018ac                gpio_add_raw_irq_handler_with_order_priority_masked
 .text.gpio_remove_raw_irq_handler_masked
                0x00000000100018f0       0x20 CMakeFiles/main.dir/Users/luke/Source/pico/pico-sdk/src/rp2_common/hardware_gpio/gpio.c.obj
                0x00000000100018f0                gpio_remove_raw_irq_handler_masked
 .text.gpio_init
                0x0000000010001910       0x3c CMakeFiles/main.dir/Users/luke/Source/pico/pico-sdk/src/rp2_common/hardware_gpio/gpio.c.obj
                0x0000000010001910                gpio_init
 .text.irq_set_enabled
                0x000000001000194c       0x24 CMakeFiles/main.dir/Users/luke/Source/pico/pico-sdk/src/rp2_common/hardware_irq/irq.c.obj
                0x000000001000194c                irq_set_enabled
 .text.irq_set_pending
                0x0000000010001970       0x10 CMakeFiles/main.dir/Users/luke/Source/pico/pico-sdk/src/rp2_common/hardware_irq/irq.c.obj
                0x0000000010001970                irq_set_pending
 .text.irq_has_shared_handler
                0x0000000010001980       0x2c CMakeFiles/main.dir/Users/luke/Source/pico/pico-sdk/src/rp2_common/hardware_irq/irq.c.obj
                0x0000000010001980                irq_has_shared_handler
 .text.irq_get_vtable_handler
                0x00000000100019ac       0x10 CMakeFiles/main.dir/Users/luke/Source/pico/pico-sdk/src/rp2_common/hardware_irq/irq.c.obj
                0x00000000100019ac                irq_get_vtable_handler
 .text.irq_set_exclusive_handler
                0x00000000100019bc       0x54 CMakeFiles/main.dir/Users/luke/Source/pico/pico-sdk/src/rp2_common/hardware_irq/irq.c.obj
                0x00000000100019bc                irq_set_exclusive_handler
 .text.irq_add_shared_handler
                0x0000000010001a10      0x1f4 CMakeFiles/main.dir/Users/luke/Source/pico/pico-sdk/src/rp2_common/hardware_irq/irq.c.obj
                0x0000000010001a10                irq_add_shared_handler
 .text.irq_remove_handler
                0x0000000010001c04      0x1c4 CMakeFiles/main.dir/Users/luke/Source/pico/pico-sdk/src/rp2_common/hardware_irq/irq.c.obj
                0x0000000010001c04                irq_remove_handler
 .text.irq_set_priority
                0x0000000010001dc8       0x28 CMakeFiles/main.dir/Users/luke/Source/pico/pico-sdk/src/rp2_common/hardware_irq/irq.c.obj
                0x0000000010001dc8                irq_set_priority
 .text.irq_add_tail_to_free_list
                0x0000000010001df0       0xb4 CMakeFiles/main.dir/Users/luke/Source/pico/pico-sdk/src/rp2_common/hardware_irq/irq.c.obj
                0x0000000010001df0                irq_add_tail_to_free_list
 .text.irq_init_priorities
                0x0000000010001ea4       0x24 CMakeFiles/main.dir/Users/luke/Source/pico/pico-sdk/src/rp2_common/hardware_irq/irq.c.obj
                0x0000000010001ea4                irq_init_priorities
 .text.user_irq_unclaim
                0x0000000010001ec8       0x14 CMakeFiles/main.dir/Users/luke/Source/pico/pico-sdk/src/rp2_common/hardware_irq/irq.c.obj
                0x0000000010001ec8                user_irq_unclaim
 .text.user_irq_claim_unused
                0x0000000010001edc       0x2c CMakeFiles/main.dir/Users/luke/Source/pico/pico-sdk/src/rp2_common/hardware_irq/irq.c.obj
                0x0000000010001edc                user_irq_claim_unused
 .text.sem_init
                0x0000000010001f08       0x20 CMakeFiles/main.dir/Users/luke/Source/pico/pico-sdk/src/common/pico_sync/sem.c.obj
                0x0000000010001f08                sem_init
 .text.lock_init
                0x0000000010001f28       0x10 CMakeFiles/main.dir/Users/luke/Source/pico/pico-sdk/src/common/pico_sync/lock_core.c.obj
                0x0000000010001f28                lock_init
 .text.mutex_init
                0x0000000010001f38       0x1c CMakeFiles/main.dir/Users/luke/Source/pico/pico-sdk/src/common/pico_sync/mutex.c.obj
                0x0000000010001f38                mutex_init
 .text.recursive_mutex_init
                0x0000000010001f54       0x1c CMakeFiles/main.dir/Users/luke/Source/pico/pico-sdk/src/common/pico_sync/mutex.c.obj
                0x0000000010001f54                recursive_mutex_init
 .text.critical_section_init
                0x0000000010001f70       0x1c CMakeFiles/main.dir/Users/luke/Source/pico/pico-sdk/src/common/pico_sync/critical_section.c.obj
                0x0000000010001f70                critical_section_init
 .text.critical_section_init_with_lock_num
                0x0000000010001f8c       0x14 CMakeFiles/main.dir/Users/luke/Source/pico/pico-sdk/src/common/pico_sync/critical_section.c.obj
                0x0000000010001f8c                critical_section_init_with_lock_num
 .text.timer_pool_entry_comparator
                0x0000000010001fa0       0x34 CMakeFiles/main.dir/Users/luke/Source/pico/pico-sdk/src/common/pico_time/time.c.obj
                0x0000000010001fa0                timer_pool_entry_comparator
 .text.sleep_until_callback
                0x0000000010001fd4       0x30 CMakeFiles/main.dir/Users/luke/Source/pico/pico-sdk/src/common/pico_time/time.c.obj
 .text.add_alarm_under_lock.isra.0
                0x0000000010002004      0x100 CMakeFiles/main.dir/Users/luke/Source/pico/pico-sdk/src/common/pico_time/time.c.obj
 .text.alarm_pool_alarm_callback
                0x0000000010002104      0x1bc CMakeFiles/main.dir/Users/luke/Source/pico/pico-sdk/src/common/pico_time/time.c.obj
 .text.alarm_pool_init_default
                0x00000000100022c0       0x6c CMakeFiles/main.dir/Users/luke/Source/pico/pico-sdk/src/common/pico_time/time.c.obj
                0x00000000100022c0                alarm_pool_init_default
 .text.alarm_pool_get_default
                0x000000001000232c        0x8 CMakeFiles/main.dir/Users/luke/Source/pico/pico-sdk/src/common/pico_time/time.c.obj
                0x000000001000232c                alarm_pool_get_default
 .text.alarm_pool_add_alarm_at
                0x0000000010002334      0x188 CMakeFiles/main.dir/Users/luke/Source/pico/pico-sdk/src/common/pico_time/time.c.obj
                0x0000000010002334                alarm_pool_add_alarm_at
 .text.alarm_pool_cancel_alarm
                0x00000000100024bc       0x6c CMakeFiles/main.dir/Users/luke/Source/pico/pico-sdk/src/common/pico_time/time.c.obj
                0x00000000100024bc                alarm_pool_cancel_alarm
 .text.alarm_pool_core_num
                0x0000000010002528        0x4 CMakeFiles/main.dir/Users/luke/Source/pico/pico-sdk/src/common/pico_time/time.c.obj
                0x0000000010002528                alarm_pool_core_num
 .text.sleep_until
                0x000000001000252c       0xc4 CMakeFiles/main.dir/Users/luke/Source/pico/pico-sdk/src/common/pico_time/time.c.obj
                0x000000001000252c                sleep_until
 .text.sleep_ms
                0x00000000100025f0       0x38 CMakeFiles/main.dir/Users/luke/Source/pico/pico-sdk/src/common/pico_time/time.c.obj
                0x00000000100025f0                sleep_ms
 .text.best_effort_wfe_or_timeout
                0x0000000010002628       0x78 CMakeFiles/main.dir/Users/luke/Source/pico/pico-sdk/src/common/pico_time/time.c.obj
                0x0000000010002628                best_effort_wfe_or_timeout
 .text.hardware_alarm_irq_handler
                0x00000000100026a0       0xbc CMakeFiles/main.dir/Users/luke/Source/pico/pico-sdk/src/rp2_common/hardware_timer/timer.c.obj
 .text.hardware_alarm_claim
                0x000000001000275c       0x18 CMakeFiles/main.dir/Users/luke/Source/pico/pico-sdk/src/rp2_common/hardware_timer/timer.c.obj
                0x000000001000275c                hardware_alarm_claim
 .text.time_us_64
                0x0000000010002774       0x14 CMakeFiles/main.dir/Users/luke/Source/pico/pico-sdk/src/rp2_common/hardware_timer/timer.c.obj
                0x0000000010002774                time_us_64
 .text.busy_wait_until
                0x0000000010002788       0x20 CMakeFiles/main.dir/Users/luke/Source/pico/pico-sdk/src/rp2_common/hardware_timer/timer.c.obj
                0x0000000010002788                busy_wait_until
 .text.hardware_alarm_set_callback
                0x00000000100027a8       0x8c CMakeFiles/main.dir/Users/luke/Source/pico/pico-sdk/src/rp2_common/hardware_timer/timer.c.obj
                0x00000000100027a8                hardware_alarm_set_callback
 .text.hardware_alarm_set_target
                0x0000000010002834       0xdc CMakeFiles/main.dir/Users/luke/Source/pico/pico-sdk/src/rp2_common/hardware_timer/timer.c.obj
                0x0000000010002834                hardware_alarm_set_target
 .text.hardware_alarm_cancel
                0x0000000010002910       0x3c CMakeFiles/main.dir/Users/luke/Source/pico/pico-sdk/src/rp2_common/hardware_timer/timer.c.obj
                0x0000000010002910                hardware_alarm_cancel
 .text.ph_merge_nodes
                0x000000001000294c       0x64 CMakeFiles/main.dir/Users/luke/Source/pico/pico-sdk/src/common/pico_util/pheap.c.obj
 .text.ph_post_alloc_init
                0x00000000100029b0       0x3c CMakeFiles/main.dir/Users/luke/Source/pico/pico-sdk/src/common/pico_util/pheap.c.obj
                0x00000000100029b0                ph_post_alloc_init
 .text.ph_merge_two_pass
                0x00000000100029ec       0x98 CMakeFiles/main.dir/Users/luke/Source/pico/pico-sdk/src/common/pico_util/pheap.c.obj
                0x00000000100029ec                ph_merge_two_pass
 .text.ph_remove_any_head
                0x0000000010002a84      0x100 CMakeFiles/main.dir/Users/luke/Source/pico/pico-sdk/src/common/pico_util/pheap.c.obj
 .text.ph_remove_head
                0x0000000010002b84      0x104 CMakeFiles/main.dir/Users/luke/Source/pico/pico-sdk/src/common/pico_util/pheap.c.obj
                0x0000000010002b84                ph_remove_head
 .text.ph_remove_and_free_node
                0x0000000010002c88       0x78 CMakeFiles/main.dir/Users/luke/Source/pico/pico-sdk/src/common/pico_util/pheap.c.obj
                0x0000000010002c88                ph_remove_and_free_node
 .text.pll_init
                0x0000000010002d00       0xa8 CMakeFiles/main.dir/Users/luke/Source/pico/pico-sdk/src/rp2_common/hardware_pll/pll.c.obj
                0x0000000010002d00                pll_init
 .text.watchdog_start_tick
                0x0000000010002da8       0x10 CMakeFiles/main.dir/Users/luke/Source/pico/pico-sdk/src/rp2_common/hardware_watchdog/watchdog.c.obj
                0x0000000010002da8                watchdog_start_tick
 .text.watchdog_reboot
                0x0000000010002db8       0x9c CMakeFiles/main.dir/Users/luke/Source/pico/pico-sdk/src/rp2_common/hardware_watchdog/watchdog.c.obj
                0x0000000010002db8                watchdog_reboot
 .text.xosc_init
                0x0000000010002e54       0x28 CMakeFiles/main.dir/Users/luke/Source/pico/pico-sdk/src/rp2_common/hardware_xosc/xosc.c.obj
                0x0000000010002e54                xosc_init
 .text.lwip_init
                0x0000000010002e7c       0x24 CMakeFiles/main.dir/Users/luke/Source/pico/pico-sdk/lib/lwip/src/core/init.c.obj
                0x0000000010002e7c                lwip_init
 .text.lwip_htons
                0x0000000010002ea0        0x8 CMakeFiles/main.dir/Users/luke/Source/pico/pico-sdk/lib/lwip/src/core/def.c.obj
                0x0000000010002ea0                lwip_htons
 .text.lwip_htonl
                0x0000000010002ea8        0x4 CMakeFiles/main.dir/Users/luke/Source/pico/pico-sdk/lib/lwip/src/core/def.c.obj
                0x0000000010002ea8                lwip_htonl
 .text.dns_call_found
                0x0000000010002eac      0x184 CMakeFiles/main.dir/Users/luke/Source/pico/pico-sdk/lib/lwip/src/core/dns.c.obj
 .text.dns_send.isra.0
                0x0000000010003030      0x174 CMakeFiles/main.dir/Users/luke/Source/pico/pico-sdk/lib/lwip/src/core/dns.c.obj
 .text.dns_init
                0x00000000100031a4        0x4 CMakeFiles/main.dir/Users/luke/Source/pico/pico-sdk/lib/lwip/src/core/dns.c.obj
                0x00000000100031a4                dns_init
 .text.dns_setserver
                0x00000000100031a8       0x24 CMakeFiles/main.dir/Users/luke/Source/pico/pico-sdk/lib/lwip/src/core/dns.c.obj
                0x00000000100031a8                dns_setserver
 .text.dns_tmr  0x00000000100031cc      0x140 CMakeFiles/main.dir/Users/luke/Source/pico/pico-sdk/lib/lwip/src/core/dns.c.obj
                0x00000000100031cc                dns_tmr
 .text.lwip_standard_chksum
                0x000000001000330c       0xdc CMakeFiles/main.dir/Users/luke/Source/pico/pico-sdk/lib/lwip/src/core/inet_chksum.c.obj
                0x000000001000330c                lwip_standard_chksum
 .text.inet_chksum_pseudo
                0x00000000100033e8       0xbc CMakeFiles/main.dir/Users/luke/Source/pico/pico-sdk/lib/lwip/src/core/inet_chksum.c.obj
                0x00000000100033e8                inet_chksum_pseudo
 .text.ip_chksum_pseudo
                0x00000000100034a4       0x10 CMakeFiles/main.dir/Users/luke/Source/pico/pico-sdk/lib/lwip/src/core/inet_chksum.c.obj
                0x00000000100034a4                ip_chksum_pseudo
 .text.inet_chksum
                0x00000000100034b4        0xc CMakeFiles/main.dir/Users/luke/Source/pico/pico-sdk/lib/lwip/src/core/inet_chksum.c.obj
                0x00000000100034b4                inet_chksum
 .text.mem_init
                0x00000000100034c0       0x3c CMakeFiles/main.dir/Users/luke/Source/pico/pico-sdk/lib/lwip/src/core/mem.c.obj
                0x00000000100034c0                mem_init
 .text.mem_free
                0x00000000100034fc      0x130 CMakeFiles/main.dir/Users/luke/Source/pico/pico-sdk/lib/lwip/src/core/mem.c.obj
                0x00000000100034fc                mem_free
 .text.mem_trim
                0x000000001000362c       0xfc CMakeFiles/main.dir/Users/luke/Source/pico/pico-sdk/lib/lwip/src/core/mem.c.obj
                0x000000001000362c                mem_trim
 .text.mem_malloc
                0x0000000010003728      0x114 CMakeFiles/main.dir/Users/luke/Source/pico/pico-sdk/lib/lwip/src/core/mem.c.obj
                0x0000000010003728                mem_malloc
 .text.memp_init
                0x000000001000383c       0x6c CMakeFiles/main.dir/Users/luke/Source/pico/pico-sdk/lib/lwip/src/core/memp.c.obj
                0x000000001000383c                memp_init
 .text.memp_malloc
                0x00000000100038a8       0x40 CMakeFiles/main.dir/Users/luke/Source/pico/pico-sdk/lib/lwip/src/core/memp.c.obj
                0x00000000100038a8                memp_malloc
 .text.memp_free
                0x00000000100038e8       0x38 CMakeFiles/main.dir/Users/luke/Source/pico/pico-sdk/lib/lwip/src/core/memp.c.obj
                0x00000000100038e8                memp_free
 .text.netif_do_set_ipaddr.isra.0
                0x0000000010003920       0x60 CMakeFiles/main.dir/Users/luke/Source/pico/pico-sdk/lib/lwip/src/core/netif.c.obj
 .text.netif_init
                0x0000000010003980        0x4 CMakeFiles/main.dir/Users/luke/Source/pico/pico-sdk/lib/lwip/src/core/netif.c.obj
                0x0000000010003980                netif_init
 .text.netif_set_addr
                0x0000000010003984       0xb4 CMakeFiles/main.dir/Users/luke/Source/pico/pico-sdk/lib/lwip/src/core/netif.c.obj
                0x0000000010003984                netif_set_addr
 .text.netif_remove
                0x0000000010003a38       0x94 CMakeFiles/main.dir/Users/luke/Source/pico/pico-sdk/lib/lwip/src/core/netif.c.obj
                0x0000000010003a38                netif_remove
 .text.netif_set_link_up
                0x0000000010003acc       0x44 CMakeFiles/main.dir/Users/luke/Source/pico/pico-sdk/lib/lwip/src/core/netif.c.obj
                0x0000000010003acc                netif_set_link_up
 .text.netif_set_link_down
                0x0000000010003b10       0x20 CMakeFiles/main.dir/Users/luke/Source/pico/pico-sdk/lib/lwip/src/core/netif.c.obj
                0x0000000010003b10                netif_set_link_down
 .text.netif_get_by_index
                0x0000000010003b30       0x2c CMakeFiles/main.dir/Users/luke/Source/pico/pico-sdk/lib/lwip/src/core/netif.c.obj
                0x0000000010003b30                netif_get_by_index
 .text.pbuf_free.part.0
                0x0000000010003b5c       0x7c CMakeFiles/main.dir/Users/luke/Source/pico/pico-sdk/lib/lwip/src/core/pbuf.c.obj
 .text.pbuf_free_ooseq
                0x0000000010003bd8       0x34 CMakeFiles/main.dir/Users/luke/Source/pico/pico-sdk/lib/lwip/src/core/pbuf.c.obj
                0x0000000010003bd8                pbuf_free_ooseq
 .text.pbuf_alloc
                0x0000000010003c0c      0x13c CMakeFiles/main.dir/Users/luke/Source/pico/pico-sdk/lib/lwip/src/core/pbuf.c.obj
                0x0000000010003c0c                pbuf_alloc
 .text.pbuf_realloc
                0x0000000010003d48       0x84 CMakeFiles/main.dir/Users/luke/Source/pico/pico-sdk/lib/lwip/src/core/pbuf.c.obj
                0x0000000010003d48                pbuf_realloc
 .text.pbuf_add_header
                0x0000000010003dcc       0x50 CMakeFiles/main.dir/Users/luke/Source/pico/pico-sdk/lib/lwip/src/core/pbuf.c.obj
                0x0000000010003dcc                pbuf_add_header
 .text.pbuf_free
                0x0000000010003e1c       0x18 CMakeFiles/main.dir/Users/luke/Source/pico/pico-sdk/lib/lwip/src/core/pbuf.c.obj
                0x0000000010003e1c                pbuf_free
 .text.pbuf_clen
                0x0000000010003e34       0x14 CMakeFiles/main.dir/Users/luke/Source/pico/pico-sdk/lib/lwip/src/core/pbuf.c.obj
                0x0000000010003e34                pbuf_clen
 .text.pbuf_chain
                0x0000000010003e48       0x64 CMakeFiles/main.dir/Users/luke/Source/pico/pico-sdk/lib/lwip/src/core/pbuf.c.obj
                0x0000000010003e48                pbuf_chain
 .text.pbuf_copy_partial_pbuf
                0x0000000010003eac      0x130 CMakeFiles/main.dir/Users/luke/Source/pico/pico-sdk/lib/lwip/src/core/pbuf.c.obj
                0x0000000010003eac                pbuf_copy_partial_pbuf
 .text.pbuf_copy_partial
                0x0000000010003fdc       0x68 CMakeFiles/main.dir/Users/luke/Source/pico/pico-sdk/lib/lwip/src/core/pbuf.c.obj
                0x0000000010003fdc                pbuf_copy_partial
 .text.pbuf_take
                0x0000000010004044       0x78 CMakeFiles/main.dir/Users/luke/Source/pico/pico-sdk/lib/lwip/src/core/pbuf.c.obj
                0x0000000010004044                pbuf_take
 .text.pbuf_take_at
                0x00000000100040bc       0xcc CMakeFiles/main.dir/Users/luke/Source/pico/pico-sdk/lib/lwip/src/core/pbuf.c.obj
                0x00000000100040bc                pbuf_take_at
 .text.pbuf_put_at
                0x0000000010004188       0x1c CMakeFiles/main.dir/Users/luke/Source/pico/pico-sdk/lib/lwip/src/core/pbuf.c.obj
                0x0000000010004188                pbuf_put_at
 .text.raw_netif_ip_addr_changed
                0x00000000100041a4       0x40 CMakeFiles/main.dir/Users/luke/Source/pico/pico-sdk/lib/lwip/src/core/raw.c.obj
                0x00000000100041a4                raw_netif_ip_addr_changed
 .text.stats_init
                0x00000000100041e4        0x4 CMakeFiles/main.dir/Users/luke/Source/pico/pico-sdk/lib/lwip/src/core/stats.c.obj
                0x00000000100041e4                stats_init
 .text.tcp_close_shutdown_fin
                0x00000000100041e8       0x58 CMakeFiles/main.dir/Users/luke/Source/pico/pico-sdk/lib/lwip/src/core/tcp.c.obj
 .text.tcp_pcb_purge.part.0
                0x0000000010004240       0xc4 CMakeFiles/main.dir/Users/luke/Source/pico/pico-sdk/lib/lwip/src/core/tcp.c.obj
 .text.tcp_init
                0x0000000010004304       0x20 CMakeFiles/main.dir/Users/luke/Source/pico/pico-sdk/lib/lwip/src/core/tcp.c.obj
                0x0000000010004304                tcp_init
 .text.tcp_recved
                0x0000000010004324       0x98 CMakeFiles/main.dir/Users/luke/Source/pico/pico-sdk/lib/lwip/src/core/tcp.c.obj
                0x0000000010004324                tcp_recved
 .text.tcp_slowtmr
                0x00000000100043bc      0x534 CMakeFiles/main.dir/Users/luke/Source/pico/pico-sdk/lib/lwip/src/core/tcp.c.obj
                0x00000000100043bc                tcp_slowtmr
 .text.tcp_seg_free
                0x00000000100048f0       0x1c CMakeFiles/main.dir/Users/luke/Source/pico/pico-sdk/lib/lwip/src/core/tcp.c.obj
                0x00000000100048f0                tcp_seg_free
 .text.tcp_pcb_remove
                0x000000001000490c       0xc8 CMakeFiles/main.dir/Users/luke/Source/pico/pico-sdk/lib/lwip/src/core/tcp.c.obj
                0x000000001000490c                tcp_pcb_remove
 .text.tcp_abandon
                0x00000000100049d4      0x1a4 CMakeFiles/main.dir/Users/luke/Source/pico/pico-sdk/lib/lwip/src/core/tcp.c.obj
                0x00000000100049d4                tcp_abandon
 .text.tcp_process_refused_data
                0x0000000010004b78       0x78 CMakeFiles/main.dir/Users/luke/Source/pico/pico-sdk/lib/lwip/src/core/tcp.c.obj
                0x0000000010004b78                tcp_process_refused_data
 .text.tcp_fasttmr
                0x0000000010004bf0       0x98 CMakeFiles/main.dir/Users/luke/Source/pico/pico-sdk/lib/lwip/src/core/tcp.c.obj
                0x0000000010004bf0                tcp_fasttmr
 .text.tcp_tmr  0x0000000010004c88       0x20 CMakeFiles/main.dir/Users/luke/Source/pico/pico-sdk/lib/lwip/src/core/tcp.c.obj
                0x0000000010004c88                tcp_tmr
 .text.tcp_eff_send_mss_netif
                0x0000000010004ca8       0x34 CMakeFiles/main.dir/Users/luke/Source/pico/pico-sdk/lib/lwip/src/core/tcp.c.obj
                0x0000000010004ca8                tcp_eff_send_mss_netif
 .text.tcp_netif_ip_addr_changed
                0x0000000010004cdc       0x9c CMakeFiles/main.dir/Users/luke/Source/pico/pico-sdk/lib/lwip/src/core/tcp.c.obj
                0x0000000010004cdc                tcp_netif_ip_addr_changed
 .text.tcp_free_ooseq
                0x0000000010004d78       0x40 CMakeFiles/main.dir/Users/luke/Source/pico/pico-sdk/lib/lwip/src/core/tcp.c.obj
                0x0000000010004d78                tcp_free_ooseq
 .text.tcp_create_segment
                0x0000000010004db8       0xf8 CMakeFiles/main.dir/Users/luke/Source/pico/pico-sdk/lib/lwip/src/core/tcp_out.c.obj
 .text.tcp_output_control_segment
                0x0000000010004eb0       0xc0 CMakeFiles/main.dir/Users/luke/Source/pico/pico-sdk/lib/lwip/src/core/tcp_out.c.obj
 .text.tcp_output_alloc_header.constprop.0
                0x0000000010004f70       0xc8 CMakeFiles/main.dir/Users/luke/Source/pico/pico-sdk/lib/lwip/src/core/tcp_out.c.obj
 .text.tcp_split_unsent_seg
                0x0000000010005038      0x1b4 CMakeFiles/main.dir/Users/luke/Source/pico/pico-sdk/lib/lwip/src/core/tcp_out.c.obj
                0x0000000010005038                tcp_split_unsent_seg
 .text.tcp_send_fin
                0x00000000100051ec      0x118 CMakeFiles/main.dir/Users/luke/Source/pico/pico-sdk/lib/lwip/src/core/tcp_out.c.obj
                0x00000000100051ec                tcp_send_fin
 .text.tcp_rexmit_rto_prepare
                0x0000000010005304       0x9c CMakeFiles/main.dir/Users/luke/Source/pico/pico-sdk/lib/lwip/src/core/tcp_out.c.obj
                0x0000000010005304                tcp_rexmit_rto_prepare
 .text.tcp_rst  0x00000000100053a0       0xe8 CMakeFiles/main.dir/Users/luke/Source/pico/pico-sdk/lib/lwip/src/core/tcp_out.c.obj
                0x00000000100053a0                tcp_rst
 .text.tcp_send_empty_ack
                0x0000000010005488       0x4c CMakeFiles/main.dir/Users/luke/Source/pico/pico-sdk/lib/lwip/src/core/tcp_out.c.obj
                0x0000000010005488                tcp_send_empty_ack
 .text.tcp_output
                0x00000000100054d4      0x458 CMakeFiles/main.dir/Users/luke/Source/pico/pico-sdk/lib/lwip/src/core/tcp_out.c.obj
                0x00000000100054d4                tcp_output
 .text.tcp_rexmit_rto_commit
                0x000000001000592c       0x24 CMakeFiles/main.dir/Users/luke/Source/pico/pico-sdk/lib/lwip/src/core/tcp_out.c.obj
                0x000000001000592c                tcp_rexmit_rto_commit
 .text.tcp_keepalive
                0x0000000010005950       0xdc CMakeFiles/main.dir/Users/luke/Source/pico/pico-sdk/lib/lwip/src/core/tcp_out.c.obj
                0x0000000010005950                tcp_keepalive
 .text.tcp_zero_window_probe
                0x0000000010005a2c      0x110 CMakeFiles/main.dir/Users/luke/Source/pico/pico-sdk/lib/lwip/src/core/tcp_out.c.obj
                0x0000000010005a2c                tcp_zero_window_probe
 .text.lwip_cyclic_timer
                0x0000000010005b3c       0x98 CMakeFiles/main.dir/Users/luke/Source/pico/pico-sdk/lib/lwip/src/core/timeouts.c.obj
 .text.sys_timeouts_init
                0x0000000010005bd4       0x8c CMakeFiles/main.dir/Users/luke/Source/pico/pico-sdk/lib/lwip/src/core/timeouts.c.obj
                0x0000000010005bd4                sys_timeouts_init
 .text.sys_check_timeouts
                0x0000000010005c60       0x68 CMakeFiles/main.dir/Users/luke/Source/pico/pico-sdk/lib/lwip/src/core/timeouts.c.obj
                0x0000000010005c60                sys_check_timeouts
 .text.sys_timeouts_sleeptime
                0x0000000010005cc8       0x28 CMakeFiles/main.dir/Users/luke/Source/pico/pico-sdk/lib/lwip/src/core/timeouts.c.obj
                0x0000000010005cc8                sys_timeouts_sleeptime
 .text.udp_init
                0x0000000010005cf0       0x20 CMakeFiles/main.dir/Users/luke/Source/pico/pico-sdk/lib/lwip/src/core/udp.c.obj
                0x0000000010005cf0                udp_init
 .text.udp_bind
                0x0000000010005d10      0x108 CMakeFiles/main.dir/Users/luke/Source/pico/pico-sdk/lib/lwip/src/core/udp.c.obj
                0x0000000010005d10                udp_bind
 .text.udp_sendto_if_src
                0x0000000010005e18      0x130 CMakeFiles/main.dir/Users/luke/Source/pico/pico-sdk/lib/lwip/src/core/udp.c.obj
                0x0000000010005e18                udp_sendto_if_src
 .text.udp_sendto_if
                0x0000000010005f48       0x48 CMakeFiles/main.dir/Users/luke/Source/pico/pico-sdk/lib/lwip/src/core/udp.c.obj
                0x0000000010005f48                udp_sendto_if
 .text.udp_sendto
                0x0000000010005f90       0x78 CMakeFiles/main.dir/Users/luke/Source/pico/pico-sdk/lib/lwip/src/core/udp.c.obj
                0x0000000010005f90                udp_sendto
 .text.udp_connect
                0x0000000010006008       0x60 CMakeFiles/main.dir/Users/luke/Source/pico/pico-sdk/lib/lwip/src/core/udp.c.obj
                0x0000000010006008                udp_connect
 .text.udp_recv
                0x0000000010006068        0xc CMakeFiles/main.dir/Users/luke/Source/pico/pico-sdk/lib/lwip/src/core/udp.c.obj
                0x0000000010006068                udp_recv
 .text.udp_remove
                0x0000000010006074       0x3c CMakeFiles/main.dir/Users/luke/Source/pico/pico-sdk/lib/lwip/src/core/udp.c.obj
                0x0000000010006074                udp_remove
 .text.udp_new  0x00000000100060b0       0x1c CMakeFiles/main.dir/Users/luke/Source/pico/pico-sdk/lib/lwip/src/core/udp.c.obj
                0x00000000100060b0                udp_new
 .text.udp_netif_ip_addr_changed
                0x00000000100060cc       0x40 CMakeFiles/main.dir/Users/luke/Source/pico/pico-sdk/lib/lwip/src/core/udp.c.obj
                0x00000000100060cc                udp_netif_ip_addr_changed
 .text.dhcp_create_msg
                0x000000001000610c      0x164 CMakeFiles/main.dir/Users/luke/Source/pico/pico-sdk/lib/lwip/src/core/ipv4/dhcp.c.obj
 .text.dhcp_inc_pcb_refcount
                0x0000000010006270       0x6c CMakeFiles/main.dir/Users/luke/Source/pico/pico-sdk/lib/lwip/src/core/ipv4/dhcp.c.obj
 .text.dhcp_bind
                0x00000000100062dc      0x154 CMakeFiles/main.dir/Users/luke/Source/pico/pico-sdk/lib/lwip/src/core/ipv4/dhcp.c.obj
 .text.dhcp_option_hostname.isra.0
                0x0000000010006430       0x88 CMakeFiles/main.dir/Users/luke/Source/pico/pico-sdk/lib/lwip/src/core/ipv4/dhcp.c.obj
 .text.dhcp_handle_ack.isra.0
                0x00000000100064b8       0xcc CMakeFiles/main.dir/Users/luke/Source/pico/pico-sdk/lib/lwip/src/core/ipv4/dhcp.c.obj
 .text.dhcp_reboot.isra.0
                0x0000000010006584      0x178 CMakeFiles/main.dir/Users/luke/Source/pico/pico-sdk/lib/lwip/src/core/ipv4/dhcp.c.obj
 .text.dhcp_discover
                0x00000000100066fc      0x140 CMakeFiles/main.dir/Users/luke/Source/pico/pico-sdk/lib/lwip/src/core/ipv4/dhcp.c.obj
 .text.dhcp_select.isra.0
                0x000000001000683c      0x1e0 CMakeFiles/main.dir/Users/luke/Source/pico/pico-sdk/lib/lwip/src/core/ipv4/dhcp.c.obj
 .text.dhcp_recv
                0x0000000010006a1c      0x480 CMakeFiles/main.dir/Users/luke/Source/pico/pico-sdk/lib/lwip/src/core/ipv4/dhcp.c.obj
 .text.dhcp_network_changed_link_up
                0x0000000010006e9c       0x40 CMakeFiles/main.dir/Users/luke/Source/pico/pico-sdk/lib/lwip/src/core/ipv4/dhcp.c.obj
                0x0000000010006e9c                dhcp_network_changed_link_up
 .text.dhcp_renew
                0x0000000010006edc      0x138 CMakeFiles/main.dir/Users/luke/Source/pico/pico-sdk/lib/lwip/src/core/ipv4/dhcp.c.obj
                0x0000000010006edc                dhcp_renew
 .text.dhcp_release_and_stop
                0x0000000010007014      0x158 CMakeFiles/main.dir/Users/luke/Source/pico/pico-sdk/lib/lwip/src/core/ipv4/dhcp.c.obj
                0x0000000010007014                dhcp_release_and_stop
 .text.dhcp_start
                0x000000001000716c       0xb0 CMakeFiles/main.dir/Users/luke/Source/pico/pico-sdk/lib/lwip/src/core/ipv4/dhcp.c.obj
                0x000000001000716c                dhcp_start
 .text.dhcp_coarse_tmr
                0x000000001000721c      0x1d4 CMakeFiles/main.dir/Users/luke/Source/pico/pico-sdk/lib/lwip/src/core/ipv4/dhcp.c.obj
                0x000000001000721c                dhcp_coarse_tmr
 .text.dhcp_fine_tmr
                0x00000000100073f0       0x78 CMakeFiles/main.dir/Users/luke/Source/pico/pico-sdk/lib/lwip/src/core/ipv4/dhcp.c.obj
                0x00000000100073f0                dhcp_fine_tmr
 .text.dhcp_stop
                0x0000000010007468      0x158 CMakeFiles/main.dir/Users/luke/Source/pico/pico-sdk/lib/lwip/src/core/ipv4/dhcp.c.obj
                0x0000000010007468                dhcp_stop
 .text.etharp_raw
                0x00000000100075c0       0xec CMakeFiles/main.dir/Users/luke/Source/pico/pico-sdk/lib/lwip/src/core/ipv4/etharp.c.obj
 .text.etharp_tmr
                0x00000000100076ac       0x94 CMakeFiles/main.dir/Users/luke/Source/pico/pico-sdk/lib/lwip/src/core/ipv4/etharp.c.obj
                0x00000000100076ac                etharp_tmr
 .text.etharp_cleanup_netif
                0x0000000010007740      0x188 CMakeFiles/main.dir/Users/luke/Source/pico/pico-sdk/lib/lwip/src/core/ipv4/etharp.c.obj
                0x0000000010007740                etharp_cleanup_netif
 .text.etharp_request
                0x00000000100078c8       0x2c CMakeFiles/main.dir/Users/luke/Source/pico/pico-sdk/lib/lwip/src/core/ipv4/etharp.c.obj
                0x00000000100078c8                etharp_request
 .text.icmp_time_exceeded
                0x00000000100078f4       0xcc CMakeFiles/main.dir/Users/luke/Source/pico/pico-sdk/lib/lwip/src/core/ipv4/icmp.c.obj
                0x00000000100078f4                icmp_time_exceeded
 .text.ip_reass_free_complete_datagram
                0x00000000100079c0      0x11c CMakeFiles/main.dir/Users/luke/Source/pico/pico-sdk/lib/lwip/src/core/ipv4/ip4_frag.c.obj
 .text.ip_reass_tmr
                0x0000000010007adc       0x38 CMakeFiles/main.dir/Users/luke/Source/pico/pico-sdk/lib/lwip/src/core/ipv4/ip4_frag.c.obj
                0x0000000010007adc                ip_reass_tmr
 .text.ip4_frag
                0x0000000010007b14      0x184 CMakeFiles/main.dir/Users/luke/Source/pico/pico-sdk/lib/lwip/src/core/ipv4/ip4_frag.c.obj
                0x0000000010007b14                ip4_frag
 .text.ip4_route
                0x0000000010007c98       0x7c CMakeFiles/main.dir/Users/luke/Source/pico/pico-sdk/lib/lwip/src/core/ipv4/ip4.c.obj
                0x0000000010007c98                ip4_route
 .text.ip4_output_if
                0x0000000010007d14      0x188 CMakeFiles/main.dir/Users/luke/Source/pico/pico-sdk/lib/lwip/src/core/ipv4/ip4.c.obj
                0x0000000010007d14                ip4_output_if
 .text.ip4_output_if_src
                0x0000000010007e9c      0x180 CMakeFiles/main.dir/Users/luke/Source/pico/pico-sdk/lib/lwip/src/core/ipv4/ip4.c.obj
                0x0000000010007e9c                ip4_output_if_src
 .text.ethernet_output
                0x000000001000801c       0x6c CMakeFiles/main.dir/Users/luke/Source/pico/pico-sdk/lib/lwip/src/netif/ethernet.c.obj
                0x000000001000801c                ethernet_output
 .text.cyw43_arch_set_async_context
                0x0000000010008088        0xc CMakeFiles/main.dir/Users/luke/Source/pico/pico-sdk/src/rp2_common/pico_cyw43_arch/cyw43_arch.c.obj
                0x0000000010008088                cyw43_arch_set_async_context
 .text.cyw43_arch_gpio_put
                0x0000000010008094       0x14 CMakeFiles/main.dir/Users/luke/Source/pico/pico-sdk/src/rp2_common/pico_cyw43_arch/cyw43_arch.c.obj
                0x0000000010008094                cyw43_arch_gpio_put
 .text.cyw43_arch_async_context
                0x00000000100080a8        0xc CMakeFiles/main.dir/Users/luke/Source/pico/pico-sdk/src/rp2_common/pico_cyw43_arch/cyw43_arch.c.obj
                0x00000000100080a8                cyw43_arch_async_context
 .text.cyw43_arch_init
                0x00000000100080b4       0x74 CMakeFiles/main.dir/Users/luke/Source/pico/pico-sdk/src/rp2_common/pico_cyw43_arch/cyw43_arch_threadsafe_background.c.obj
                0x00000000100080b4                cyw43_arch_init
 .text.ns_delay.constprop.0
                0x0000000010008128       0x20 CMakeFiles/main.dir/Users/luke/Source/pico/pico-sdk/src/rp2_common/pico_cyw43_driver/cyw43_bus_pio_spi.c.obj
 .text.cyw43_spi_init
                0x0000000010008148      0x1b4 CMakeFiles/main.dir/Users/luke/Source/pico/pico-sdk/src/rp2_common/pico_cyw43_driver/cyw43_bus_pio_spi.c.obj
                0x0000000010008148                cyw43_spi_init
 .text.cyw43_spi_deinit
                0x00000000100082fc       0x6c CMakeFiles/main.dir/Users/luke/Source/pico/pico-sdk/src/rp2_common/pico_cyw43_driver/cyw43_bus_pio_spi.c.obj
                0x00000000100082fc                cyw43_spi_deinit
 .text.cyw43_spi_transfer
                0x0000000010008368      0x3dc CMakeFiles/main.dir/Users/luke/Source/pico/pico-sdk/src/rp2_common/pico_cyw43_driver/cyw43_bus_pio_spi.c.obj
                0x0000000010008368                cyw43_spi_transfer
 .text.cyw43_spi_gpio_setup
                0x0000000010008744       0x3c CMakeFiles/main.dir/Users/luke/Source/pico/pico-sdk/src/rp2_common/pico_cyw43_driver/cyw43_bus_pio_spi.c.obj
                0x0000000010008744                cyw43_spi_gpio_setup
 .text.cyw43_spi_reset
                0x0000000010008780       0x28 CMakeFiles/main.dir/Users/luke/Source/pico/pico-sdk/src/rp2_common/pico_cyw43_driver/cyw43_bus_pio_spi.c.obj
                0x0000000010008780                cyw43_spi_reset
 .text.read_reg_u32_swap
                0x00000000100087a8       0x3c CMakeFiles/main.dir/Users/luke/Source/pico/pico-sdk/src/rp2_common/pico_cyw43_driver/cyw43_bus_pio_spi.c.obj
                0x00000000100087a8                read_reg_u32_swap
 .text.cyw43_read_reg_u32
                0x00000000100087e4       0x50 CMakeFiles/main.dir/Users/luke/Source/pico/pico-sdk/src/rp2_common/pico_cyw43_driver/cyw43_bus_pio_spi.c.obj
                0x00000000100087e4                cyw43_read_reg_u32
 .text.cyw43_read_reg_u16
                0x0000000010008834       0x50 CMakeFiles/main.dir/Users/luke/Source/pico/pico-sdk/src/rp2_common/pico_cyw43_driver/cyw43_bus_pio_spi.c.obj
                0x0000000010008834                cyw43_read_reg_u16
 .text.cyw43_read_reg_u8
                0x0000000010008884       0x50 CMakeFiles/main.dir/Users/luke/Source/pico/pico-sdk/src/rp2_common/pico_cyw43_driver/cyw43_bus_pio_spi.c.obj
                0x0000000010008884                cyw43_read_reg_u8
 .text.write_reg_u32_swap
                0x00000000100088d4      0x1e8 CMakeFiles/main.dir/Users/luke/Source/pico/pico-sdk/src/rp2_common/pico_cyw43_driver/cyw43_bus_pio_spi.c.obj
                0x00000000100088d4                write_reg_u32_swap
 .text.cyw43_write_reg_u32
                0x0000000010008abc      0x208 CMakeFiles/main.dir/Users/luke/Source/pico/pico-sdk/src/rp2_common/pico_cyw43_driver/cyw43_bus_pio_spi.c.obj
                0x0000000010008abc                cyw43_write_reg_u32
 .text.cyw43_write_reg_u16
                0x0000000010008cc4      0x208 CMakeFiles/main.dir/Users/luke/Source/pico/pico-sdk/src/rp2_common/pico_cyw43_driver/cyw43_bus_pio_spi.c.obj
                0x0000000010008cc4                cyw43_write_reg_u16
 .text.cyw43_write_reg_u8
                0x0000000010008ecc      0x208 CMakeFiles/main.dir/Users/luke/Source/pico/pico-sdk/src/rp2_common/pico_cyw43_driver/cyw43_bus_pio_spi.c.obj
                0x0000000010008ecc                cyw43_write_reg_u8
 .text.cyw43_read_bytes
                0x00000000100090d4       0x7c CMakeFiles/main.dir/Users/luke/Source/pico/pico-sdk/src/rp2_common/pico_cyw43_driver/cyw43_bus_pio_spi.c.obj
                0x00000000100090d4                cyw43_read_bytes
 .text.cyw43_write_bytes
                0x0000000010009150       0xcc CMakeFiles/main.dir/Users/luke/Source/pico/pico-sdk/src/rp2_common/pico_cyw43_driver/cyw43_bus_pio_spi.c.obj
                0x0000000010009150                cyw43_write_bytes
 .text.cyw43_set_backplane_window
                0x000000001000921c       0x68 CMakeFiles/main.dir/Users/luke/Source/pico/pico-sdk/lib/cyw43-driver/src/cyw43_ll.c.obj
 .text.cyw43_ll_parse_async_event
                0x0000000010009284      0x134 CMakeFiles/main.dir/Users/luke/Source/pico/pico-sdk/lib/cyw43-driver/src/cyw43_ll.c.obj
 .text.cyw43_kso_set
                0x00000000100093b8       0x80 CMakeFiles/main.dir/Users/luke/Source/pico/pico-sdk/lib/cyw43-driver/src/cyw43_ll.c.obj
 .text.cyw43_ll_sdpcm_poll_device
                0x0000000010009438      0x240 CMakeFiles/main.dir/Users/luke/Source/pico/pico-sdk/lib/cyw43-driver/src/cyw43_ll.c.obj
 .text.cyw43_sdpcm_send_common
                0x0000000010009678       0xf4 CMakeFiles/main.dir/Users/luke/Source/pico/pico-sdk/lib/cyw43-driver/src/cyw43_ll.c.obj
 .text.cyw43_do_ioctl
                0x000000001000976c      0x110 CMakeFiles/main.dir/Users/luke/Source/pico/pico-sdk/lib/cyw43-driver/src/cyw43_ll.c.obj
 .text.cyw43_do_ioctl.constprop.0
                0x000000001000987c      0x108 CMakeFiles/main.dir/Users/luke/Source/pico/pico-sdk/lib/cyw43-driver/src/cyw43_ll.c.obj
 .text.reset_device_core.constprop.0
                0x0000000010009984      0x410 CMakeFiles/main.dir/Users/luke/Source/pico/pico-sdk/lib/cyw43-driver/src/cyw43_ll.c.obj
 .text.cyw43_ll_init
                0x0000000010009d94       0x18 CMakeFiles/main.dir/Users/luke/Source/pico/pico-sdk/lib/cyw43-driver/src/cyw43_ll.c.obj
                0x0000000010009d94                cyw43_ll_init
 .text.cyw43_ll_deinit
                0x0000000010009dac        0x8 CMakeFiles/main.dir/Users/luke/Source/pico/pico-sdk/lib/cyw43-driver/src/cyw43_ll.c.obj
                0x0000000010009dac                cyw43_ll_deinit
 .text.cyw43_ll_process_packets
                0x0000000010009db4       0x68 CMakeFiles/main.dir/Users/luke/Source/pico/pico-sdk/lib/cyw43-driver/src/cyw43_ll.c.obj
                0x0000000010009db4                cyw43_ll_process_packets
 .text.cyw43_ll_ioctl
                0x0000000010009e1c       0x20 CMakeFiles/main.dir/Users/luke/Source/pico/pico-sdk/lib/cyw43-driver/src/cyw43_ll.c.obj
                0x0000000010009e1c                cyw43_ll_ioctl
 .text.cyw43_ll_bus_sleep
                0x0000000010009e3c       0x34 CMakeFiles/main.dir/Users/luke/Source/pico/pico-sdk/lib/cyw43-driver/src/cyw43_ll.c.obj
                0x0000000010009e3c                cyw43_ll_bus_sleep
 .text.cyw43_ll_bus_init
                0x0000000010009e70      0xcb8 CMakeFiles/main.dir/Users/luke/Source/pico/pico-sdk/lib/cyw43-driver/src/cyw43_ll.c.obj
                0x0000000010009e70                cyw43_ll_bus_init
 .text.cyw43_ll_wifi_get_mac
                0x000000001000ab28       0x40 CMakeFiles/main.dir/Users/luke/Source/pico/pico-sdk/lib/cyw43-driver/src/cyw43_ll.c.obj
                0x000000001000ab28                cyw43_ll_wifi_get_mac
 .text.cyw43_ll_wifi_set_wpa_auth
                0x000000001000ab68       0x2c CMakeFiles/main.dir/Users/luke/Source/pico/pico-sdk/lib/cyw43-driver/src/cyw43_ll.c.obj
                0x000000001000ab68                cyw43_ll_wifi_set_wpa_auth
 .text.cyw43_ll_wifi_rejoin
                0x000000001000ab94       0x1c CMakeFiles/main.dir/Users/luke/Source/pico/pico-sdk/lib/cyw43-driver/src/cyw43_ll.c.obj
                0x000000001000ab94                cyw43_ll_wifi_rejoin
 .text.cyw43_ll_gpio_set
                0x000000001000abb0       0x6c CMakeFiles/main.dir/Users/luke/Source/pico/pico-sdk/lib/cyw43-driver/src/cyw43_ll.c.obj
                0x000000001000abb0                cyw43_ll_gpio_set
 .text.cyw43_ll_has_work
                0x000000001000ac1c       0x14 CMakeFiles/main.dir/Users/luke/Source/pico/pico-sdk/lib/cyw43-driver/src/cyw43_ll.c.obj
                0x000000001000ac1c                cyw43_ll_has_work
 .text.cyw43_cb_tcpip_deinit
                0x000000001000ac30       0x4c CMakeFiles/main.dir/Users/luke/Source/pico/pico-sdk/lib/cyw43-driver/src/cyw43_lwip.c.obj
                0x000000001000ac30                cyw43_cb_tcpip_deinit
 .text.cyw43_cb_process_ethernet
                0x000000001000ac7c       0x6c CMakeFiles/main.dir/Users/luke/Source/pico/pico-sdk/lib/cyw43-driver/src/cyw43_lwip.c.obj
                0x000000001000ac7c                cyw43_cb_process_ethernet
 .text.cyw43_cb_tcpip_set_link_up
                0x000000001000ace8       0x18 CMakeFiles/main.dir/Users/luke/Source/pico/pico-sdk/lib/cyw43-driver/src/cyw43_lwip.c.obj
                0x000000001000ace8                cyw43_cb_tcpip_set_link_up
 .text.cyw43_cb_tcpip_set_link_down
                0x000000001000ad00       0x18 CMakeFiles/main.dir/Users/luke/Source/pico/pico-sdk/lib/cyw43-driver/src/cyw43_lwip.c.obj
                0x000000001000ad00                cyw43_cb_tcpip_set_link_down
 .text.cyw43_poll_func
                0x000000001000ad18       0xbc CMakeFiles/main.dir/Users/luke/Source/pico/pico-sdk/lib/cyw43-driver/src/cyw43_ctrl.c.obj
 .text.cyw43_init
                0x000000001000add4       0x70 CMakeFiles/main.dir/Users/luke/Source/pico/pico-sdk/lib/cyw43-driver/src/cyw43_ctrl.c.obj
                0x000000001000add4                cyw43_init
 .text.cyw43_deinit
                0x000000001000ae44       0x94 CMakeFiles/main.dir/Users/luke/Source/pico/pico-sdk/lib/cyw43-driver/src/cyw43_ctrl.c.obj
                0x000000001000ae44                cyw43_deinit
 .text.cyw43_cb_read_host_interrupt_pin
                0x000000001000aed8        0xc CMakeFiles/main.dir/Users/luke/Source/pico/pico-sdk/lib/cyw43-driver/src/cyw43_ctrl.c.obj
                0x000000001000aed8                cyw43_cb_read_host_interrupt_pin
 .text.cyw43_cb_ensure_awake
                0x000000001000aee4        0xc CMakeFiles/main.dir/Users/luke/Source/pico/pico-sdk/lib/cyw43-driver/src/cyw43_ctrl.c.obj
                0x000000001000aee4                cyw43_cb_ensure_awake
 .text.cyw43_cb_process_async_event
                0x000000001000aef0      0x22c CMakeFiles/main.dir/Users/luke/Source/pico/pico-sdk/lib/cyw43-driver/src/cyw43_ctrl.c.obj
                0x000000001000aef0                cyw43_cb_process_async_event
 .text.cyw43_gpio_set
                0x000000001000b11c       0xa4 CMakeFiles/main.dir/Users/luke/Source/pico/pico-sdk/lib/cyw43-driver/src/cyw43_ctrl.c.obj
                0x000000001000b11c                cyw43_gpio_set
 .text.pio_sm_unclaim
                0x000000001000b1c0       0x20 CMakeFiles/main.dir/Users/luke/Source/pico/pico-sdk/src/rp2_common/hardware_pio/pio.c.obj
                0x000000001000b1c0                pio_sm_unclaim
 .text.pio_claim_unused_sm
                0x000000001000b1e0       0x3c CMakeFiles/main.dir/Users/luke/Source/pico/pico-sdk/src/rp2_common/hardware_pio/pio.c.obj
                0x000000001000b1e0                pio_claim_unused_sm
 .text.pio_can_add_program
                0x000000001000b21c       0x68 CMakeFiles/main.dir/Users/luke/Source/pico/pico-sdk/src/rp2_common/hardware_pio/pio.c.obj
                0x000000001000b21c                pio_can_add_program
 .text.pio_add_program
                0x000000001000b284       0xf0 CMakeFiles/main.dir/Users/luke/Source/pico/pico-sdk/src/rp2_common/hardware_pio/pio.c.obj
                0x000000001000b284                pio_add_program
 .text.pio_remove_program
                0x000000001000b374       0x34 CMakeFiles/main.dir/Users/luke/Source/pico/pico-sdk/src/rp2_common/hardware_pio/pio.c.obj
                0x000000001000b374                pio_remove_program
 .text.pio_sm_set_pindirs_with_mask
                0x000000001000b3a8       0xa8 CMakeFiles/main.dir/Users/luke/Source/pico/pico-sdk/src/rp2_common/hardware_pio/pio.c.obj
                0x000000001000b3a8                pio_sm_set_pindirs_with_mask
 .text.pio_sm_set_consecutive_pindirs
                0x000000001000b450       0xa8 CMakeFiles/main.dir/Users/luke/Source/pico/pico-sdk/src/rp2_common/hardware_pio/pio.c.obj
                0x000000001000b450                pio_sm_set_consecutive_pindirs
 .text.dma_channel_unclaim
                0x000000001000b4f8       0x14 CMakeFiles/main.dir/Users/luke/Source/pico/pico-sdk/src/rp2_common/hardware_dma/dma.c.obj
                0x000000001000b4f8                dma_channel_unclaim
 .text.dma_claim_unused_channel
                0x000000001000b50c       0x24 CMakeFiles/main.dir/Users/luke/Source/pico/pico-sdk/src/rp2_common/hardware_dma/dma.c.obj
                0x000000001000b50c                dma_claim_unused_channel
 .text.cyw43_sleep_timeout_reached
                0x000000001000b530       0x10 CMakeFiles/main.dir/Users/luke/Source/pico/pico-sdk/src/rp2_common/pico_cyw43_driver/cyw43_driver.c.obj
 .text.cyw43_irq_init
                0x000000001000b540       0x28 CMakeFiles/main.dir/Users/luke/Source/pico/pico-sdk/src/rp2_common/pico_cyw43_driver/cyw43_driver.c.obj
                0x000000001000b540                cyw43_irq_init
 .text.cyw43_irq_deinit
                0x000000001000b568       0x20 CMakeFiles/main.dir/Users/luke/Source/pico/pico-sdk/src/rp2_common/pico_cyw43_driver/cyw43_driver.c.obj
                0x000000001000b568                cyw43_irq_deinit
 .text.cyw43_gpio_irq_handler
                0x000000001000b588       0x44 CMakeFiles/main.dir/Users/luke/Source/pico/pico-sdk/src/rp2_common/pico_cyw43_driver/cyw43_driver.c.obj
 .text.cyw43_do_poll
                0x000000001000b5cc       0x70 CMakeFiles/main.dir/Users/luke/Source/pico/pico-sdk/src/rp2_common/pico_cyw43_driver/cyw43_driver.c.obj
 .text.cyw43_post_poll_hook
                0x000000001000b63c       0x10 CMakeFiles/main.dir/Users/luke/Source/pico/pico-sdk/src/rp2_common/pico_cyw43_driver/cyw43_driver.c.obj
                0x000000001000b63c                cyw43_post_poll_hook
 .text.cyw43_schedule_internal_poll_dispatch
                0x000000001000b64c       0x18 CMakeFiles/main.dir/Users/luke/Source/pico/pico-sdk/src/rp2_common/pico_cyw43_driver/cyw43_driver.c.obj
                0x000000001000b64c                cyw43_schedule_internal_poll_dispatch
 .text.cyw43_driver_init
                0x000000001000b664       0x38 CMakeFiles/main.dir/Users/luke/Source/pico/pico-sdk/src/rp2_common/pico_cyw43_driver/cyw43_driver.c.obj
                0x000000001000b664                cyw43_driver_init
 .text.cyw43_driver_deinit
                0x000000001000b69c       0x44 CMakeFiles/main.dir/Users/luke/Source/pico/pico-sdk/src/rp2_common/pico_cyw43_driver/cyw43_driver.c.obj
                0x000000001000b69c                cyw43_driver_deinit
 .text.cyw43_hal_generate_laa_mac
                0x000000001000b6e0       0x28 CMakeFiles/main.dir/Users/luke/Source/pico/pico-sdk/src/rp2_common/pico_cyw43_driver/cyw43_driver.c.obj
                0x000000001000b6e0                cyw43_hal_generate_laa_mac
 .text.cyw43_thread_enter
                0x000000001000b708       0x14 CMakeFiles/main.dir/Users/luke/Source/pico/pico-sdk/src/rp2_common/pico_cyw43_driver/cyw43_driver.c.obj
                0x000000001000b708                cyw43_thread_enter
 .text.cyw43_thread_exit
                0x000000001000b71c       0x14 CMakeFiles/main.dir/Users/luke/Source/pico/pico-sdk/src/rp2_common/pico_cyw43_driver/cyw43_driver.c.obj
                0x000000001000b71c                cyw43_thread_exit
 .text.cyw43_await_background_or_timeout_us
                0x000000001000b730       0x34 CMakeFiles/main.dir/Users/luke/Source/pico/pico-sdk/src/rp2_common/pico_cyw43_driver/cyw43_driver.c.obj
                0x000000001000b730                cyw43_await_background_or_timeout_us
 .text.cyw43_delay_ms
                0x000000001000b764       0x48 CMakeFiles/main.dir/Users/luke/Source/pico/pico-sdk/src/rp2_common/pico_cyw43_driver/cyw43_driver.c.obj
                0x000000001000b764                cyw43_delay_ms
 .text.async_context_threadsafe_background_acquire_lock_blocking
                0x000000001000b7ac        0xc CMakeFiles/main.dir/Users/luke/Source/pico/pico-sdk/src/rp2_common/pico_async_context/async_context_threadsafe_background.c.obj
 .text.alarm_handler
                0x000000001000b7b8       0x20 CMakeFiles/main.dir/Users/luke/Source/pico/pico-sdk/src/rp2_common/pico_async_context/async_context_threadsafe_background.c.obj
 .text.async_context_threadsafe_background_set_work_pending
                0x000000001000b7d8       0x1c CMakeFiles/main.dir/Users/luke/Source/pico/pico-sdk/src/rp2_common/pico_async_context/async_context_threadsafe_background.c.obj
 .text.process_under_lock
                0x000000001000b7f4       0xcc CMakeFiles/main.dir/Users/luke/Source/pico/pico-sdk/src/rp2_common/pico_async_context/async_context_threadsafe_background.c.obj
 .text.async_context_threadsafe_background_execute_sync
                0x000000001000b8c0       0x30 CMakeFiles/main.dir/Users/luke/Source/pico/pico-sdk/src/rp2_common/pico_async_context/async_context_threadsafe_background.c.obj
                0x000000001000b8c0                async_context_threadsafe_background_execute_sync
 .text.async_context_threadsafe_background_deinit
                0x000000001000b8f0       0x54 CMakeFiles/main.dir/Users/luke/Source/pico/pico-sdk/src/rp2_common/pico_async_context/async_context_threadsafe_background.c.obj
 .text.low_priority_irq_handler
                0x000000001000b944       0x3c CMakeFiles/main.dir/Users/luke/Source/pico/pico-sdk/src/rp2_common/pico_async_context/async_context_threadsafe_background.c.obj
 .text.async_context_threadsafe_background_wait_for_work_until
                0x000000001000b980        0xc CMakeFiles/main.dir/Users/luke/Source/pico/pico-sdk/src/rp2_common/pico_async_context/async_context_threadsafe_background.c.obj
 .text.async_context_threadsafe_background_wait_until
                0x000000001000b98c       0x1c CMakeFiles/main.dir/Users/luke/Source/pico/pico-sdk/src/rp2_common/pico_async_context/async_context_threadsafe_background.c.obj
 .text.async_context_threadsafe_background_lock_check
                0x000000001000b9a8       0x28 CMakeFiles/main.dir/Users/luke/Source/pico/pico-sdk/src/rp2_common/pico_async_context/async_context_threadsafe_background.c.obj
 .text.async_context_threadsafe_background_release_lock
                0x000000001000b9d0       0x1c CMakeFiles/main.dir/Users/luke/Source/pico/pico-sdk/src/rp2_common/pico_async_context/async_context_threadsafe_background.c.obj
 .text.async_context_threadsafe_background_add_at_time_worker
                0x000000001000b9ec       0x34 CMakeFiles/main.dir/Users/luke/Source/pico/pico-sdk/src/rp2_common/pico_async_context/async_context_threadsafe_background.c.obj
 .text.async_context_threadsafe_background_remove_at_time_worker
                0x000000001000ba20       0x34 CMakeFiles/main.dir/Users/luke/Source/pico/pico-sdk/src/rp2_common/pico_async_context/async_context_threadsafe_background.c.obj
 .text.async_context_threadsafe_background_add_when_pending_worker
                0x000000001000ba54       0x34 CMakeFiles/main.dir/Users/luke/Source/pico/pico-sdk/src/rp2_common/pico_async_context/async_context_threadsafe_background.c.obj
 .text.async_context_threadsafe_background_when_pending_worker
                0x000000001000ba88       0x34 CMakeFiles/main.dir/Users/luke/Source/pico/pico-sdk/src/rp2_common/pico_async_context/async_context_threadsafe_background.c.obj
 .text.async_context_threadsafe_background_default_config
                0x000000001000babc        0xc CMakeFiles/main.dir/Users/luke/Source/pico/pico-sdk/src/rp2_common/pico_async_context/async_context_threadsafe_background.c.obj
                0x000000001000babc                async_context_threadsafe_background_default_config
 .text.async_context_threadsafe_background_init
                0x000000001000bac8       0x8c CMakeFiles/main.dir/Users/luke/Source/pico/pico-sdk/src/rp2_common/pico_async_context/async_context_threadsafe_background.c.obj
                0x000000001000bac8                async_context_threadsafe_background_init
 .text.uart_init
                0x000000001000bb54       0xe0 CMakeFiles/main.dir/Users/luke/Source/pico/pico-sdk/src/rp2_common/hardware_uart/uart.c.obj
                0x000000001000bb54                uart_init
 .text.runtime_init
                0x000000001000bc34       0xf0 CMakeFiles/main.dir/Users/luke/Source/pico/pico-sdk/src/rp2_common/pico_runtime/runtime.c.obj
                0x000000001000bc34                runtime_init
 .text._exit    0x000000001000bd24        0x4 CMakeFiles/main.dir/Users/luke/Source/pico/pico-sdk/src/rp2_common/pico_runtime/runtime.c.obj
                0x000000001000bd24                _exit
 .text.exit     0x000000001000bd28        0x8 CMakeFiles/main.dir/Users/luke/Source/pico/pico-sdk/src/rp2_common/pico_runtime/runtime.c.obj
                0x000000001000bd28                exit
 .text.panic    0x000000001000bd30       0x30 CMakeFiles/main.dir/Users/luke/Source/pico/pico-sdk/src/rp2_common/pico_runtime/runtime.c.obj
                0x000000001000bd30                panic
 .text.hard_assertion_failure
                0x000000001000bd60        0xc CMakeFiles/main.dir/Users/luke/Source/pico/pico-sdk/src/rp2_common/pico_runtime/runtime.c.obj
                0x000000001000bd60                hard_assertion_failure
 .text._out_null
                0x000000001000bd6c        0x4 CMakeFiles/main.dir/Users/luke/Source/pico/pico-sdk/src/rp2_common/pico_printf/printf.c.obj
 .text._out_rev
                0x000000001000bd70       0x90 CMakeFiles/main.dir/Users/luke/Source/pico/pico-sdk/src/rp2_common/pico_printf/printf.c.obj
 .text._ntoa_format
                0x000000001000be00      0x1f4 CMakeFiles/main.dir/Users/luke/Source/pico/pico-sdk/src/rp2_common/pico_printf/printf.c.obj
 .text._out_char
                0x000000001000bff4       0x10 CMakeFiles/main.dir/Users/luke/Source/pico/pico-sdk/src/rp2_common/pico_printf/printf.c.obj
 .text._out_fct
                0x000000001000c004       0x10 CMakeFiles/main.dir/Users/luke/Source/pico/pico-sdk/src/rp2_common/pico_printf/printf.c.obj
 .text._etoa    0x000000001000c014      0x454 CMakeFiles/main.dir/Users/luke/Source/pico/pico-sdk/src/rp2_common/pico_printf/printf.c.obj
 .text._ftoa    0x000000001000c468      0x3c4 CMakeFiles/main.dir/Users/luke/Source/pico/pico-sdk/src/rp2_common/pico_printf/printf.c.obj
 .text._vsnprintf
                0x000000001000c82c      0xb24 CMakeFiles/main.dir/Users/luke/Source/pico/pico-sdk/src/rp2_common/pico_printf/printf.c.obj
 .text.vfctprintf
                0x000000001000d350       0x20 CMakeFiles/main.dir/Users/luke/Source/pico/pico-sdk/src/rp2_common/pico_printf/printf.c.obj
                0x000000001000d350                vfctprintf
 .text.weak_raw_vprintf
                0x000000001000d370       0x30 CMakeFiles/main.dir/Users/luke/Source/pico/pico-sdk/src/rp2_common/pico_printf/printf.c.obj
                0x000000001000d370                weak_raw_vprintf
 .text          0x000000001000d3a0       0x10 CMakeFiles/main.dir/Users/luke/Source/pico/pico-sdk/src/rp2_common/pico_bit_ops/bit_ops_aeabi.S.obj
 .text.ctzsi    0x000000001000d3b0        0xc CMakeFiles/main.dir/Users/luke/Source/pico/pico-sdk/src/rp2_common/pico_bit_ops/bit_ops_aeabi.S.obj
                0x000000001000d3b0                __wrap___ctzsi2
 .text.__wrap___aeabi_idiv
                0x000000001000d3bc       0x50 CMakeFiles/main.dir/Users/luke/Source/pico/pico-sdk/src/rp2_common/pico_divider/divider.S.obj
                0x000000001000d3bc                __wrap___aeabi_idivmod
                0x000000001000d3bc                divmod_s32s32
                0x000000001000d3bc                div_s32s32
                0x000000001000d3bc                __wrap___aeabi_idiv
                0x000000001000d3c4                divmod_s32s32_unsafe
                0x000000001000d3f0                divmod_s32s32_savestate
 .text.__wrap___aeabi_uidiv
                0x000000001000d40c       0x4c CMakeFiles/main.dir/Users/luke/Source/pico/pico-sdk/src/rp2_common/pico_divider/divider.S.obj
                0x000000001000d40c                __wrap___aeabi_uidiv
                0x000000001000d40c                __wrap___aeabi_uidivmod
                0x000000001000d40c                div_u32u32
                0x000000001000d40c                divmod_u32u32
                0x000000001000d414                divmod_u32u32_unsafe
                0x000000001000d43c                divmod_u32u32_savestate
 .text.__wrap___aeabi_ldiv
                0x000000001000d458      0x424 CMakeFiles/main.dir/Users/luke/Source/pico/pico-sdk/src/rp2_common/pico_divider/divider.S.obj
                0x000000001000d458                __wrap___aeabi_ldivmod
                0x000000001000d458                div_s64s64
                0x000000001000d458                divmod_s64s64
                0x000000001000d488                divmod_u64u64
                0x000000001000d488                div_u64u64
                0x000000001000d488                __wrap___aeabi_uldivmod
                0x000000001000d498                divmod_u64u64_savestate
                0x000000001000d4b8                divmod_s64s64_unsafe
                0x000000001000d540                divmod_u64u64_unsafe
 .text.__wrap___aeabi_darithmetic
                0x000000001000d87c       0x60 CMakeFiles/main.dir/Users/luke/Source/pico/pico-sdk/src/rp2_common/pico_double/double_aeabi.S.obj
                0x000000001000d87c                __wrap___aeabi_drsub
                0x000000001000d882                __wrap___aeabi_dsub
                0x000000001000d88c                __wrap___aeabi_dadd
                0x000000001000d896                __wrap___aeabi_ddiv
                0x000000001000d8ca                __wrap___aeabi_dmul
 .text.__wrap___aeabi_cdcmple
                0x000000001000d8dc       0x6c CMakeFiles/main.dir/Users/luke/Source/pico/pico-sdk/src/rp2_common/pico_double/double_aeabi.S.obj
                0x000000001000d8dc                __wrap___aeabi_cdrcmple
                0x000000001000d8ec                __wrap___aeabi_cdcmple
                0x000000001000d8ec                __wrap___aeabi_cdcmpeq
 .text.__wrap___aeabi_dcmplt
                0x000000001000d948        0xc CMakeFiles/main.dir/Users/luke/Source/pico/pico-sdk/src/rp2_common/pico_double/double_aeabi.S.obj
                0x000000001000d948                __wrap___aeabi_dcmplt
 .text.__wrap___aeabi_dcmpge
                0x000000001000d954       0x10 CMakeFiles/main.dir/Users/luke/Source/pico/pico-sdk/src/rp2_common/pico_double/double_aeabi.S.obj
                0x000000001000d954                __wrap___aeabi_dcmpge
 .text.__wrap___aeabi_dcmpgt
                0x000000001000d964        0xa CMakeFiles/main.dir/Users/luke/Source/pico/pico-sdk/src/rp2_common/pico_double/double_aeabi.S.obj
                0x000000001000d964                __wrap___aeabi_dcmpgt
 .text.__wrap___aeabi_dcmpun
                0x000000001000d96e       0x1c CMakeFiles/main.dir/Users/luke/Source/pico/pico-sdk/src/rp2_common/pico_double/double_aeabi.S.obj
                0x000000001000d96e                __wrap___aeabi_dcmpun
 *fill*         0x000000001000d98a        0x2 
 .text.__wrap___aeabi_i2d
                0x000000001000d98c       0x38 CMakeFiles/main.dir/Users/luke/Source/pico/pico-sdk/src/rp2_common/pico_double/double_aeabi.S.obj
                0x000000001000d98c                __wrap___aeabi_ui2d
                0x000000001000d994                __wrap___aeabi_i2d
 .text.__wrap___aeabi_d2iz
                0x000000001000d9c4       0x48 CMakeFiles/main.dir/Users/luke/Source/pico/pico-sdk/src/rp2_common/pico_double/double_aeabi.S.obj
                0x000000001000d9c4                __wrap___aeabi_d2iz
                0x000000001000d9c4                double2int_z
 .text.__wrap___aeabi_d2uiz
                0x000000001000da0c       0x10 CMakeFiles/main.dir/Users/luke/Source/pico/pico-sdk/src/rp2_common/pico_double/double_aeabi.S.obj
                0x000000001000da0c                double2uint
                0x000000001000da0c                __wrap___aeabi_d2uiz
 .text.missing_double_func_shim
                0x000000001000da1c        0xc CMakeFiles/main.dir/Users/luke/Source/pico/pico-sdk/src/rp2_common/pico_double/double_init_rom.c.obj
 .text.__aeabi_double_init
                0x000000001000da28       0x94 CMakeFiles/main.dir/Users/luke/Source/pico/pico-sdk/src/rp2_common/pico_double/double_init_rom.c.obj
                0x000000001000da28                __aeabi_double_init
 .text.double_table_shim_on_use_helper
                0x000000001000dabc       0x2c CMakeFiles/main.dir/Users/luke/Source/pico/pico-sdk/src/rp2_common/pico_double/double_v1_rom_shim.S.obj
                0x000000001000dabc                double_table_shim_on_use_helper
 .text.__aeabi_lmul
                0x000000001000dae8       0x32 CMakeFiles/main.dir/Users/luke/Source/pico/pico-sdk/src/rp2_common/pico_int64_ops/pico_int64_ops_aeabi.S.obj
                0x000000001000dae8                __wrap___aeabi_lmul
 *fill*         0x000000001000db1a        0x2 
 .text.missing_float_func_shim
                0x000000001000db1c        0xc CMakeFiles/main.dir/Users/luke/Source/pico/pico-sdk/src/rp2_common/pico_float/float_init_rom.c.obj
 .text.__aeabi_float_init
                0x000000001000db28       0x5c CMakeFiles/main.dir/Users/luke/Source/pico/pico-sdk/src/rp2_common/pico_float/float_init_rom.c.obj
                0x000000001000db28                __aeabi_float_init
 .text          0x000000001000db84       0x10 CMakeFiles/main.dir/Users/luke/Source/pico/pico-sdk/src/rp2_common/pico_mem_ops/mem_ops_aeabi.S.obj
                0x000000001000db84                __aeabi_mem_init
 .text.memset   0x000000001000db94        0xc CMakeFiles/main.dir/Users/luke/Source/pico/pico-sdk/src/rp2_common/pico_mem_ops/mem_ops_aeabi.S.obj
                0x000000001000db94                __wrap_memset
 .text.memcpy   0x000000001000dba0        0xc CMakeFiles/main.dir/Users/luke/Source/pico/pico-sdk/src/rp2_common/pico_mem_ops/mem_ops_aeabi.S.obj
                0x000000001000dba0                __wrap___aeabi_memcpy
                0x000000001000dba0                __wrap_memcpy
 .text.stdio_out_chars_crlf
                0x000000001000dbac       0xbc CMakeFiles/main.dir/Users/luke/Source/pico/pico-sdk/src/rp2_common/pico_stdio/stdio.c.obj
 .text.stdio_buffered_printer
                0x000000001000dc68       0x64 CMakeFiles/main.dir/Users/luke/Source/pico/pico-sdk/src/rp2_common/pico_stdio/stdio.c.obj
 .text.__wrap_putchar
                0x000000001000dccc       0x98 CMakeFiles/main.dir/Users/luke/Source/pico/pico-sdk/src/rp2_common/pico_stdio/stdio.c.obj
                0x000000001000dccc                __wrap_putchar
 .text.__wrap_puts
                0x000000001000dd64       0xe0 CMakeFiles/main.dir/Users/luke/Source/pico/pico-sdk/src/rp2_common/pico_stdio/stdio.c.obj
                0x000000001000dd64                __wrap_puts
 .text.stdio_set_driver_enabled
                0x000000001000de44       0x30 CMakeFiles/main.dir/Users/luke/Source/pico/pico-sdk/src/rp2_common/pico_stdio/stdio.c.obj
                0x000000001000de44                stdio_set_driver_enabled
 .text.__wrap_vprintf
                0x000000001000de74       0xd4 CMakeFiles/main.dir/Users/luke/Source/pico/pico-sdk/src/rp2_common/pico_stdio/stdio.c.obj
                0x000000001000de74                __wrap_vprintf
 .text.__wrap_printf
                0x000000001000df48       0x18 CMakeFiles/main.dir/Users/luke/Source/pico/pico-sdk/src/rp2_common/pico_stdio/stdio.c.obj
                0x000000001000df48                __wrap_printf
 .text.stdio_init_all
                0x000000001000df60       0x10 CMakeFiles/main.dir/Users/luke/Source/pico/pico-sdk/src/rp2_common/pico_stdio/stdio.c.obj
                0x000000001000df60                stdio_init_all
 .text.stdio_uart_out_chars
                0x000000001000df70       0x4c CMakeFiles/main.dir/Users/luke/Source/pico/pico-sdk/src/rp2_common/pico_stdio_uart/stdio_uart.c.obj
 .text.stdio_uart_in_chars
                0x000000001000dfbc       0x98 CMakeFiles/main.dir/Users/luke/Source/pico/pico-sdk/src/rp2_common/pico_stdio_uart/stdio_uart.c.obj
                0x000000001000dfbc                stdio_uart_in_chars
 .text.on_uart_rx
                0x000000001000e054       0x28 CMakeFiles/main.dir/Users/luke/Source/pico/pico-sdk/src/rp2_common/pico_stdio_uart/stdio_uart.c.obj
 .text.stdio_uart_set_chars_available_callback
                0x000000001000e07c       0x8c CMakeFiles/main.dir/Users/luke/Source/pico/pico-sdk/src/rp2_common/pico_stdio_uart/stdio_uart.c.obj
 .text.stdio_uart_init
                0x000000001000e108       0x48 CMakeFiles/main.dir/Users/luke/Source/pico/pico-sdk/src/rp2_common/pico_stdio_uart/stdio_uart.c.obj
                0x000000001000e108                stdio_uart_init
 .text.resetd_init
                0x000000001000e150        0x4 CMakeFiles/main.dir/Users/luke/Source/pico/pico-sdk/src/rp2_common/pico_stdio_usb/reset_interface.c.obj
 .text.resetd_reset
                0x000000001000e154        0xc CMakeFiles/main.dir/Users/luke/Source/pico/pico-sdk/src/rp2_common/pico_stdio_usb/reset_interface.c.obj
 .text.resetd_open
                0x000000001000e160       0x28 CMakeFiles/main.dir/Users/luke/Source/pico/pico-sdk/src/rp2_common/pico_stdio_usb/reset_interface.c.obj
 .text.resetd_xfer_cb
                0x000000001000e188        0x4 CMakeFiles/main.dir/Users/luke/Source/pico/pico-sdk/src/rp2_common/pico_stdio_usb/reset_interface.c.obj
 .text.resetd_control_xfer_cb
                0x000000001000e18c       0x60 CMakeFiles/main.dir/Users/luke/Source/pico/pico-sdk/src/rp2_common/pico_stdio_usb/reset_interface.c.obj
 .text.usbd_app_driver_get_cb
                0x000000001000e1ec        0xc CMakeFiles/main.dir/Users/luke/Source/pico/pico-sdk/src/rp2_common/pico_stdio_usb/reset_interface.c.obj
                0x000000001000e1ec                usbd_app_driver_get_cb
 .text.tud_cdc_line_coding_cb
                0x000000001000e1f8       0x34 CMakeFiles/main.dir/Users/luke/Source/pico/pico-sdk/src/rp2_common/pico_stdio_usb/reset_interface.c.obj
                0x000000001000e1f8                tud_cdc_line_coding_cb
 .text.stdio_usb_set_chars_available_callback
                0x000000001000e22c       0x14 CMakeFiles/main.dir/Users/luke/Source/pico/pico-sdk/src/rp2_common/pico_stdio_usb/stdio_usb.c.obj
                0x000000001000e22c                stdio_usb_set_chars_available_callback
 .text.usb_irq  0x000000001000e240       0x10 CMakeFiles/main.dir/Users/luke/Source/pico/pico-sdk/src/rp2_common/pico_stdio_usb/stdio_usb.c.obj
 .text.timer_task
                0x000000001000e250       0x54 CMakeFiles/main.dir/Users/luke/Source/pico/pico-sdk/src/rp2_common/pico_stdio_usb/stdio_usb.c.obj
 .text.stdio_usb_in_chars
                0x000000001000e2a4       0x90 CMakeFiles/main.dir/Users/luke/Source/pico/pico-sdk/src/rp2_common/pico_stdio_usb/stdio_usb.c.obj
                0x000000001000e2a4                stdio_usb_in_chars
 .text.stdio_usb_out_chars
                0x000000001000e334      0x104 CMakeFiles/main.dir/Users/luke/Source/pico/pico-sdk/src/rp2_common/pico_stdio_usb/stdio_usb.c.obj
 .text.low_priority_worker_irq
                0x000000001000e438       0xa8 CMakeFiles/main.dir/Users/luke/Source/pico/pico-sdk/src/rp2_common/pico_stdio_usb/stdio_usb.c.obj
 .text.tud_cdc_rx_cb
                0x000000001000e4e0       0x20 CMakeFiles/main.dir/Users/luke/Source/pico/pico-sdk/src/rp2_common/pico_stdio_usb/stdio_usb.c.obj
                0x000000001000e4e0                tud_cdc_rx_cb
 .text.stdio_usb_init
                0x000000001000e500       0xe0 CMakeFiles/main.dir/Users/luke/Source/pico/pico-sdk/src/rp2_common/pico_stdio_usb/stdio_usb.c.obj
                0x000000001000e500                stdio_usb_init
 .text.tud_descriptor_device_cb
                0x000000001000e5e0        0x8 CMakeFiles/main.dir/Users/luke/Source/pico/pico-sdk/src/rp2_common/pico_stdio_usb/stdio_usb_descriptors.c.obj
                0x000000001000e5e0                tud_descriptor_device_cb
 .text.tud_descriptor_configuration_cb
                0x000000001000e5e8        0x8 CMakeFiles/main.dir/Users/luke/Source/pico/pico-sdk/src/rp2_common/pico_stdio_usb/stdio_usb_descriptors.c.obj
                0x000000001000e5e8                tud_descriptor_configuration_cb
 .text.tud_descriptor_string_cb
                0x000000001000e5f0       0x78 CMakeFiles/main.dir/Users/luke/Source/pico/pico-sdk/src/rp2_common/pico_stdio_usb/stdio_usb_descriptors.c.obj
                0x000000001000e5f0                tud_descriptor_string_cb
 .text.dcd_int_enable
                0x000000001000e668        0xc CMakeFiles/main.dir/Users/luke/Source/pico/pico-sdk/lib/tinyusb/src/portable/raspberrypi/rp2040/dcd_rp2040.c.obj
                0x000000001000e668                dcd_int_enable
 .text.dcd_set_address
                0x000000001000e674       0x14 CMakeFiles/main.dir/Users/luke/Source/pico/pico-sdk/lib/tinyusb/src/portable/raspberrypi/rp2040/dcd_rp2040.c.obj
                0x000000001000e674                dcd_set_address
 .text.dcd_connect
                0x000000001000e688       0x10 CMakeFiles/main.dir/Users/luke/Source/pico/pico-sdk/lib/tinyusb/src/portable/raspberrypi/rp2040/dcd_rp2040.c.obj
                0x000000001000e688                dcd_connect
 .text.dcd_init
                0x000000001000e698       0x98 CMakeFiles/main.dir/Users/luke/Source/pico/pico-sdk/lib/tinyusb/src/portable/raspberrypi/rp2040/dcd_rp2040.c.obj
                0x000000001000e698                dcd_init
 .text.dcd_edpt0_status_complete
                0x000000001000e730       0x1c CMakeFiles/main.dir/Users/luke/Source/pico/pico-sdk/lib/tinyusb/src/portable/raspberrypi/rp2040/dcd_rp2040.c.obj
                0x000000001000e730                dcd_edpt0_status_complete
 .text.dcd_edpt_open
                0x000000001000e74c      0x108 CMakeFiles/main.dir/Users/luke/Source/pico/pico-sdk/lib/tinyusb/src/portable/raspberrypi/rp2040/dcd_rp2040.c.obj
                0x000000001000e74c                dcd_edpt_open
 .text.dcd_edpt_close_all
                0x000000001000e854        0x8 CMakeFiles/main.dir/Users/luke/Source/pico/pico-sdk/lib/tinyusb/src/portable/raspberrypi/rp2040/dcd_rp2040.c.obj
                0x000000001000e854                dcd_edpt_close_all
 .text.dcd_edpt_xfer
                0x000000001000e85c       0x24 CMakeFiles/main.dir/Users/luke/Source/pico/pico-sdk/lib/tinyusb/src/portable/raspberrypi/rp2040/dcd_rp2040.c.obj
                0x000000001000e85c                dcd_edpt_xfer
 .text.dcd_edpt_stall
                0x000000001000e880       0x38 CMakeFiles/main.dir/Users/luke/Source/pico/pico-sdk/lib/tinyusb/src/portable/raspberrypi/rp2040/dcd_rp2040.c.obj
                0x000000001000e880                dcd_edpt_stall
 .text.dcd_edpt_clear_stall
                0x000000001000e8b8       0x30 CMakeFiles/main.dir/Users/luke/Source/pico/pico-sdk/lib/tinyusb/src/portable/raspberrypi/rp2040/dcd_rp2040.c.obj
                0x000000001000e8b8                dcd_edpt_clear_stall
 .text.rp2040_usb_init
                0x000000001000e8e8       0x4c CMakeFiles/main.dir/Users/luke/Source/pico/pico-sdk/lib/tinyusb/src/portable/raspberrypi/rp2040/rp2040_usb.c.obj
                0x000000001000e8e8                rp2040_usb_init
 .text.hw_endpoint_xfer_start
                0x000000001000e934       0x40 CMakeFiles/main.dir/Users/luke/Source/pico/pico-sdk/lib/tinyusb/src/portable/raspberrypi/rp2040/rp2040_usb.c.obj
                0x000000001000e934                hw_endpoint_xfer_start
 .text.tud_mounted
                0x000000001000e974       0x10 CMakeFiles/main.dir/Users/luke/Source/pico/pico-sdk/lib/tinyusb/src/device/usbd.c.obj
                0x000000001000e974                tud_mounted
 .text.tud_suspended
                0x000000001000e984       0x10 CMakeFiles/main.dir/Users/luke/Source/pico/pico-sdk/lib/tinyusb/src/device/usbd.c.obj
                0x000000001000e984                tud_suspended
 .text.tud_inited
                0x000000001000e994       0x14 CMakeFiles/main.dir/Users/luke/Source/pico/pico-sdk/lib/tinyusb/src/device/usbd.c.obj
                0x000000001000e994                tud_inited
 .text.tud_init
                0x000000001000e9a8       0xd8 CMakeFiles/main.dir/Users/luke/Source/pico/pico-sdk/lib/tinyusb/src/device/usbd.c.obj
                0x000000001000e9a8                tud_init
 .text.tud_task_ext
                0x000000001000ea80      0x8a4 CMakeFiles/main.dir/Users/luke/Source/pico/pico-sdk/lib/tinyusb/src/device/usbd.c.obj
                0x000000001000ea80                tud_task_ext
 .text.usbd_open_edpt_pair
                0x000000001000f324       0x9c CMakeFiles/main.dir/Users/luke/Source/pico/pico-sdk/lib/tinyusb/src/device/usbd.c.obj
                0x000000001000f324                usbd_open_edpt_pair
 .text.usbd_defer_func
                0x000000001000f3c0       0x48 CMakeFiles/main.dir/Users/luke/Source/pico/pico-sdk/lib/tinyusb/src/device/usbd.c.obj
                0x000000001000f3c0                usbd_defer_func
 .text.usbd_edpt_open
                0x000000001000f408       0x34 CMakeFiles/main.dir/Users/luke/Source/pico/pico-sdk/lib/tinyusb/src/device/usbd.c.obj
                0x000000001000f408                usbd_edpt_open
 .text.usbd_edpt_claim
                0x000000001000f43c       0x28 CMakeFiles/main.dir/Users/luke/Source/pico/pico-sdk/lib/tinyusb/src/device/usbd.c.obj
                0x000000001000f43c                usbd_edpt_claim
 .text.usbd_edpt_release
                0x000000001000f464       0x28 CMakeFiles/main.dir/Users/luke/Source/pico/pico-sdk/lib/tinyusb/src/device/usbd.c.obj
                0x000000001000f464                usbd_edpt_release
 .text.usbd_edpt_xfer
                0x000000001000f48c       0x4c CMakeFiles/main.dir/Users/luke/Source/pico/pico-sdk/lib/tinyusb/src/device/usbd.c.obj
                0x000000001000f48c                usbd_edpt_xfer
 .text.tud_control_status
                0x000000001000f4d8       0x2c CMakeFiles/main.dir/Users/luke/Source/pico/pico-sdk/lib/tinyusb/src/device/usbd_control.c.obj
                0x000000001000f4d8                tud_control_status
 .text.tud_control_xfer
                0x000000001000f504       0xac CMakeFiles/main.dir/Users/luke/Source/pico/pico-sdk/lib/tinyusb/src/device/usbd_control.c.obj
                0x000000001000f504                tud_control_xfer
 .text.usbd_control_reset
                0x000000001000f5b0       0x14 CMakeFiles/main.dir/Users/luke/Source/pico/pico-sdk/lib/tinyusb/src/device/usbd_control.c.obj
                0x000000001000f5b0                usbd_control_reset
 .text.usbd_control_set_complete_callback
                0x000000001000f5c4        0xc CMakeFiles/main.dir/Users/luke/Source/pico/pico-sdk/lib/tinyusb/src/device/usbd_control.c.obj
                0x000000001000f5c4                usbd_control_set_complete_callback
 .text.usbd_control_set_request
                0x000000001000f5d0       0x1c CMakeFiles/main.dir/Users/luke/Source/pico/pico-sdk/lib/tinyusb/src/device/usbd_control.c.obj
                0x000000001000f5d0                usbd_control_set_request
 .text.usbd_control_xfer_cb
                0x000000001000f5ec       0xf4 CMakeFiles/main.dir/Users/luke/Source/pico/pico-sdk/lib/tinyusb/src/device/usbd_control.c.obj
                0x000000001000f5ec                usbd_control_xfer_cb
 .text.tud_cdc_n_connected
                0x000000001000f6e0       0x30 CMakeFiles/main.dir/Users/luke/Source/pico/pico-sdk/lib/tinyusb/src/class/cdc/cdc_device.c.obj
                0x000000001000f6e0                tud_cdc_n_connected
 .text.tud_cdc_n_available
                0x000000001000f710       0x18 CMakeFiles/main.dir/Users/luke/Source/pico/pico-sdk/lib/tinyusb/src/class/cdc/cdc_device.c.obj
                0x000000001000f710                tud_cdc_n_available
 .text.tud_cdc_n_read
                0x000000001000f728       0x70 CMakeFiles/main.dir/Users/luke/Source/pico/pico-sdk/lib/tinyusb/src/class/cdc/cdc_device.c.obj
                0x000000001000f728                tud_cdc_n_read
 .text.tud_cdc_n_write_flush
                0x000000001000f798       0x78 CMakeFiles/main.dir/Users/luke/Source/pico/pico-sdk/lib/tinyusb/src/class/cdc/cdc_device.c.obj
                0x000000001000f798                tud_cdc_n_write_flush
 .text.tud_cdc_n_write
                0x000000001000f810       0x34 CMakeFiles/main.dir/Users/luke/Source/pico/pico-sdk/lib/tinyusb/src/class/cdc/cdc_device.c.obj
                0x000000001000f810                tud_cdc_n_write
 .text.tud_cdc_n_write_available
                0x000000001000f844       0x18 CMakeFiles/main.dir/Users/luke/Source/pico/pico-sdk/lib/tinyusb/src/class/cdc/cdc_device.c.obj
                0x000000001000f844                tud_cdc_n_write_available
 .text.cdcd_init
                0x000000001000f85c       0x7c CMakeFiles/main.dir/Users/luke/Source/pico/pico-sdk/lib/tinyusb/src/class/cdc/cdc_device.c.obj
                0x000000001000f85c                cdcd_init
 .text.cdcd_reset
                0x000000001000f8d8       0x2c CMakeFiles/main.dir/Users/luke/Source/pico/pico-sdk/lib/tinyusb/src/class/cdc/cdc_device.c.obj
                0x000000001000f8d8                cdcd_reset
 .text.cdcd_open