Archive member included to satisfy reference by file (symbol)

/Applications/ArmGNUToolchain/12.2.rel1/arm-none-eabi/bin/../lib/gcc/arm-none-eabi/12.2.1/thumb/v6-m/nofp/libgcc.a(_dvmd_tls.o)
                              CMakeFiles/main.dir/Users/luke/Source/pico/pico-sdk/src/rp2_common/pico_divider/divider.S.obj (__aeabi_idiv0)
/Applications/ArmGNUToolchain/12.2.rel1/arm-none-eabi/bin/../lib/gcc/arm-none-eabi/12.2.1/../../../../arm-none-eabi/lib/thumb/v6-m/nofp/libc.a(libc_a-atoi.o)
                              CMakeFiles/main.dir/Users/luke/Source/pico/pico-sdk/lib/lwip/src/core/netif.c.obj (atoi)
/Applications/ArmGNUToolchain/12.2.rel1/arm-none-eabi/bin/../lib/gcc/arm-none-eabi/12.2.1/../../../../arm-none-eabi/lib/thumb/v6-m/nofp/libc.a(libc_a-calloc.o)
                              CMakeFiles/main.dir/Users/luke/Source/pico/pico-sdk/src/rp2_common/pico_malloc/pico_malloc.c.obj (calloc)
/Applications/ArmGNUToolchain/12.2.rel1/arm-none-eabi/bin/../lib/gcc/arm-none-eabi/12.2.1/../../../../arm-none-eabi/lib/thumb/v6-m/nofp/libc.a(libc_a-callocr.o)
                              /Applications/ArmGNUToolchain/12.2.rel1/arm-none-eabi/bin/../lib/gcc/arm-none-eabi/12.2.1/../../../../arm-none-eabi/lib/thumb/v6-m/nofp/libc.a(libc_a-calloc.o) (_calloc_r)
/Applications/ArmGNUToolchain/12.2.rel1/arm-none-eabi/bin/../lib/gcc/arm-none-eabi/12.2.1/../../../../arm-none-eabi/lib/thumb/v6-m/nofp/libc.a(libc_a-malloc.o)
                              CMakeFiles/main.dir/Users/luke/Source/pico/pico-sdk/src/rp2_common/pico_malloc/pico_malloc.c.obj (malloc)
/Applications/ArmGNUToolchain/12.2.rel1/arm-none-eabi/bin/../lib/gcc/arm-none-eabi/12.2.1/../../../../arm-none-eabi/lib/thumb/v6-m/nofp/libc.a(libc_a-mallocr.o)
                              /Applications/ArmGNUToolchain/12.2.rel1/arm-none-eabi/bin/../lib/gcc/arm-none-eabi/12.2.1/../../../../arm-none-eabi/lib/thumb/v6-m/nofp/libc.a(libc_a-callocr.o) (_malloc_r)
/Applications/ArmGNUToolchain/12.2.rel1/arm-none-eabi/bin/../lib/gcc/arm-none-eabi/12.2.1/../../../../arm-none-eabi/lib/thumb/v6-m/nofp/libc.a(libc_a-mlock.o)
                              /Applications/ArmGNUToolchain/12.2.rel1/arm-none-eabi/bin/../lib/gcc/arm-none-eabi/12.2.1/../../../../arm-none-eabi/lib/thumb/v6-m/nofp/libc.a(libc_a-mallocr.o) (__malloc_lock)
/Applications/ArmGNUToolchain/12.2.rel1/arm-none-eabi/bin/../lib/gcc/arm-none-eabi/12.2.1/../../../../arm-none-eabi/lib/thumb/v6-m/nofp/libc.a(libc_a-realloc.o)
                              CMakeFiles/main.dir/Users/luke/Source/pico/pico-sdk/src/rp2_common/pico_malloc/pico_malloc.c.obj (realloc)
/Applications/ArmGNUToolchain/12.2.rel1/arm-none-eabi/bin/../lib/gcc/arm-none-eabi/12.2.1/../../../../arm-none-eabi/lib/thumb/v6-m/nofp/libc.a(libc_a-reallocr.o)
                              /Applications/ArmGNUToolchain/12.2.rel1/arm-none-eabi/bin/../lib/gcc/arm-none-eabi/12.2.1/../../../../arm-none-eabi/lib/thumb/v6-m/nofp/libc.a(libc_a-realloc.o) (_realloc_r)
/Applications/ArmGNUToolchain/12.2.rel1/arm-none-eabi/bin/../lib/gcc/arm-none-eabi/12.2.1/../../../../arm-none-eabi/lib/thumb/v6-m/nofp/libc.a(libc_a-strtol.o)
                              /Applications/ArmGNUToolchain/12.2.rel1/arm-none-eabi/bin/../lib/gcc/arm-none-eabi/12.2.1/../../../../arm-none-eabi/lib/thumb/v6-m/nofp/libc.a(libc_a-atoi.o) (_strtol_r)
/Applications/ArmGNUToolchain/12.2.rel1/arm-none-eabi/bin/../lib/gcc/arm-none-eabi/12.2.1/../../../../arm-none-eabi/lib/thumb/v6-m/nofp/libc.a(libc_a-memcmp.o)
                              CMakeFiles/main.dir/Users/luke/Source/pico/pico-sdk/lib/lwip/src/netif/ethernet.c.obj (memcmp)
/Applications/ArmGNUToolchain/12.2.rel1/arm-none-eabi/bin/../lib/gcc/arm-none-eabi/12.2.1/../../../../arm-none-eabi/lib/thumb/v6-m/nofp/libc.a(libc_a-memmove.o)
                              CMakeFiles/main.dir/Users/luke/Source/pico/pico-sdk/lib/lwip/src/core/def.c.obj (memmove)
/Applications/ArmGNUToolchain/12.2.rel1/arm-none-eabi/bin/../lib/gcc/arm-none-eabi/12.2.1/../../../../arm-none-eabi/lib/thumb/v6-m/nofp/libc.a(libc_a-strncmp.o)
                              CMakeFiles/main.dir/Users/luke/Source/pico/pico-sdk/lib/lwip/src/core/def.c.obj (strncmp)
/Applications/ArmGNUToolchain/12.2.rel1/arm-none-eabi/bin/../lib/gcc/arm-none-eabi/12.2.1/../../../../arm-none-eabi/lib/thumb/v6-m/nofp/libc.a(libc_a-impure.o)
                              /Applications/ArmGNUToolchain/12.2.rel1/arm-none-eabi/bin/../lib/gcc/arm-none-eabi/12.2.1/../../../../arm-none-eabi/lib/thumb/v6-m/nofp/libc.a(libc_a-calloc.o) (_impure_ptr)
/Applications/ArmGNUToolchain/12.2.rel1/arm-none-eabi/bin/../lib/gcc/arm-none-eabi/12.2.1/../../../../arm-none-eabi/lib/thumb/v6-m/nofp/libc.a(libc_a-sbrkr.o)
                              /Applications/ArmGNUToolchain/12.2.rel1/arm-none-eabi/bin/../lib/gcc/arm-none-eabi/12.2.1/../../../../arm-none-eabi/lib/thumb/v6-m/nofp/libc.a(libc_a-mallocr.o) (_sbrk_r)
[...]
Memory Configuration

Name             Origin             Length             Attributes
FLASH            0x0000000010000000 0x0000000000200000 xr
RAM              0x0000000020000000 0x0000000000040000 xrw
SCRATCH_X        0x0000000020040000 0x0000000000001000 xrw
SCRATCH_Y        0x0000000020041000 0x0000000000001000 xrw
*default*        0x0000000000000000 0xffffffffffffffff

Linker script and memory map

LOAD /Applications/ArmGNUToolchain/12.2.rel1/arm-none-eabi/bin/../lib/gcc/arm-none-eabi/12.2.1/thumb/v6-m/nofp/crti.o
LOAD /Applications/ArmGNUToolchain/12.2.rel1/arm-none-eabi/bin/../lib/gcc/arm-none-eabi/12.2.1/thumb/v6-m/nofp/crtbegin.o
LOAD /Applications/ArmGNUToolchain/12.2.rel1/arm-none-eabi/bin/../lib/gcc/arm-none-eabi/12.2.1/../../../../arm-none-eabi/lib/thumb/v6-m/nofp/crt0.o

.flash_begin    0x0000000010000000        0x0
                0x0000000010000000                __flash_binary_start = .

.boot2          0x0000000010000000      0x100
                0x0000000010000000                __boot2_start__ = .
 *(.boot2)
 .boot2         0x0000000010000000      0x100 /var/folders/jq/93xslwyn265cdhknykny0bgw0000gn/T//ccXldSdw.o
                0x0000000010000100                __boot2_end__ = .
                0x0000000000000001                ASSERT (((__boot2_end__ - __boot2_start__) == 0x100), ERROR: Pico second stage bootloader must be 256 bytes in size)

.text           0x0000000010000100    0x15900
                0x0000000010000100                __logical_binary_start = .
 *(.vectors)
 .vectors       0x0000000010000100       0xd4 CMakeFiles/main.dir/Users/luke/Source/pico/pico-sdk/src/rp2_common/pico_standard_link/crt0.S.obj
                0x0000000010000100                __VECTOR_TABLE
                0x0000000010000100                __vectors
                0x00000000100001c0                __default_isrs_start
                0x00000000100001c0                isr_invalid
                0x00000000100001c2                isr_nmi
                0x00000000100001c4                isr_hardfault
                0x00000000100001c6                isr_svcall
                0x00000000100001c8                isr_pendsv
                0x00000000100001ca                isr_systick
                0x00000000100001cc                isr_irq28
                0x00000000100001cc                isr_irq19
                0x00000000100001cc                isr_irq0
                0x00000000100001cc                isr_irq6
                0x00000000100001cc                isr_irq22
                0x00000000100001cc                isr_irq17
                0x00000000100001cc                isr_irq14
                0x00000000100001cc                isr_irq2
                0x00000000100001cc                isr_irq10
                0x00000000100001cc                isr_irq8
                0x00000000100001cc                isr_irq24
                0x00000000100001cc                isr_irq1
                0x00000000100001cc                isr_irq7
                0x00000000100001cc                isr_irq21
                0x00000000100001cc                isr_irq20
                0x00000000100001cc                isr_irq15
                0x00000000100001cc                isr_irq25
                0x00000000100001cc                isr_irq4
                0x00000000100001cc                isr_irq16
                0x00000000100001cc                isr_irq29
                0x00000000100001cc                isr_irq26
                0x00000000100001cc                __default_isrs_end
                0x00000000100001cc                isr_irq3
                0x00000000100001cc                isr_irq9
                0x00000000100001cc                __unhandled_user_irq
                0x00000000100001cc                isr_irq13
                0x00000000100001cc                isr_irq27
                0x00000000100001cc                isr_irq31
                0x00000000100001cc                isr_irq5
                0x00000000100001cc                isr_irq11
                0x00000000100001cc                isr_irq23
                0x00000000100001cc                isr_irq18
                0x00000000100001cc                isr_irq30
                0x00000000100001cc                isr_irq12
                0x00000000100001d2                unhandled_user_irq_num_in_r0
 *(.binary_info_header)
 .binary_info_header
                0x00000000100001d4       0x14 CMakeFiles/main.dir/Users/luke/Source/pico/pico-sdk/src/rp2_common/pico_standard_link/crt0.S.obj
                0x00000000100001e8                __binary_info_header_end = .
 *(.reset)
 .reset         0x00000000100001e8       0xa0 CMakeFiles/main.dir/Users/luke/Source/pico/pico-sdk/src/rp2_common/pico_standard_link/crt0.S.obj
                0x00000000100001e8                _entry_point
 .reset         0x0000000010000288       0x30 CMakeFiles/main.dir/Users/luke/Source/pico/pico-sdk/src/rp2_common/pico_standard_link/binary_info.c.obj
 *(.init)
 .init          0x00000000100002b8        0x4 /Applications/ArmGNUToolchain/12.2.rel1/arm-none-eabi/bin/../lib/gcc/arm-none-eabi/12.2.1/thumb/v6-m/nofp/crti.o
                0x00000000100002b8                _init
 *(EXCLUDE_FILE(*libm.a: *libc.a:*lib_a-mem*.o *libgcc.a:) .text*)
 .text.register_tm_clones
                0x00000000100002bc       0x28 /Applications/ArmGNUToolchain/12.2.rel1/arm-none-eabi/bin/../lib/gcc/arm-none-eabi/12.2.1/thumb/v6-m/nofp/crtbegin.o
 .text.frame_dummy
                0x00000000100002e4       0x24 /Applications/ArmGNUToolchain/12.2.rel1/arm-none-eabi/bin/../lib/gcc/arm-none-eabi/12.2.1/thumb/v6-m/nofp/crtbegin.o
 .text.run_udp_beacon
                0x0000000010000308       0xbc CMakeFiles/main.dir/main.c.obj
                0x0000000010000308                run_udp_beacon
 .text.startup.main
                0x00000000100003c4       0x68 CMakeFiles/main.dir/main.c.obj
                0x00000000100003c4                main
 .text.encodeBroadcast
                0x000000001000042c       0x60 CMakeFiles/main.dir/protocal.c.obj
                0x000000001000042c                encodeBroadcast
 .text.lwip_timeout_reached
                0x000000001000048c        0x8 CMakeFiles/main.dir/Users/luke/Source/pico/pico-sdk/src/rp2_common/pico_lwip/lwip_nosys.c.obj
 .text.update_next_timeout
                0x0000000010000494       0x60 CMakeFiles/main.dir/Users/luke/Source/pico/pico-sdk/src/rp2_common/pico_lwip/lwip_nosys.c.obj
 .text.lwip_nosys_init
                0x00000000100004f4       0x30 CMakeFiles/main.dir/Users/luke/Source/pico/pico-sdk/src/rp2_common/pico_lwip/lwip_nosys.c.obj
                0x00000000100004f4                lwip_nosys_init
 .text.lwip_nosys_deinit
                0x0000000010000524       0x20 CMakeFiles/main.dir/Users/luke/Source/pico/pico-sdk/src/rp2_common/pico_lwip/lwip_nosys.c.obj
                0x0000000010000524                lwip_nosys_deinit
 .text.sys_arch_protect
                0x0000000010000544        0x4 CMakeFiles/main.dir/Users/luke/Source/pico/pico-sdk/src/rp2_common/pico_lwip/lwip_nosys.c.obj
                0x0000000010000544                sys_arch_protect
 .text.sys_arch_unprotect
                0x0000000010000548        0x4 CMakeFiles/main.dir/Users/luke/Source/pico/pico-sdk/src/rp2_common/pico_lwip/lwip_nosys.c.obj
                0x0000000010000548                sys_arch_unprotect
 .text.sys_now  0x000000001000054c       0x20 CMakeFiles/main.dir/Users/luke/Source/pico/pico-sdk/src/rp2_common/pico_lwip/lwip_nosys.c.obj
                0x000000001000054c                sys_now
 .text.async_context_base_add_at_time_worker
                0x000000001000056c       0x24 CMakeFiles/main.dir/Users/luke/Source/pico/pico-sdk/src/rp2_common/pico_async_context/async_context_base.c.obj
                0x000000001000056c                async_context_base_add_at_time_worker
 .text.async_context_base_remove_at_time_worker
                0x0000000010000590       0x28 CMakeFiles/main.dir/Users/luke/Source/pico/pico-sdk/src/rp2_common/pico_async_context/async_context_base.c.obj
                0x0000000010000590                async_context_base_remove_at_time_worker
 .text.async_context_base_add_when_pending_worker
                0x00000000100005b8       0x24 CMakeFiles/main.dir/Users/luke/Source/pico/pico-sdk/src/rp2_common/pico_async_context/async_context_base.c.obj
                0x00000000100005b8                async_context_base_add_when_pending_worker
 .text.async_context_base_remove_when_pending_worker
                0x00000000100005dc       0x28 CMakeFiles/main.dir/Users/luke/Source/pico/pico-sdk/src/rp2_common/pico_async_context/async_context_base.c.obj
                0x00000000100005dc                async_context_base_remove_when_pending_worker
 .text.async_context_base_execute_once
                0x0000000010000604       0xfc CMakeFiles/main.dir/Users/luke/Source/pico/pico-sdk/src/rp2_common/pico_async_context/async_context_base.c.obj
                0x0000000010000604                async_context_base_execute_once
 .text.running_on_fpga
                0x0000000010000700       0x10 CMakeFiles/main.dir/Users/luke/Source/pico/pico-sdk/src/rp2_common/pico_platform/platform.c.obj
                0x0000000010000700                running_on_fpga
 .text.splitmix64
                0x0000000010000710       0x58 CMakeFiles/main.dir/Users/luke/Source/pico/pico-sdk/src/rp2_common/pico_rand/rand.c.obj
 .text.xoroshiro128ss
                0x0000000010000768       0x90 CMakeFiles/main.dir/Users/luke/Source/pico/pico-sdk/src/rp2_common/pico_rand/rand.c.obj
 .text.get_rand_64
                0x00000000100007f8      0x4a4 CMakeFiles/main.dir/Users/luke/Source/pico/pico-sdk/src/rp2_common/pico_rand/rand.c.obj
                0x00000000100007f8                get_rand_64
 .text.get_rand_32
                0x0000000010000c9c        0x8 CMakeFiles/main.dir/Users/luke/Source/pico/pico-sdk/src/rp2_common/pico_rand/rand.c.obj
                0x0000000010000c9c                get_rand_32
 .text.startup._retrieve_unique_id_on_boot
                0x0000000010000ca4       0x10 CMakeFiles/main.dir/Users/luke/Source/pico/pico-sdk/src/rp2_common/pico_unique_id/unique_id.c.obj
 .text.pico_get_unique_board_id
                0x0000000010000cb4       0x10 CMakeFiles/main.dir/Users/luke/Source/pico/pico-sdk/src/rp2_common/pico_unique_id/unique_id.c.obj
                0x0000000010000cb4                pico_get_unique_board_id
 .text.pico_get_unique_board_id_string
                0x0000000010000cc4      0x1a8 CMakeFiles/main.dir/Users/luke/Source/pico/pico-sdk/src/rp2_common/pico_unique_id/unique_id.c.obj
                0x0000000010000cc4                pico_get_unique_board_id_string
 .text.flash_get_unique_id
                0x0000000010000e6c       0x40 CMakeFiles/main.dir/Users/luke/Source/pico/pico-sdk/src/rp2_common/hardware_flash/flash.c.obj
                0x0000000010000e6c                flash_get_unique_id
 .text.hw_claim_lock
                0x0000000010000eac       0x18 CMakeFiles/main.dir/Users/luke/Source/pico/pico-sdk/src/rp2_common/hardware_claim/claim.c.obj
                0x0000000010000eac                hw_claim_lock
 .text.hw_claim_unlock
                0x0000000010000ec4       0x14 CMakeFiles/main.dir/Users/luke/Source/pico/pico-sdk/src/rp2_common/hardware_claim/claim.c.obj
                0x0000000010000ec4                hw_claim_unlock
 .text.hw_claim_or_assert
                0x0000000010000ed8       0x44 CMakeFiles/main.dir/Users/luke/Source/pico/pico-sdk/src/rp2_common/hardware_claim/claim.c.obj
                0x0000000010000ed8                hw_claim_or_assert
 .text.hw_claim_unused_from_range
                0x0000000010000f1c       0x9c CMakeFiles/main.dir/Users/luke/Source/pico/pico-sdk/src/rp2_common/hardware_claim/claim.c.obj
                0x0000000010000f1c                hw_claim_unused_from_range
 .text.hw_claim_clear
                0x0000000010000fb8       0x38 CMakeFiles/main.dir/Users/luke/Source/pico/pico-sdk/src/rp2_common/hardware_claim/claim.c.obj
                0x0000000010000fb8                hw_claim_clear
 .text.spin_locks_reset
                0x0000000010000ff0       0x1c CMakeFiles/main.dir/Users/luke/Source/pico/pico-sdk/src/rp2_common/hardware_sync/sync.c.obj
                0x0000000010000ff0                spin_locks_reset
 .text.next_striped_spin_lock_num
                0x000000001000100c       0x18 CMakeFiles/main.dir/Users/luke/Source/pico/pico-sdk/src/rp2_common/hardware_sync/sync.c.obj
                0x000000001000100c                next_striped_spin_lock_num
 .text.spin_lock_claim_unused
                0x0000000010001024       0x24 CMakeFiles/main.dir/Users/luke/Source/pico/pico-sdk/src/rp2_common/hardware_sync/sync.c.obj
                0x0000000010001024                spin_lock_claim_unused
 .text.rom_func_lookup
                0x0000000010001048       0x10 CMakeFiles/main.dir/Users/luke/Source/pico/pico-sdk/src/rp2_common/pico_bootrom/bootrom.c.obj
                0x0000000010001048                rom_func_lookup
 .text.rom_data_lookup
                0x0000000010001058       0x10 CMakeFiles/main.dir/Users/luke/Source/pico/pico-sdk/src/rp2_common/pico_bootrom/bootrom.c.obj
                0x0000000010001058                rom_data_lookup
 .text.rom_funcs_lookup
                0x0000000010001068       0x44 CMakeFiles/main.dir/Users/luke/Source/pico/pico-sdk/src/rp2_common/pico_bootrom/bootrom.c.obj
                0x0000000010001068                rom_funcs_lookup
 .text.clocks_init
                0x00000000100010ac      0x2b4 CMakeFiles/main.dir/Users/luke/Source/pico/pico-sdk/src/rp2_common/hardware_clocks/clocks.c.obj
                0x00000000100010ac                clocks_init
 .text.clock_get_hz
                0x0000000010001360        0xc CMakeFiles/main.dir/Users/luke/Source/pico/pico-sdk/src/rp2_common/hardware_clocks/clocks.c.obj
                0x0000000010001360                clock_get_hz
 .text.gpio_set_function
                0x000000001000136c       0x30 CMakeFiles/main.dir/Users/luke/Source/pico/pico-sdk/src/rp2_common/hardware_gpio/gpio.c.obj
                0x000000001000136c                gpio_set_function
 .text.gpio_set_pulls
                0x000000001000139c       0x24 CMakeFiles/main.dir/Users/luke/Source/pico/pico-sdk/src/rp2_common/hardware_gpio/gpio.c.obj
                0x000000001000139c                gpio_set_pulls
 .text.gpio_set_input_hysteresis_enabled
                0x00000000100013c0       0x28 CMakeFiles/main.dir/Users/luke/Source/pico/pico-sdk/src/rp2_common/hardware_gpio/gpio.c.obj
                0x00000000100013c0                gpio_set_input_hysteresis_enabled
 .text.gpio_set_irq_enabled
                0x00000000100013e8       0x54 CMakeFiles/main.dir/Users/luke/Source/pico/pico-sdk/src/rp2_common/hardware_gpio/gpio.c.obj
                0x00000000100013e8                gpio_set_irq_enabled
 .text.gpio_add_raw_irq_handler_with_order_priority_masked
                0x000000001000143c       0x44 CMakeFiles/main.dir/Users/luke/Source/pico/pico-sdk/src/rp2_common/hardware_gpio/gpio.c.obj
                0x000000001000143c                gpio_add_raw_irq_handler_with_order_priority_masked
 .text.gpio_remove_raw_irq_handler_masked
                0x0000000010001480       0x20 CMakeFiles/main.dir/Users/luke/Source/pico/pico-sdk/src/rp2_common/hardware_gpio/gpio.c.obj
                0x0000000010001480                gpio_remove_raw_irq_handler_masked
 .text.gpio_init
                0x00000000100014a0       0x3c CMakeFiles/main.dir/Users/luke/Source/pico/pico-sdk/src/rp2_common/hardware_gpio/gpio.c.obj
                0x00000000100014a0                gpio_init
 .text.irq_set_enabled
                0x00000000100014dc       0x24 CMakeFiles/main.dir/Users/luke/Source/pico/pico-sdk/src/rp2_common/hardware_irq/irq.c.obj
                0x00000000100014dc                irq_set_enabled
 .text.irq_set_pending
                0x0000000010001500       0x10 CMakeFiles/main.dir/Users/luke/Source/pico/pico-sdk/src/rp2_common/hardware_irq/irq.c.obj
                0x0000000010001500                irq_set_pending
 .text.irq_has_shared_handler
                0x0000000010001510       0x2c CMakeFiles/main.dir/Users/luke/Source/pico/pico-sdk/src/rp2_common/hardware_irq/irq.c.obj
                0x0000000010001510                irq_has_shared_handler
 .text.irq_get_vtable_handler
                0x000000001000153c       0x10 CMakeFiles/main.dir/Users/luke/Source/pico/pico-sdk/src/rp2_common/hardware_irq/irq.c.obj
                0x000000001000153c                irq_get_vtable_handler
 .text.irq_set_exclusive_handler
                0x000000001000154c       0x54 CMakeFiles/main.dir/Users/luke/Source/pico/pico-sdk/src/rp2_common/hardware_irq/irq.c.obj
                0x000000001000154c                irq_set_exclusive_handler
 .text.irq_add_shared_handler
                0x00000000100015a0      0x1f4 CMakeFiles/main.dir/Users/luke/Source/pico/pico-sdk/src/rp2_common/hardware_irq/irq.c.obj
                0x00000000100015a0                irq_add_shared_handler
 .text.irq_remove_handler
                0x0000000010001794      0x1c4 CMakeFiles/main.dir/Users/luke/Source/pico/pico-sdk/src/rp2_common/hardware_irq/irq.c.obj
                0x0000000010001794                irq_remove_handler
 .text.irq_set_priority
                0x0000000010001958       0x28 CMakeFiles/main.dir/Users/luke/Source/pico/pico-sdk/src/rp2_common/hardware_irq/irq.c.obj
                0x0000000010001958                irq_set_priority
 .text.irq_add_tail_to_free_list
                0x0000000010001980       0xb4 CMakeFiles/main.dir/Users/luke/Source/pico/pico-sdk/src/rp2_common/hardware_irq/irq.c.obj
                0x0000000010001980                irq_add_tail_to_free_list
 .text.irq_init_priorities
                0x0000000010001a34       0x24 CMakeFiles/main.dir/Users/luke/Source/pico/pico-sdk/src/rp2_common/hardware_irq/irq.c.obj
                0x0000000010001a34                irq_init_priorities
 .text.user_irq_unclaim
                0x0000000010001a58       0x14 CMakeFiles/main.dir/Users/luke/Source/pico/pico-sdk/src/rp2_common/hardware_irq/irq.c.obj
                0x0000000010001a58                user_irq_unclaim
 .text.user_irq_claim_unused
                0x0000000010001a6c       0x2c CMakeFiles/main.dir/Users/luke/Source/pico/pico-sdk/src/rp2_common/hardware_irq/irq.c.obj
                0x0000000010001a6c                user_irq_claim_unused
 .text.sem_init
                0x0000000010001a98       0x20 CMakeFiles/main.dir/Users/luke/Source/pico/pico-sdk/src/common/pico_sync/sem.c.obj
                0x0000000010001a98                sem_init
 .text.lock_init
                0x0000000010001ab8       0x10 CMakeFiles/main.dir/Users/luke/Source/pico/pico-sdk/src/common/pico_sync/lock_core.c.obj
                0x0000000010001ab8                lock_init
 .text.mutex_init
                0x0000000010001ac8       0x1c CMakeFiles/main.dir/Users/luke/Source/pico/pico-sdk/src/common/pico_sync/mutex.c.obj
                0x0000000010001ac8                mutex_init
 .text.recursive_mutex_init
                0x0000000010001ae4       0x1c CMakeFiles/main.dir/Users/luke/Source/pico/pico-sdk/src/common/pico_sync/mutex.c.obj
                0x0000000010001ae4                recursive_mutex_init
 .text.critical_section_init
                0x0000000010001b00       0x1c CMakeFiles/main.dir/Users/luke/Source/pico/pico-sdk/src/common/pico_sync/critical_section.c.obj
                0x0000000010001b00                critical_section_init
 .text.critical_section_init_with_lock_num
                0x0000000010001b1c       0x14 CMakeFiles/main.dir/Users/luke/Source/pico/pico-sdk/src/common/pico_sync/critical_section.c.obj
                0x0000000010001b1c                critical_section_init_with_lock_num
 .text.timer_pool_entry_comparator
                0x0000000010001b30       0x34 CMakeFiles/main.dir/Users/luke/Source/pico/pico-sdk/src/common/pico_time/time.c.obj
                0x0000000010001b30                timer_pool_entry_comparator
 .text.sleep_until_callback
                0x0000000010001b64       0x30 CMakeFiles/main.dir/Users/luke/Source/pico/pico-sdk/src/common/pico_time/time.c.obj
 .text.add_alarm_under_lock.isra.0
                0x0000000010001b94      0x100 CMakeFiles/main.dir/Users/luke/Source/pico/pico-sdk/src/common/pico_time/time.c.obj
 .text.alarm_pool_alarm_callback
                0x0000000010001c94      0x1bc CMakeFiles/main.dir/Users/luke/Source/pico/pico-sdk/src/common/pico_time/time.c.obj
 .text.alarm_pool_init_default
                0x0000000010001e50       0x6c CMakeFiles/main.dir/Users/luke/Source/pico/pico-sdk/src/common/pico_time/time.c.obj
                0x0000000010001e50                alarm_pool_init_default
 .text.alarm_pool_get_default
                0x0000000010001ebc        0x8 CMakeFiles/main.dir/Users/luke/Source/pico/pico-sdk/src/common/pico_time/time.c.obj
                0x0000000010001ebc                alarm_pool_get_default
 .text.alarm_pool_add_alarm_at
                0x0000000010001ec4      0x188 CMakeFiles/main.dir/Users/luke/Source/pico/pico-sdk/src/common/pico_time/time.c.obj
                0x0000000010001ec4                alarm_pool_add_alarm_at
 .text.alarm_pool_cancel_alarm
                0x000000001000204c       0x6c CMakeFiles/main.dir/Users/luke/Source/pico/pico-sdk/src/common/pico_time/time.c.obj
                0x000000001000204c                alarm_pool_cancel_alarm
 .text.alarm_pool_core_num
                0x00000000100020b8        0x4 CMakeFiles/main.dir/Users/luke/Source/pico/pico-sdk/src/common/pico_time/time.c.obj
                0x00000000100020b8                alarm_pool_core_num
 .text.sleep_until
                0x00000000100020bc       0xc4 CMakeFiles/main.dir/Users/luke/Source/pico/pico-sdk/src/common/pico_time/time.c.obj
                0x00000000100020bc                sleep_until
 .text.sleep_ms
                0x0000000010002180       0x38 CMakeFiles/main.dir/Users/luke/Source/pico/pico-sdk/src/common/pico_time/time.c.obj
                0x0000000010002180                sleep_ms
 .text.best_effort_wfe_or_timeout
                0x00000000100021b8       0x78 CMakeFiles/main.dir/Users/luke/Source/pico/pico-sdk/src/common/pico_time/time.c.obj
                0x00000000100021b8                best_effort_wfe_or_timeout
 .text.hardware_alarm_irq_handler
                0x0000000010002230       0xbc CMakeFiles/main.dir/Users/luke/Source/pico/pico-sdk/src/rp2_common/hardware_timer/timer.c.obj
 .text.hardware_alarm_claim
                0x00000000100022ec       0x18 CMakeFiles/main.dir/Users/luke/Source/pico/pico-sdk/src/rp2_common/hardware_timer/timer.c.obj
                0x00000000100022ec                hardware_alarm_claim
 .text.time_us_64
                0x0000000010002304       0x14 CMakeFiles/main.dir/Users/luke/Source/pico/pico-sdk/src/rp2_common/hardware_timer/timer.c.obj
                0x0000000010002304                time_us_64
 .text.busy_wait_until
                0x0000000010002318       0x20 CMakeFiles/main.dir/Users/luke/Source/pico/pico-sdk/src/rp2_common/hardware_timer/timer.c.obj
                0x0000000010002318                busy_wait_until
 .text.hardware_alarm_set_callback
                0x0000000010002338       0x8c CMakeFiles/main.dir/Users/luke/Source/pico/pico-sdk/src/rp2_common/hardware_timer/timer.c.obj
                0x0000000010002338                hardware_alarm_set_callback
 .text.hardware_alarm_set_target
                0x00000000100023c4       0xdc CMakeFiles/main.dir/Users/luke/Source/pico/pico-sdk/src/rp2_common/hardware_timer/timer.c.obj
                0x00000000100023c4                hardware_alarm_set_target
 .text.hardware_alarm_cancel
                0x00000000100024a0       0x3c CMakeFiles/main.dir/Users/luke/Source/pico/pico-sdk/src/rp2_common/hardware_timer/timer.c.obj
                0x00000000100024a0                hardware_alarm_cancel
 .text.ph_merge_nodes
                0x00000000100024dc       0x64 CMakeFiles/main.dir/Users/luke/Source/pico/pico-sdk/src/common/pico_util/pheap.c.obj
 .text.ph_post_alloc_init
                0x0000000010002540       0x3c CMakeFiles/main.dir/Users/luke/Source/pico/pico-sdk/src/common/pico_util/pheap.c.obj
                0x0000000010002540                ph_post_alloc_init
 .text.ph_merge_two_pass
                0x000000001000257c       0x98 CMakeFiles/main.dir/Users/luke/Source/pico/pico-sdk/src/common/pico_util/pheap.c.obj
                0x000000001000257c                ph_merge_two_pass
 .text.ph_remove_any_head
                0x0000000010002614      0x100 CMakeFiles/main.dir/Users/luke/Source/pico/pico-sdk/src/common/pico_util/pheap.c.obj
 .text.ph_remove_head
                0x0000000010002714      0x104 CMakeFiles/main.dir/Users/luke/Source/pico/pico-sdk/src/common/pico_util/pheap.c.obj
                0x0000000010002714                ph_remove_head
 .text.ph_remove_and_free_node
                0x0000000010002818       0x78 CMakeFiles/main.dir/Users/luke/Source/pico/pico-sdk/src/common/pico_util/pheap.c.obj
                0x0000000010002818                ph_remove_and_free_node
 .text.pll_init
                0x0000000010002890       0xa8 CMakeFiles/main.dir/Users/luke/Source/pico/pico-sdk/src/rp2_common/hardware_pll/pll.c.obj
                0x0000000010002890                pll_init
 .text.watchdog_start_tick
                0x0000000010002938       0x10 CMakeFiles/main.dir/Users/luke/Source/pico/pico-sdk/src/rp2_common/hardware_watchdog/watchdog.c.obj
                0x0000000010002938                watchdog_start_tick
 .text.watchdog_reboot
                0x0000000010002948       0x9c CMakeFiles/main.dir/Users/luke/Source/pico/pico-sdk/src/rp2_common/hardware_watchdog/watchdog.c.obj
                0x0000000010002948                watchdog_reboot
 .text.xosc_init
                0x00000000100029e4       0x28 CMakeFiles/main.dir/Users/luke/Source/pico/pico-sdk/src/rp2_common/hardware_xosc/xosc.c.obj
                0x00000000100029e4                xosc_init
 .text.lwip_init
                0x0000000010002a0c       0x24 CMakeFiles/main.dir/Users/luke/Source/pico/pico-sdk/lib/lwip/src/core/init.c.obj
                0x0000000010002a0c                lwip_init
 .text.lwip_htons
                0x0000000010002a30        0x8 CMakeFiles/main.dir/Users/luke/Source/pico/pico-sdk/lib/lwip/src/core/def.c.obj
                0x0000000010002a30                lwip_htons
 .text.lwip_htonl
                0x0000000010002a38        0x4 CMakeFiles/main.dir/Users/luke/Source/pico/pico-sdk/lib/lwip/src/core/def.c.obj
                0x0000000010002a38                lwip_htonl
 .text.dns_call_found
                0x0000000010002a3c      0x184 CMakeFiles/main.dir/Users/luke/Source/pico/pico-sdk/lib/lwip/src/core/dns.c.obj
 .text.dns_send.isra.0
                0x0000000010002bc0      0x174 CMakeFiles/main.dir/Users/luke/Source/pico/pico-sdk/lib/lwip/src/core/dns.c.obj
 .text.dns_init
                0x0000000010002d34        0x4 CMakeFiles/main.dir/Users/luke/Source/pico/pico-sdk/lib/lwip/src/core/dns.c.obj
                0x0000000010002d34                dns_init
 .text.dns_setserver
                0x0000000010002d38       0x24 CMakeFiles/main.dir/Users/luke/Source/pico/pico-sdk/lib/lwip/src/core/dns.c.obj
                0x0000000010002d38                dns_setserver
 .text.dns_tmr  0x0000000010002d5c      0x140 CMakeFiles/main.dir/Users/luke/Source/pico/pico-sdk/lib/lwip/src/core/dns.c.obj
                0x0000000010002d5c                dns_tmr
 .text.lwip_standard_chksum
                0x0000000010002e9c       0xdc CMakeFiles/main.dir/Users/luke/Source/pico/pico-sdk/lib/lwip/src/core/inet_chksum.c.obj
                0x0000000010002e9c                lwip_standard_chksum
 .text.inet_chksum_pseudo
                0x0000000010002f78       0xbc CMakeFiles/main.dir/Users/luke/Source/pico/pico-sdk/lib/lwip/src/core/inet_chksum.c.obj
                0x0000000010002f78                inet_chksum_pseudo
 .text.ip_chksum_pseudo
                0x0000000010003034       0x10 CMakeFiles/main.dir/Users/luke/Source/pico/pico-sdk/lib/lwip/src/core/inet_chksum.c.obj
                0x0000000010003034                ip_chksum_pseudo
 .text.inet_chksum
                0x0000000010003044        0xc CMakeFiles/main.dir/Users/luke/Source/pico/pico-sdk/lib/lwip/src/core/inet_chksum.c.obj
                0x0000000010003044                inet_chksum
 .text.inet_chksum_pbuf
                0x0000000010003050       0x78 CMakeFiles/main.dir/Users/luke/Source/pico/pico-sdk/lib/lwip/src/core/inet_chksum.c.obj
                0x0000000010003050                inet_chksum_pbuf
 .text.mem_init
                0x00000000100030c8       0x3c CMakeFiles/main.dir/Users/luke/Source/pico/pico-sdk/lib/lwip/src/core/mem.c.obj
                0x00000000100030c8                mem_init
 .text.mem_free
                0x0000000010003104      0x130 CMakeFiles/main.dir/Users/luke/Source/pico/pico-sdk/lib/lwip/src/core/mem.c.obj
                0x0000000010003104                mem_free
 .text.mem_trim
                0x0000000010003234       0xfc CMakeFiles/main.dir/Users/luke/Source/pico/pico-sdk/lib/lwip/src/core/mem.c.obj
                0x0000000010003234                mem_trim
 .text.mem_malloc
                0x0000000010003330      0x114 CMakeFiles/main.dir/Users/luke/Source/pico/pico-sdk/lib/lwip/src/core/mem.c.obj
                0x0000000010003330                mem_malloc
 .text.memp_init
                0x0000000010003444       0x6c CMakeFiles/main.dir/Users/luke/Source/pico/pico-sdk/lib/lwip/src/core/memp.c.obj
                0x0000000010003444                memp_init
 .text.memp_malloc
                0x00000000100034b0       0x40 CMakeFiles/main.dir/Users/luke/Source/pico/pico-sdk/lib/lwip/src/core/memp.c.obj
                0x00000000100034b0                memp_malloc
 .text.memp_free
                0x00000000100034f0       0x38 CMakeFiles/main.dir/Users/luke/Source/pico/pico-sdk/lib/lwip/src/core/memp.c.obj
                0x00000000100034f0                memp_free
 .text.netif_null_output_ip4
                0x0000000010003528        0x8 CMakeFiles/main.dir/Users/luke/Source/pico/pico-sdk/lib/lwip/src/core/netif.c.obj
 .text.netif_do_set_ipaddr.isra.0
                0x0000000010003530       0x60 CMakeFiles/main.dir/Users/luke/Source/pico/pico-sdk/lib/lwip/src/core/netif.c.obj
 .text.netif_init
                0x0000000010003590        0x4 CMakeFiles/main.dir/Users/luke/Source/pico/pico-sdk/lib/lwip/src/core/netif.c.obj
                0x0000000010003590                netif_init
 .text.netif_add
                0x0000000010003594      0x16c CMakeFiles/main.dir/Users/luke/Source/pico/pico-sdk/lib/lwip/src/core/netif.c.obj
                0x0000000010003594                netif_add
 .text.netif_set_addr
                0x0000000010003700       0xb4 CMakeFiles/main.dir/Users/luke/Source/pico/pico-sdk/lib/lwip/src/core/netif.c.obj
                0x0000000010003700                netif_set_addr
 .text.netif_remove
                0x00000000100037b4       0x94 CMakeFiles/main.dir/Users/luke/Source/pico/pico-sdk/lib/lwip/src/core/netif.c.obj
                0x00000000100037b4                netif_remove
 .text.netif_set_default
                0x0000000010003848        0xc CMakeFiles/main.dir/Users/luke/Source/pico/pico-sdk/lib/lwip/src/core/netif.c.obj
                0x0000000010003848                netif_set_default
 .text.netif_set_up
                0x0000000010003854       0x40 CMakeFiles/main.dir/Users/luke/Source/pico/pico-sdk/lib/lwip/src/core/netif.c.obj
                0x0000000010003854                netif_set_up
 .text.netif_set_link_up
                0x0000000010003894       0x44 CMakeFiles/main.dir/Users/luke/Source/pico/pico-sdk/lib/lwip/src/core/netif.c.obj
                0x0000000010003894                netif_set_link_up
 .text.netif_set_link_down
                0x00000000100038d8       0x20 CMakeFiles/main.dir/Users/luke/Source/pico/pico-sdk/lib/lwip/src/core/netif.c.obj
                0x00000000100038d8                netif_set_link_down
 .text.netif_get_by_index
                0x00000000100038f8       0x2c CMakeFiles/main.dir/Users/luke/Source/pico/pico-sdk/lib/lwip/src/core/netif.c.obj
                0x00000000100038f8                netif_get_by_index
 .text.pbuf_free.part.0
                0x0000000010003924       0x7c CMakeFiles/main.dir/Users/luke/Source/pico/pico-sdk/lib/lwip/src/core/pbuf.c.obj
 .text.pbuf_free_ooseq
                0x00000000100039a0       0x34 CMakeFiles/main.dir/Users/luke/Source/pico/pico-sdk/lib/lwip/src/core/pbuf.c.obj
                0x00000000100039a0                pbuf_free_ooseq
 .text.pbuf_alloc
                0x00000000100039d4      0x13c CMakeFiles/main.dir/Users/luke/Source/pico/pico-sdk/lib/lwip/src/core/pbuf.c.obj
                0x00000000100039d4                pbuf_alloc
 .text.pbuf_realloc
                0x0000000010003b10       0x84 CMakeFiles/main.dir/Users/luke/Source/pico/pico-sdk/lib/lwip/src/core/pbuf.c.obj
                0x0000000010003b10                pbuf_realloc
 .text.pbuf_add_header
                0x0000000010003b94       0x50 CMakeFiles/main.dir/Users/luke/Source/pico/pico-sdk/lib/lwip/src/core/pbuf.c.obj
                0x0000000010003b94                pbuf_add_header
 .text.pbuf_remove_header
                0x0000000010003be4       0x3c CMakeFiles/main.dir/Users/luke/Source/pico/pico-sdk/lib/lwip/src/core/pbuf.c.obj
                0x0000000010003be4                pbuf_remove_header
 .text.pbuf_header_force
                0x0000000010003c20       0x6c CMakeFiles/main.dir/Users/luke/Source/pico/pico-sdk/lib/lwip/src/core/pbuf.c.obj
                0x0000000010003c20                pbuf_header_force
 .text.pbuf_free
                0x0000000010003c8c       0x18 CMakeFiles/main.dir/Users/luke/Source/pico/pico-sdk/lib/lwip/src/core/pbuf.c.obj
                0x0000000010003c8c                pbuf_free
 .text.pbuf_clen
                0x0000000010003ca4       0x14 CMakeFiles/main.dir/Users/luke/Source/pico/pico-sdk/lib/lwip/src/core/pbuf.c.obj
                0x0000000010003ca4                pbuf_clen
 .text.pbuf_ref
                0x0000000010003cb8       0x28 CMakeFiles/main.dir/Users/luke/Source/pico/pico-sdk/lib/lwip/src/core/pbuf.c.obj
                0x0000000010003cb8                pbuf_ref
 .text.pbuf_cat
                0x0000000010003ce0       0x44 CMakeFiles/main.dir/Users/luke/Source/pico/pico-sdk/lib/lwip/src/core/pbuf.c.obj
                0x0000000010003ce0                pbuf_cat
 .text.pbuf_chain
                0x0000000010003d24       0x64 CMakeFiles/main.dir/Users/luke/Source/pico/pico-sdk/lib/lwip/src/core/pbuf.c.obj
                0x0000000010003d24                pbuf_chain
 .text.pbuf_copy_partial_pbuf
                0x0000000010003d88      0x130 CMakeFiles/main.dir/Users/luke/Source/pico/pico-sdk/lib/lwip/src/core/pbuf.c.obj
                0x0000000010003d88                pbuf_copy_partial_pbuf
 .text.pbuf_copy
                0x0000000010003eb8       0x18 CMakeFiles/main.dir/Users/luke/Source/pico/pico-sdk/lib/lwip/src/core/pbuf.c.obj
                0x0000000010003eb8                pbuf_copy
 .text.pbuf_copy_partial
                0x0000000010003ed0       0x68 CMakeFiles/main.dir/Users/luke/Source/pico/pico-sdk/lib/lwip/src/core/pbuf.c.obj
                0x0000000010003ed0                pbuf_copy_partial
 .text.pbuf_take
                0x0000000010003f38       0x78 CMakeFiles/main.dir/Users/luke/Source/pico/pico-sdk/lib/lwip/src/core/pbuf.c.obj
                0x0000000010003f38                pbuf_take
 .text.pbuf_take_at
                0x0000000010003fb0       0xcc CMakeFiles/main.dir/Users/luke/Source/pico/pico-sdk/lib/lwip/src/core/pbuf.c.obj
                0x0000000010003fb0                pbuf_take_at
 .text.pbuf_clone
                0x000000001000407c       0x30 CMakeFiles/main.dir/Users/luke/Source/pico/pico-sdk/lib/lwip/src/core/pbuf.c.obj
                0x000000001000407c                pbuf_clone
 .text.pbuf_put_at
                0x00000000100040ac       0x1c CMakeFiles/main.dir/Users/luke/Source/pico/pico-sdk/lib/lwip/src/core/pbuf.c.obj
                0x00000000100040ac                pbuf_put_at
 .text.raw_input
                0x00000000100040c8       0xfc CMakeFiles/main.dir/Users/luke/Source/pico/pico-sdk/lib/lwip/src/core/raw.c.obj
                0x00000000100040c8                raw_input
 .text.raw_netif_ip_addr_changed
                0x00000000100041c4       0x40 CMakeFiles/main.dir/Users/luke/Source/pico/pico-sdk/lib/lwip/src/core/raw.c.obj
                0x00000000100041c4                raw_netif_ip_addr_changed
 .text.stats_init
                0x0000000010004204        0x4 CMakeFiles/main.dir/Users/luke/Source/pico/pico-sdk/lib/lwip/src/core/stats.c.obj
                0x0000000010004204                stats_init
 .text.tcp_close_shutdown_fin
                0x0000000010004208       0x58 CMakeFiles/main.dir/Users/luke/Source/pico/pico-sdk/lib/lwip/src/core/tcp.c.obj
 .text.tcp_pcb_purge.part.0
                0x0000000010004260       0xc4 CMakeFiles/main.dir/Users/luke/Source/pico/pico-sdk/lib/lwip/src/core/tcp.c.obj
 .text.tcp_init
                0x0000000010004324       0x20 CMakeFiles/main.dir/Users/luke/Source/pico/pico-sdk/lib/lwip/src/core/tcp.c.obj
                0x0000000010004324                tcp_init
 .text.tcp_free
                0x0000000010004344       0x1c CMakeFiles/main.dir/Users/luke/Source/pico/pico-sdk/lib/lwip/src/core/tcp.c.obj
                0x0000000010004344                tcp_free
 .text.tcp_update_rcv_ann_wnd
                0x0000000010004360       0x58 CMakeFiles/main.dir/Users/luke/Source/pico/pico-sdk/lib/lwip/src/core/tcp.c.obj
                0x0000000010004360                tcp_update_rcv_ann_wnd
 .text.tcp_recved
                0x00000000100043b8       0x98 CMakeFiles/main.dir/Users/luke/Source/pico/pico-sdk/lib/lwip/src/core/tcp.c.obj
                0x00000000100043b8                tcp_recved
 .text.tcp_slowtmr
                0x0000000010004450      0x534 CMakeFiles/main.dir/Users/luke/Source/pico/pico-sdk/lib/lwip/src/core/tcp.c.obj
                0x0000000010004450                tcp_slowtmr
 .text.tcp_segs_free
                0x0000000010004984       0x38 CMakeFiles/main.dir/Users/luke/Source/pico/pico-sdk/lib/lwip/src/core/tcp.c.obj
                0x0000000010004984                tcp_segs_free
 .text.tcp_seg_free
                0x00000000100049bc       0x1c CMakeFiles/main.dir/Users/luke/Source/pico/pico-sdk/lib/lwip/src/core/tcp.c.obj
                0x00000000100049bc                tcp_seg_free
 .text.tcp_seg_copy
                0x00000000100049d8       0x2c CMakeFiles/main.dir/Users/luke/Source/pico/pico-sdk/lib/lwip/src/core/tcp.c.obj
                0x00000000100049d8                tcp_seg_copy
 .text.tcp_pcb_purge
                0x0000000010004a04       0x18 CMakeFiles/main.dir/Users/luke/Source/pico/pico-sdk/lib/lwip/src/core/tcp.c.obj
                0x0000000010004a04                tcp_pcb_purge
 .text.tcp_pcb_remove
                0x0000000010004a1c       0xc8 CMakeFiles/main.dir/Users/luke/Source/pico/pico-sdk/lib/lwip/src/core/tcp.c.obj
                0x0000000010004a1c                tcp_pcb_remove
 .text.tcp_abandon
                0x0000000010004ae4      0x1a4 CMakeFiles/main.dir/Users/luke/Source/pico/pico-sdk/lib/lwip/src/core/tcp.c.obj
                0x0000000010004ae4                tcp_abandon
 .text.tcp_abort
                0x0000000010004c88        0xc CMakeFiles/main.dir/Users/luke/Source/pico/pico-sdk/lib/lwip/src/core/tcp.c.obj
                0x0000000010004c88                tcp_abort
 .text.tcp_alloc
                0x0000000010004c94      0x1d4 CMakeFiles/main.dir/Users/luke/Source/pico/pico-sdk/lib/lwip/src/core/tcp.c.obj
                0x0000000010004c94                tcp_alloc
 .text.tcp_close_shutdown
                0x0000000010004e68      0x18c CMakeFiles/main.dir/Users/luke/Source/pico/pico-sdk/lib/lwip/src/core/tcp.c.obj
 .text.tcp_recv_null
                0x0000000010004ff4       0xcc CMakeFiles/main.dir/Users/luke/Source/pico/pico-sdk/lib/lwip/src/core/tcp.c.obj
                0x0000000010004ff4                tcp_recv_null
 .text.tcp_process_refused_data
                0x00000000100050c0       0x78 CMakeFiles/main.dir/Users/luke/Source/pico/pico-sdk/lib/lwip/src/core/tcp.c.obj
                0x00000000100050c0                tcp_process_refused_data
 .text.tcp_fasttmr
                0x0000000010005138       0x98 CMakeFiles/main.dir/Users/luke/Source/pico/pico-sdk/lib/lwip/src/core/tcp.c.obj
                0x0000000010005138                tcp_fasttmr
 .text.tcp_tmr  0x00000000100051d0       0x20 CMakeFiles/main.dir/Users/luke/Source/pico/pico-sdk/lib/lwip/src/core/tcp.c.obj
                0x00000000100051d0                tcp_tmr
 .text.tcp_next_iss
                0x00000000100051f0       0x28 CMakeFiles/main.dir/Users/luke/Source/pico/pico-sdk/lib/lwip/src/core/tcp.c.obj
                0x00000000100051f0                tcp_next_iss
 .text.tcp_eff_send_mss_netif
                0x0000000010005218       0x34 CMakeFiles/main.dir/Users/luke/Source/pico/pico-sdk/lib/lwip/src/core/tcp.c.obj
                0x0000000010005218                tcp_eff_send_mss_netif
 .text.tcp_netif_ip_addr_changed
                0x000000001000524c       0x9c CMakeFiles/main.dir/Users/luke/Source/pico/pico-sdk/lib/lwip/src/core/tcp.c.obj
                0x000000001000524c                tcp_netif_ip_addr_changed
 .text.tcp_free_ooseq
                0x00000000100052e8       0x40 CMakeFiles/main.dir/Users/luke/Source/pico/pico-sdk/lib/lwip/src/core/tcp.c.obj
                0x00000000100052e8                tcp_free_ooseq
 .text.tcp_parseopt
                0x0000000010005328      0x1c4 CMakeFiles/main.dir/Users/luke/Source/pico/pico-sdk/lib/lwip/src/core/tcp_in.c.obj
 .text.tcp_oos_insert_segment
                0x00000000100054ec       0xdc CMakeFiles/main.dir/Users/luke/Source/pico/pico-sdk/lib/lwip/src/core/tcp_in.c.obj
 .text.tcp_free_acked_segments.constprop.0
                0x00000000100055c8       0xdc CMakeFiles/main.dir/Users/luke/Source/pico/pico-sdk/lib/lwip/src/core/tcp_in.c.obj
 .text.tcp_receive
                0x00000000100056a4      0xa10 CMakeFiles/main.dir/Users/luke/Source/pico/pico-sdk/lib/lwip/src/core/tcp_in.c.obj
 .text.tcp_input
                0x00000000100060b4      0xe8c CMakeFiles/main.dir/Users/luke/Source/pico/pico-sdk/lib/lwip/src/core/tcp_in.c.obj
                0x00000000100060b4                tcp_input
 .text.tcp_trigger_input_pcb_close
                0x0000000010006f40       0x10 CMakeFiles/main.dir/Users/luke/Source/pico/pico-sdk/lib/lwip/src/core/tcp_in.c.obj
                0x0000000010006f40                tcp_trigger_input_pcb_close
 .text.tcp_create_segment
                0x0000000010006f50       0xf8 CMakeFiles/main.dir/Users/luke/Source/pico/pico-sdk/lib/lwip/src/core/tcp_out.c.obj
 .text.tcp_output_control_segment
                0x0000000010007048       0xc0 CMakeFiles/main.dir/Users/luke/Source/pico/pico-sdk/lib/lwip/src/core/tcp_out.c.obj
 .text.tcp_output_alloc_header.constprop.0
                0x0000000010007108       0xc8 CMakeFiles/main.dir/Users/luke/Source/pico/pico-sdk/lib/lwip/src/core/tcp_out.c.obj
 .text.tcp_split_unsent_seg
                0x00000000100071d0      0x1b4 CMakeFiles/main.dir/Users/luke/Source/pico/pico-sdk/lib/lwip/src/core/tcp_out.c.obj
                0x00000000100071d0                tcp_split_unsent_seg
 .text.tcp_send_fin
                0x0000000010007384      0x118 CMakeFiles/main.dir/Users/luke/Source/pico/pico-sdk/lib/lwip/src/core/tcp_out.c.obj
                0x0000000010007384                tcp_send_fin
 .text.tcp_enqueue_flags
                0x000000001000749c      0x108 CMakeFiles/main.dir/Users/luke/Source/pico/pico-sdk/lib/lwip/src/core/tcp_out.c.obj
                0x000000001000749c                tcp_enqueue_flags
 .text.tcp_rexmit_rto_prepare
                0x00000000100075a4       0x9c CMakeFiles/main.dir/Users/luke/Source/pico/pico-sdk/lib/lwip/src/core/tcp_out.c.obj
                0x00000000100075a4                tcp_rexmit_rto_prepare
 .text.tcp_rexmit
                0x0000000010007640       0x9c CMakeFiles/main.dir/Users/luke/Source/pico/pico-sdk/lib/lwip/src/core/tcp_out.c.obj
                0x0000000010007640                tcp_rexmit
 .text.tcp_rexmit_fast
                0x00000000100076dc       0x64 CMakeFiles/main.dir/Users/luke/Source/pico/pico-sdk/lib/lwip/src/core/tcp_out.c.obj
                0x00000000100076dc                tcp_rexmit_fast
 .text.tcp_rst  0x0000000010007740       0xe8 CMakeFiles/main.dir/Users/luke/Source/pico/pico-sdk/lib/lwip/src/core/tcp_out.c.obj
                0x0000000010007740                tcp_rst
 .text.tcp_rst_netif
                0x0000000010007828      0x130 CMakeFiles/main.dir/Users/luke/Source/pico/pico-sdk/lib/lwip/src/core/tcp_out.c.obj
                0x0000000010007828                tcp_rst_netif
 .text.tcp_send_empty_ack
                0x0000000010007958       0x4c CMakeFiles/main.dir/Users/luke/Source/pico/pico-sdk/lib/lwip/src/core/tcp_out.c.obj
                0x0000000010007958                tcp_send_empty_ack
 .text.tcp_output
                0x00000000100079a4      0x458 CMakeFiles/main.dir/Users/luke/Source/pico/pico-sdk/lib/lwip/src/core/tcp_out.c.obj
                0x00000000100079a4                tcp_output
 .text.tcp_rexmit_rto_commit
                0x0000000010007dfc       0x24 CMakeFiles/main.dir/Users/luke/Source/pico/pico-sdk/lib/lwip/src/core/tcp_out.c.obj
                0x0000000010007dfc                tcp_rexmit_rto_commit
 .text.tcp_rexmit_rto
                0x0000000010007e20       0xa4 CMakeFiles/main.dir/Users/luke/Source/pico/pico-sdk/lib/lwip/src/core/tcp_out.c.obj
                0x0000000010007e20                tcp_rexmit_rto
 .text.tcp_keepalive
                0x0000000010007ec4       0xdc CMakeFiles/main.dir/Users/luke/Source/pico/pico-sdk/lib/lwip/src/core/tcp_out.c.obj
                0x0000000010007ec4                tcp_keepalive
 .text.tcp_zero_window_probe
                0x0000000010007fa0      0x110 CMakeFiles/main.dir/Users/luke/Source/pico/pico-sdk/lib/lwip/src/core/tcp_out.c.obj
                0x0000000010007fa0                tcp_zero_window_probe
 .text.tcpip_tcp_timer
                0x00000000100080b0       0x78 CMakeFiles/main.dir/Users/luke/Source/pico/pico-sdk/lib/lwip/src/core/timeouts.c.obj
 .text.lwip_cyclic_timer
                0x0000000010008128       0x98 CMakeFiles/main.dir/Users/luke/Source/pico/pico-sdk/lib/lwip/src/core/timeouts.c.obj
 .text.tcp_timer_needed
                0x00000000100081c0       0x7c CMakeFiles/main.dir/Users/luke/Source/pico/pico-sdk/lib/lwip/src/core/timeouts.c.obj
                0x00000000100081c0                tcp_timer_needed
 .text.sys_timeouts_init
                0x000000001000823c       0x8c CMakeFiles/main.dir/Users/luke/Source/pico/pico-sdk/lib/lwip/src/core/timeouts.c.obj
                0x000000001000823c                sys_timeouts_init
 .text.sys_check_timeouts
                0x00000000100082c8       0x68 CMakeFiles/main.dir/Users/luke/Source/pico/pico-sdk/lib/lwip/src/core/timeouts.c.obj
                0x00000000100082c8                sys_check_timeouts
 .text.sys_timeouts_sleeptime
                0x0000000010008330       0x28 CMakeFiles/main.dir/Users/luke/Source/pico/pico-sdk/lib/lwip/src/core/timeouts.c.obj
                0x0000000010008330                sys_timeouts_sleeptime
 .text.udp_init
                0x0000000010008358       0x20 CMakeFiles/main.dir/Users/luke/Source/pico/pico-sdk/lib/lwip/src/core/udp.c.obj
                0x0000000010008358                udp_init
 .text.udp_input
                0x0000000010008378      0x270 CMakeFiles/main.dir/Users/luke/Source/pico/pico-sdk/lib/lwip/src/core/udp.c.obj
                0x0000000010008378                udp_input
 .text.udp_bind
                0x00000000100085e8      0x108 CMakeFiles/main.dir/Users/luke/Source/pico/pico-sdk/lib/lwip/src/core/udp.c.obj
                0x00000000100085e8                udp_bind
 .text.udp_sendto_if_src
                0x00000000100086f0      0x130 CMakeFiles/main.dir/Users/luke/Source/pico/pico-sdk/lib/lwip/src/core/udp.c.obj
                0x00000000100086f0                udp_sendto_if_src
 .text.udp_sendto_if
                0x0000000010008820       0x48 CMakeFiles/main.dir/Users/luke/Source/pico/pico-sdk/lib/lwip/src/core/udp.c.obj
                0x0000000010008820                udp_sendto_if
 .text.udp_sendto
                0x0000000010008868       0x78 CMakeFiles/main.dir/Users/luke/Source/pico/pico-sdk/lib/lwip/src/core/udp.c.obj
                0x0000000010008868                udp_sendto
 .text.udp_connect
                0x00000000100088e0       0x60 CMakeFiles/main.dir/Users/luke/Source/pico/pico-sdk/lib/lwip/src/core/udp.c.obj
                0x00000000100088e0                udp_connect
 .text.udp_recv
                0x0000000010008940        0xc CMakeFiles/main.dir/Users/luke/Source/pico/pico-sdk/lib/lwip/src/core/udp.c.obj
                0x0000000010008940                udp_recv
 .text.udp_remove
                0x000000001000894c       0x3c CMakeFiles/main.dir/Users/luke/Source/pico/pico-sdk/lib/lwip/src/core/udp.c.obj
                0x000000001000894c                udp_remove
 .text.udp_new  0x0000000010008988       0x1c CMakeFiles/main.dir/Users/luke/Source/pico/pico-sdk/lib/lwip/src/core/udp.c.obj
                0x0000000010008988                udp_new
 .text.udp_netif_ip_addr_changed
                0x00000000100089a4       0x40 CMakeFiles/main.dir/Users/luke/Source/pico/pico-sdk/lib/lwip/src/core/udp.c.obj
                0x00000000100089a4                udp_netif_ip_addr_changed
 .text.dhcp_create_msg
                0x00000000100089e4      0x164 CMakeFiles/main.dir/Users/luke/Source/pico/pico-sdk/lib/lwip/src/core/ipv4/dhcp.c.obj
 .text.dhcp_inc_pcb_refcount
                0x0000000010008b48       0x6c CMakeFiles/main.dir/Users/luke/Source/pico/pico-sdk/lib/lwip/src/core/ipv4/dhcp.c.obj
 .text.dhcp_bind
                0x0000000010008bb4      0x154 CMakeFiles/main.dir/Users/luke/Source/pico/pico-sdk/lib/lwip/src/core/ipv4/dhcp.c.obj
 .text.dhcp_option_hostname.isra.0
                0x0000000010008d08       0x88 CMakeFiles/main.dir/Users/luke/Source/pico/pico-sdk/lib/lwip/src/core/ipv4/dhcp.c.obj
 .text.dhcp_handle_ack.isra.0
                0x0000000010008d90       0xcc CMakeFiles/main.dir/Users/luke/Source/pico/pico-sdk/lib/lwip/src/core/ipv4/dhcp.c.obj
 .text.dhcp_reboot.isra.0
                0x0000000010008e5c      0x178 CMakeFiles/main.dir/Users/luke/Source/pico/pico-sdk/lib/lwip/src/core/ipv4/dhcp.c.obj
 .text.dhcp_discover
                0x0000000010008fd4      0x140 CMakeFiles/main.dir/Users/luke/Source/pico/pico-sdk/lib/lwip/src/core/ipv4/dhcp.c.obj
 .text.dhcp_select.isra.0
                0x0000000010009114      0x1e0 CMakeFiles/main.dir/Users/luke/Source/pico/pico-sdk/lib/lwip/src/core/ipv4/dhcp.c.obj
 .text.dhcp_recv
                0x00000000100092f4      0x480 CMakeFiles/main.dir/Users/luke/Source/pico/pico-sdk/lib/lwip/src/core/ipv4/dhcp.c.obj
 .text.dhcp_set_struct
                0x0000000010009774       0x44 CMakeFiles/main.dir/Users/luke/Source/pico/pico-sdk/lib/lwip/src/core/ipv4/dhcp.c.obj
                0x0000000010009774                dhcp_set_struct
 .text.dhcp_network_changed_link_up
                0x00000000100097b8       0x40 CMakeFiles/main.dir/Users/luke/Source/pico/pico-sdk/lib/lwip/src/core/ipv4/dhcp.c.obj
                0x00000000100097b8                dhcp_network_changed_link_up
 .text.dhcp_renew
                0x00000000100097f8      0x138 CMakeFiles/main.dir/Users/luke/Source/pico/pico-sdk/lib/lwip/src/core/ipv4/dhcp.c.obj
                0x00000000100097f8                dhcp_renew
 .text.dhcp_release_and_stop
                0x0000000010009930      0x158 CMakeFiles/main.dir/Users/luke/Source/pico/pico-sdk/lib/lwip/src/core/ipv4/dhcp.c.obj
                0x0000000010009930                dhcp_release_and_stop
 .text.dhcp_start
                0x0000000010009a88       0xb0 CMakeFiles/main.dir/Users/luke/Source/pico/pico-sdk/lib/lwip/src/core/ipv4/dhcp.c.obj
                0x0000000010009a88                dhcp_start
 .text.dhcp_coarse_tmr
                0x0000000010009b38      0x1d4 CMakeFiles/main.dir/Users/luke/Source/pico/pico-sdk/lib/lwip/src/core/ipv4/dhcp.c.obj
                0x0000000010009b38                dhcp_coarse_tmr
 .text.dhcp_fine_tmr
                0x0000000010009d0c       0x78 CMakeFiles/main.dir/Users/luke/Source/pico/pico-sdk/lib/lwip/src/core/ipv4/dhcp.c.obj
                0x0000000010009d0c                dhcp_fine_tmr
 .text.dhcp_stop
                0x0000000010009d84      0x158 CMakeFiles/main.dir/Users/luke/Source/pico/pico-sdk/lib/lwip/src/core/ipv4/dhcp.c.obj
                0x0000000010009d84                dhcp_stop
 .text.etharp_find_entry
                0x0000000010009edc      0x3f4 CMakeFiles/main.dir/Users/luke/Source/pico/pico-sdk/lib/lwip/src/core/ipv4/etharp.c.obj
 .text.etharp_raw
                0x000000001000a2d0       0xec CMakeFiles/main.dir/Users/luke/Source/pico/pico-sdk/lib/lwip/src/core/ipv4/etharp.c.obj
 .text.etharp_output_to_arp_index
                0x000000001000a3bc       0xe4 CMakeFiles/main.dir/Users/luke/Source/pico/pico-sdk/lib/lwip/src/core/ipv4/etharp.c.obj
 .text.etharp_tmr
                0x000000001000a4a0       0x94 CMakeFiles/main.dir/Users/luke/Source/pico/pico-sdk/lib/lwip/src/core/ipv4/etharp.c.obj
                0x000000001000a4a0                etharp_tmr
 .text.etharp_cleanup_netif
                0x000000001000a534      0x188 CMakeFiles/main.dir/Users/luke/Source/pico/pico-sdk/lib/lwip/src/core/ipv4/etharp.c.obj
                0x000000001000a534                etharp_cleanup_netif
 .text.etharp_input
                0x000000001000a6bc      0x1b8 CMakeFiles/main.dir/Users/luke/Source/pico/pico-sdk/lib/lwip/src/core/ipv4/etharp.c.obj
                0x000000001000a6bc                etharp_input
 .text.etharp_query
                0x000000001000a874      0x1b8 CMakeFiles/main.dir/Users/luke/Source/pico/pico-sdk/lib/lwip/src/core/ipv4/etharp.c.obj
                0x000000001000a874                etharp_query
 .text.etharp_output
                0x000000001000aa2c      0x24c CMakeFiles/main.dir/Users/luke/Source/pico/pico-sdk/lib/lwip/src/core/ipv4/etharp.c.obj
                0x000000001000aa2c                etharp_output
 .text.etharp_request
                0x000000001000ac78       0x2c CMakeFiles/main.dir/Users/luke/Source/pico/pico-sdk/lib/lwip/src/core/ipv4/etharp.c.obj
                0x000000001000ac78                etharp_request
 .text.icmp_input
                0x000000001000aca4      0x1ec CMakeFiles/main.dir/Users/luke/Source/pico/pico-sdk/lib/lwip/src/core/ipv4/icmp.c.obj
                0x000000001000aca4                icmp_input
 .text.icmp_dest_unreach
                0x000000001000ae90       0xcc CMakeFiles/main.dir/Users/luke/Source/pico/pico-sdk/lib/lwip/src/core/ipv4/icmp.c.obj
                0x000000001000ae90                icmp_dest_unreach
 .text.icmp_time_exceeded
                0x000000001000af5c       0xcc CMakeFiles/main.dir/Users/luke/Source/pico/pico-sdk/lib/lwip/src/core/ipv4/icmp.c.obj
                0x000000001000af5c                icmp_time_exceeded
 .text.ip_reass_free_complete_datagram
                0x000000001000b028      0x11c CMakeFiles/main.dir/Users/luke/Source/pico/pico-sdk/lib/lwip/src/core/ipv4/ip4_frag.c.obj
 .text.ip_reass_remove_oldest_datagram
                0x000000001000b144       0xd8 CMakeFiles/main.dir/Users/luke/Source/pico/pico-sdk/lib/lwip/src/core/ipv4/ip4_frag.c.obj
 .text.ip_reass_tmr
                0x000000001000b21c       0x38 CMakeFiles/main.dir/Users/luke/Source/pico/pico-sdk/lib/lwip/src/core/ipv4/ip4_frag.c.obj
                0x000000001000b21c                ip_reass_tmr
 .text.ip4_reass
                0x000000001000b254      0x538 CMakeFiles/main.dir/Users/luke/Source/pico/pico-sdk/lib/lwip/src/core/ipv4/ip4_frag.c.obj
                0x000000001000b254                ip4_reass
 .text.ip4_frag
                0x000000001000b78c      0x184 CMakeFiles/main.dir/Users/luke/Source/pico/pico-sdk/lib/lwip/src/core/ipv4/ip4_frag.c.obj
                0x000000001000b78c                ip4_frag
 .text.ip4_route
                0x000000001000b910       0x7c CMakeFiles/main.dir/Users/luke/Source/pico/pico-sdk/lib/lwip/src/core/ipv4/ip4.c.obj
                0x000000001000b910                ip4_route
 .text.ip4_input
                0x000000001000b98c      0x300 CMakeFiles/main.dir/Users/luke/Source/pico/pico-sdk/lib/lwip/src/core/ipv4/ip4.c.obj
                0x000000001000b98c                ip4_input
 .text.ip4_output_if
                0x000000001000bc8c      0x188 CMakeFiles/main.dir/Users/luke/Source/pico/pico-sdk/lib/lwip/src/core/ipv4/ip4.c.obj
                0x000000001000bc8c                ip4_output_if
 .text.ip4_output_if_src
                0x000000001000be14      0x180 CMakeFiles/main.dir/Users/luke/Source/pico/pico-sdk/lib/lwip/src/core/ipv4/ip4.c.obj
                0x000000001000be14                ip4_output_if_src
 .text.ip4_addr_isbroadcast_u32
                0x000000001000bf94       0x3c CMakeFiles/main.dir/Users/luke/Source/pico/pico-sdk/lib/lwip/src/core/ipv4/ip4_addr.c.obj
                0x000000001000bf94                ip4_addr_isbroadcast_u32
 .text.ip4addr_aton
                0x000000001000bfd0      0x1b4 CMakeFiles/main.dir/Users/luke/Source/pico/pico-sdk/lib/lwip/src/core/ipv4/ip4_addr.c.obj
                0x000000001000bfd0                ip4addr_aton
 .text.ethernet_input
                0x000000001000c184       0xd0 CMakeFiles/main.dir/Users/luke/Source/pico/pico-sdk/lib/lwip/src/netif/ethernet.c.obj
                0x000000001000c184                ethernet_input
 .text.ethernet_output
                0x000000001000c254       0x6c CMakeFiles/main.dir/Users/luke/Source/pico/pico-sdk/lib/lwip/src/netif/ethernet.c.obj
                0x000000001000c254                ethernet_output
 .text.cyw43_arch_wifi_connect_bssid_until.part.0
                0x000000001000c2c0       0xd8 CMakeFiles/main.dir/Users/luke/Source/pico/pico-sdk/src/rp2_common/pico_cyw43_arch/cyw43_arch.c.obj
 .text.cyw43_arch_set_async_context
                0x000000001000c398        0xc CMakeFiles/main.dir/Users/luke/Source/pico/pico-sdk/src/rp2_common/pico_cyw43_arch/cyw43_arch.c.obj
                0x000000001000c398                cyw43_arch_set_async_context
 .text.cyw43_arch_enable_sta_mode
                0x000000001000c3a4       0x1c CMakeFiles/main.dir/Users/luke/Source/pico/pico-sdk/src/rp2_common/pico_cyw43_arch/cyw43_arch.c.obj
                0x000000001000c3a4                cyw43_arch_enable_sta_mode
 .text.cyw43_arch_wifi_connect_timeout_ms
                0x000000001000c3c0       0xa0 CMakeFiles/main.dir/Users/luke/Source/pico/pico-sdk/src/rp2_common/pico_cyw43_arch/cyw43_arch.c.obj
                0x000000001000c3c0                cyw43_arch_wifi_connect_timeout_ms
 .text.cyw43_arch_init_with_country
                0x000000001000c460       0x10 CMakeFiles/main.dir/Users/luke/Source/pico/pico-sdk/src/rp2_common/pico_cyw43_arch/cyw43_arch.c.obj
                0x000000001000c460                cyw43_arch_init_with_country
 .text.cyw43_arch_gpio_put
                0x000000001000c470       0x14 CMakeFiles/main.dir/Users/luke/Source/pico/pico-sdk/src/rp2_common/pico_cyw43_arch/cyw43_arch.c.obj
                0x000000001000c470                cyw43_arch_gpio_put
 .text.cyw43_arch_async_context
                0x000000001000c484        0xc CMakeFiles/main.dir/Users/luke/Source/pico/pico-sdk/src/rp2_common/pico_cyw43_arch/cyw43_arch.c.obj
                0x000000001000c484                cyw43_arch_async_context
 .text.cyw43_arch_init
                0x000000001000c490       0x74 CMakeFiles/main.dir/Users/luke/Source/pico/pico-sdk/src/rp2_common/pico_cyw43_arch/cyw43_arch_threadsafe_background.c.obj
                0x000000001000c490                cyw43_arch_init
 .text.ns_delay.constprop.0
                0x000000001000c504       0x20 CMakeFiles/main.dir/Users/luke/Source/pico/pico-sdk/src/rp2_common/pico_cyw43_driver/cyw43_bus_pio_spi.c.obj
 .text.cyw43_spi_init
                0x000000001000c524      0x1b4 CMakeFiles/main.dir/Users/luke/Source/pico/pico-sdk/src/rp2_common/pico_cyw43_driver/cyw43_bus_pio_spi.c.obj
                0x000000001000c524                cyw43_spi_init
 .text.cyw43_spi_deinit
                0x000000001000c6d8       0x6c CMakeFiles/main.dir/Users/luke/Source/pico/pico-sdk/src/rp2_common/pico_cyw43_driver/cyw43_bus_pio_spi.c.obj
                0x000000001000c6d8                cyw43_spi_deinit
 .text.cyw43_spi_transfer
                0x000000001000c744      0x3dc CMakeFiles/main.dir/Users/luke/Source/pico/pico-sdk/src/rp2_common/pico_cyw43_driver/cyw43_bus_pio_spi.c.obj
                0x000000001000c744                cyw43_spi_transfer
 .text.cyw43_spi_gpio_setup
                0x000000001000cb20       0x3c CMakeFiles/main.dir/Users/luke/Source/pico/pico-sdk/src/rp2_common/pico_cyw43_driver/cyw43_bus_pio_spi.c.obj
                0x000000001000cb20                cyw43_spi_gpio_setup
 .text.cyw43_spi_reset
                0x000000001000cb5c       0x28 CMakeFiles/main.dir/Users/luke/Source/pico/pico-sdk/src/rp2_common/pico_cyw43_driver/cyw43_bus_pio_spi.c.obj
                0x000000001000cb5c                cyw43_spi_reset
 .text.read_reg_u32_swap
                0x000000001000cb84       0x3c CMakeFiles/main.dir/Users/luke/Source/pico/pico-sdk/src/rp2_common/pico_cyw43_driver/cyw43_bus_pio_spi.c.obj
                0x000000001000cb84                read_reg_u32_swap
 .text.cyw43_read_reg_u32
                0x000000001000cbc0       0x50 CMakeFiles/main.dir/Users/luke/Source/pico/pico-sdk/src/rp2_common/pico_cyw43_driver/cyw43_bus_pio_spi.c.obj
                0x000000001000cbc0                cyw43_read_reg_u32
 .text.cyw43_read_reg_u16
                0x000000001000cc10       0x50 CMakeFiles/main.dir/Users/luke/Source/pico/pico-sdk/src/rp2_common/pico_cyw43_driver/cyw43_bus_pio_spi.c.obj
                0x000000001000cc10                cyw43_read_reg_u16
 .text.cyw43_read_reg_u8
                0x000000001000cc60       0x50 CMakeFiles/main.dir/Users/luke/Source/pico/pico-sdk/src/rp2_common/pico_cyw43_driver/cyw43_bus_pio_spi.c.obj
                0x000000001000cc60                cyw43_read_reg_u8
 .text.write_reg_u32_swap
                0x000000001000ccb0      0x1e8 CMakeFiles/main.dir/Users/luke/Source/pico/pico-sdk/src/rp2_common/pico_cyw43_driver/cyw43_bus_pio_spi.c.obj
                0x000000001000ccb0                write_reg_u32_swap
 .text.cyw43_write_reg_u32
                0x000000001000ce98      0x208 CMakeFiles/main.dir/Users/luke/Source/pico/pico-sdk/src/rp2_common/pico_cyw43_driver/cyw43_bus_pio_spi.c.obj
                0x000000001000ce98                cyw43_write_reg_u32
 .text.cyw43_write_reg_u16
                0x000000001000d0a0      0x208 CMakeFiles/main.dir/Users/luke/Source/pico/pico-sdk/src/rp2_common/pico_cyw43_driver/cyw43_bus_pio_spi.c.obj
                0x000000001000d0a0                cyw43_write_reg_u16
 .text.cyw43_write_reg_u8
                0x000000001000d2a8      0x208 CMakeFiles/main.dir/Users/luke/Source/pico/pico-sdk/src/rp2_common/pico_cyw43_driver/cyw43_bus_pio_spi.c.obj
                0x000000001000d2a8                cyw43_write_reg_u8
 .text.cyw43_read_bytes
                0x000000001000d4b0       0x7c CMakeFiles/main.dir/Users/luke/Source/pico/pico-sdk/src/rp2_common/pico_cyw43_driver/cyw43_bus_pio_spi.c.obj
                0x000000001000d4b0                cyw43_read_bytes
 .text.cyw43_write_bytes
                0x000000001000d52c       0xcc CMakeFiles/main.dir/Users/luke/Source/pico/pico-sdk/src/rp2_common/pico_cyw43_driver/cyw43_bus_pio_spi.c.obj
                0x000000001000d52c                cyw43_write_bytes
 .text.cyw43_set_backplane_window
                0x000000001000d5f8       0x68 CMakeFiles/main.dir/Users/luke/Source/pico/pico-sdk/lib/cyw43-driver/src/cyw43_ll.c.obj
 .text.cyw43_ll_parse_async_event
                0x000000001000d660      0x134 CMakeFiles/main.dir/Users/luke/Source/pico/pico-sdk/lib/cyw43-driver/src/cyw43_ll.c.obj
 .text.cyw43_kso_set
                0x000000001000d794       0x80 CMakeFiles/main.dir/Users/luke/Source/pico/pico-sdk/lib/cyw43-driver/src/cyw43_ll.c.obj
 .text.cyw43_ll_sdpcm_poll_device
                0x000000001000d814      0x240 CMakeFiles/main.dir/Users/luke/Source/pico/pico-sdk/lib/cyw43-driver/src/cyw43_ll.c.obj
 .text.cyw43_sdpcm_send_common
                0x000000001000da54       0xf4 CMakeFiles/main.dir/Users/luke/Source/pico/pico-sdk/lib/cyw43-driver/src/cyw43_ll.c.obj
 .text.cyw43_do_ioctl
                0x000000001000db48      0x110 CMakeFiles/main.dir/Users/luke/Source/pico/pico-sdk/lib/cyw43-driver/src/cyw43_ll.c.obj
 .text.cyw43_do_ioctl.constprop.0
                0x000000001000dc58      0x108 CMakeFiles/main.dir/Users/luke/Source/pico/pico-sdk/lib/cyw43-driver/src/cyw43_ll.c.obj
 .text.reset_device_core.constprop.0
                0x000000001000dd60      0x410 CMakeFiles/main.dir/Users/luke/Source/pico/pico-sdk/lib/cyw43-driver/src/cyw43_ll.c.obj
 .text.cyw43_ll_init
                0x000000001000e170       0x18 CMakeFiles/main.dir/Users/luke/Source/pico/pico-sdk/lib/cyw43-driver/src/cyw43_ll.c.obj
                0x000000001000e170                cyw43_ll_init
 .text.cyw43_ll_deinit
                0x000000001000e188        0x8 CMakeFiles/main.dir/Users/luke/Source/pico/pico-sdk/lib/cyw43-driver/src/cyw43_ll.c.obj
                0x000000001000e188                cyw43_ll_deinit
 .text.cyw43_ll_send_ethernet
                0x000000001000e190       0x60 CMakeFiles/main.dir/Users/luke/Source/pico/pico-sdk/lib/cyw43-driver/src/cyw43_ll.c.obj
                0x000000001000e190                cyw43_ll_send_ethernet
 .text.cyw43_ll_process_packets
                0x000000001000e1f0       0x68 CMakeFiles/main.dir/Users/luke/Source/pico/pico-sdk/lib/cyw43-driver/src/cyw43_ll.c.obj
                0x000000001000e1f0                cyw43_ll_process_packets
 .text.cyw43_ll_ioctl
                0x000000001000e258       0x20 CMakeFiles/main.dir/Users/luke/Source/pico/pico-sdk/lib/cyw43-driver/src/cyw43_ll.c.obj
                0x000000001000e258                cyw43_ll_ioctl
 .text.cyw43_ll_bus_sleep
                0x000000001000e278       0x34 CMakeFiles/main.dir/Users/luke/Source/pico/pico-sdk/lib/cyw43-driver/src/cyw43_ll.c.obj
                0x000000001000e278                cyw43_ll_bus_sleep
 .text.cyw43_ll_bus_init
                0x000000001000e2ac      0xcb8 CMakeFiles/main.dir/Users/luke/Source/pico/pico-sdk/lib/cyw43-driver/src/cyw43_ll.c.obj
                0x000000001000e2ac                cyw43_ll_bus_init
 .text.cyw43_ll_wifi_on
                0x000000001000ef64      0x238 CMakeFiles/main.dir/Users/luke/Source/pico/pico-sdk/lib/cyw43-driver/src/cyw43_ll.c.obj
                0x000000001000ef64                cyw43_ll_wifi_on
 .text.cyw43_ll_wifi_get_mac
                0x000000001000f19c       0x40 CMakeFiles/main.dir/Users/luke/Source/pico/pico-sdk/lib/cyw43-driver/src/cyw43_ll.c.obj
                0x000000001000f19c                cyw43_ll_wifi_get_mac
 .text.cyw43_ll_wifi_pm
                0x000000001000f1dc      0x19c CMakeFiles/main.dir/Users/luke/Source/pico/pico-sdk/lib/cyw43-driver/src/cyw43_ll.c.obj
                0x000000001000f1dc                cyw43_ll_wifi_pm
 .text.cyw43_ll_wifi_join
                0x000000001000f378      0x2ec CMakeFiles/main.dir/Users/luke/Source/pico/pico-sdk/lib/cyw43-driver/src/cyw43_ll.c.obj
                0x000000001000f378                cyw43_ll_wifi_join
 .text.cyw43_ll_wifi_set_wpa_auth
                0x000000001000f664       0x2c CMakeFiles/main.dir/Users/luke/Source/pico/pico-sdk/lib/cyw43-driver/src/cyw43_ll.c.obj
                0x000000001000f664                cyw43_ll_wifi_set_wpa_auth
 .text.cyw43_ll_wifi_rejoin
                0x000000001000f690       0x1c CMakeFiles/main.dir/Users/luke/Source/pico/pico-sdk/lib/cyw43-driver/src/cyw43_ll.c.obj
                0x000000001000f690                cyw43_ll_wifi_rejoin
 .text.cyw43_ll_wifi_ap_init
                0x000000001000f6ac      0x2c0 CMakeFiles/main.dir/Users/luke/Source/pico/pico-sdk/lib/cyw43-driver/src/cyw43_ll.c.obj
                0x000000001000f6ac                cyw43_ll_wifi_ap_init
 .text.cyw43_ll_wifi_ap_set_up
                0x000000001000f96c       0x54 CMakeFiles/main.dir/Users/luke/Source/pico/pico-sdk/lib/cyw43-driver/src/cyw43_ll.c.obj
                0x000000001000f96c                cyw43_ll_wifi_ap_set_up
 .text.cyw43_ll_gpio_set
                0x000000001000f9c0       0x6c CMakeFiles/main.dir/Users/luke/Source/pico/pico-sdk/lib/cyw43-driver/src/cyw43_ll.c.obj
                0x000000001000f9c0                cyw43_ll_gpio_set
 .text.cyw43_ll_has_work
                0x000000001000fa2c       0x14 CMakeFiles/main.dir/Users/luke/Source/pico/pico-sdk/lib/cyw43-driver/src/cyw43_ll.c.obj
                0x000000001000fa2c                cyw43_ll_has_work
 .text.cyw43_netif_init
                0x000000001000fa40       0x3c CMakeFiles/main.dir/Users/luke/Source/pico/pico-sdk/lib/cyw43-driver/src/cyw43_lwip.c.obj
 .text.cyw43_netif_output
                0x000000001000fa7c       0x34 CMakeFiles/main.dir/Users/luke/Source/pico/pico-sdk/lib/cyw43-driver/src/cyw43_lwip.c.obj
 .text.cyw43_cb_tcpip_init
                0x000000001000fab0      0x108 CMakeFiles/main.dir/Users/luke/Source/pico/pico-sdk/lib/cyw43-driver/src/cyw43_lwip.c.obj
                0x000000001000fab0                cyw43_cb_tcpip_init
 .text.cyw43_cb_tcpip_deinit
                0x000000001000fbb8       0x4c CMakeFiles/main.dir/Users/luke/Source/pico/pico-sdk/lib/cyw43-driver/src/cyw43_lwip.c.obj
                0x000000001000fbb8                cyw43_cb_tcpip_deinit
 .text.cyw43_cb_process_ethernet
                0x000000001000fc04       0x6c CMakeFiles/main.dir/Users/luke/Source/pico/pico-sdk/lib/cyw43-driver/src/cyw43_lwip.c.obj
                0x000000001000fc04                cyw43_cb_process_ethernet
 .text.cyw43_cb_tcpip_set_link_up
                0x000000001000fc70       0x18 CMakeFiles/main.dir/Users/luke/Source/pico/pico-sdk/lib/cyw43-driver/src/cyw43_lwip.c.obj
                0x000000001000fc70                cyw43_cb_tcpip_set_link_up
 .text.cyw43_cb_tcpip_set_link_down
                0x000000001000fc88       0x18 CMakeFiles/main.dir/Users/luke/Source/pico/pico-sdk/lib/cyw43-driver/src/cyw43_lwip.c.obj
                0x000000001000fc88                cyw43_cb_tcpip_set_link_down
 .text.cyw43_tcpip_link_status
                0x000000001000fca0       0x34 CMakeFiles/main.dir/Users/luke/Source/pico/pico-sdk/lib/cyw43-driver/src/cyw43_lwip.c.obj
                0x000000001000fca0                cyw43_tcpip_link_status
 .text.cyw43_poll_func
                0x000000001000fcd4       0xbc CMakeFiles/main.dir/Users/luke/Source/pico/pico-sdk/lib/cyw43-driver/src/cyw43_ctrl.c.obj
 .text.cyw43_init
                0x000000001000fd90       0x70 CMakeFiles/main.dir/Users/luke/Source/pico/pico-sdk/lib/cyw43-driver/src/cyw43_ctrl.c.obj
                0x000000001000fd90                cyw43_init
 .text.cyw43_deinit
                0x000000001000fe00       0x94 CMakeFiles/main.dir/Users/luke/Source/pico/pico-sdk/lib/cyw43-driver/src/cyw43_ctrl.c.obj
                0x000000001000fe00                cyw43_deinit
 .text.cyw43_cb_read_host_interrupt_pin
                0x000000001000fe94        0xc CMakeFiles/main.dir/Users/luke/Source/pico/pico-sdk/lib/cyw43-driver/src/cyw43_ctrl.c.obj
                0x000000001000fe94                cyw43_cb_read_host_interrupt_pin
 .text.cyw43_cb_ensure_awake
                0x000000001000fea0        0xc CMakeFiles/main.dir/Users/luke/Source/pico/pico-sdk/lib/cyw43-driver/src/cyw43_ctrl.c.obj
                0x000000001000fea0                cyw43_cb_ensure_awake
 .text.cyw43_cb_process_async_event
                0x000000001000feac      0x22c CMakeFiles/main.dir/Users/luke/Source/pico/pico-sdk/lib/cyw43-driver/src/cyw43_ctrl.c.obj
                0x000000001000feac                cyw43_cb_process_async_event
 .text.cyw43_send_ethernet
                0x00000000100100d8       0xc0 CMakeFiles/main.dir/Users/luke/Source/pico/pico-sdk/lib/cyw43-driver/src/cyw43_ctrl.c.obj
                0x00000000100100d8                cyw43_send_ethernet
 .text.cyw43_wifi_get_mac
                0x0000000010010198       0x10 CMakeFiles/main.dir/Users/luke/Source/pico/pico-sdk/lib/cyw43-driver/src/cyw43_ctrl.c.obj
                0x0000000010010198                cyw43_wifi_get_mac
 .text.cyw43_wifi_set_up
                0x00000000100101a8      0x300 CMakeFiles/main.dir/Users/luke/Source/pico/pico-sdk/lib/cyw43-driver/src/cyw43_ctrl.c.obj
                0x00000000100101a8                cyw43_wifi_set_up
 .text.cyw43_wifi_link_status
                0x00000000100104a8       0x3c CMakeFiles/main.dir/Users/luke/Source/pico/pico-sdk/lib/cyw43-driver/src/cyw43_ctrl.c.obj
                0x00000000100104a8                cyw43_wifi_link_status
 .text.cyw43_wifi_join
                0x00000000100104e4       0xf8 CMakeFiles/main.dir/Users/luke/Source/pico/pico-sdk/lib/cyw43-driver/src/cyw43_ctrl.c.obj
                0x00000000100104e4                cyw43_wifi_join
 .text.cyw43_gpio_set
                0x00000000100105dc       0xa4 CMakeFiles/main.dir/Users/luke/Source/pico/pico-sdk/lib/cyw43-driver/src/cyw43_ctrl.c.obj
                0x00000000100105dc                cyw43_gpio_set
 .text.pio_sm_unclaim
                0x0000000010010680       0x20 CMakeFiles/main.dir/Users/luke/Source/pico/pico-sdk/src/rp2_common/hardware_pio/pio.c.obj
                0x0000000010010680                pio_sm_unclaim
 .text.pio_claim_unused_sm
                0x00000000100106a0       0x3c CMakeFiles/main.dir/Users/luke/Source/pico/pico-sdk/src/rp2_common/hardware_pio/pio.c.obj
                0x00000000100106a0                pio_claim_unused_sm
 .text.pio_can_add_program
                0x00000000100106dc       0x68 CMakeFiles/main.dir/Users/luke/Source/pico/pico-sdk/src/rp2_common/hardware_pio/pio.c.obj
                0x00000000100106dc                pio_can_add_program
 .text.pio_add_program
                0x0000000010010744       0xf0 CMakeFiles/main.dir/Users/luke/Source/pico/pico-sdk/src/rp2_common/hardware_pio/pio.c.obj
                0x0000000010010744                pio_add_program
 .text.pio_remove_program
                0x0000000010010834       0x34 CMakeFiles/main.dir/Users/luke/Source/pico/pico-sdk/src/rp2_common/hardware_pio/pio.c.obj
                0x0000000010010834                pio_remove_program
 .text.pio_sm_set_pindirs_with_mask
                0x0000000010010868       0xa8 CMakeFiles/main.dir/Users/luke/Source/pico/pico-sdk/src/rp2_common/hardware_pio/pio.c.obj
                0x0000000010010868                pio_sm_set_pindirs_with_mask
 .text.pio_sm_set_consecutive_pindirs
                0x0000000010010910       0xa8 CMakeFiles/main.dir/Users/luke/Source/pico/pico-sdk/src/rp2_common/hardware_pio/pio.c.obj
                0x0000000010010910                pio_sm_set_consecutive_pindirs
 .text.dma_channel_unclaim
                0x00000000100109b8       0x14 CMakeFiles/main.dir/Users/luke/Source/pico/pico-sdk/src/rp2_common/hardware_dma/dma.c.obj
                0x00000000100109b8                dma_channel_unclaim
 .text.dma_claim_unused_channel
                0x00000000100109cc       0x24 CMakeFiles/main.dir/Users/luke/Source/pico/pico-sdk/src/rp2_common/hardware_dma/dma.c.obj
                0x00000000100109cc                dma_claim_unused_channel
 .text.cyw43_sleep_timeout_reached
                0x00000000100109f0       0x10 CMakeFiles/main.dir/Users/luke/Source/pico/pico-sdk/src/rp2_common/pico_cyw43_driver/cyw43_driver.c.obj
 .text.cyw43_irq_init
                0x0000000010010a00       0x28 CMakeFiles/main.dir/Users/luke/Source/pico/pico-sdk/src/rp2_common/pico_cyw43_driver/cyw43_driver.c.obj
                0x0000000010010a00                cyw43_irq_init
 .text.cyw43_irq_deinit
                0x0000000010010a28       0x20 CMakeFiles/main.dir/Users/luke/Source/pico/pico-sdk/src/rp2_common/pico_cyw43_driver/cyw43_driver.c.obj
                0x0000000010010a28                cyw43_irq_deinit
 .text.cyw43_gpio_irq_handler
                0x0000000010010a48       0x44 CMakeFiles/main.dir/Users/luke/Source/pico/pico-sdk/src/rp2_common/pico_cyw43_driver/cyw43_driver.c.obj
 .text.cyw43_do_poll
                0x0000000010010a8c       0x70 CMakeFiles/main.dir/Users/luke/Source/pico/pico-sdk/src/rp2_common/pico_cyw43_driver/cyw43_driver.c.obj
 .text.cyw43_post_poll_hook
                0x0000000010010afc       0x10 CMakeFiles/main.dir/Users/luke/Source/pico/pico-sdk/src/rp2_common/pico_cyw43_driver/cyw43_driver.c.obj
                0x0000000010010afc                cyw43_post_poll_hook
 .text.cyw43_schedule_internal_poll_dispatch
                0x0000000010010b0c       0x18 CMakeFiles/main.dir/Users/luke/Source/pico/pico-sdk/src/rp2_common/pico_cyw43_driver/cyw43_driver.c.obj
                0x0000000010010b0c                cyw43_schedule_internal_poll_dispatch
 .text.cyw43_driver_init
                0x0000000010010b24       0x38 CMakeFiles/main.dir/Users/luke/Source/pico/pico-sdk/src/rp2_common/pico_cyw43_driver/cyw43_driver.c.obj
                0x0000000010010b24                cyw43_driver_init
 .text.cyw43_driver_deinit
                0x0000000010010b5c       0x44 CMakeFiles/main.dir/Users/luke/Source/pico/pico-sdk/src/rp2_common/pico_cyw43_driver/cyw43_driver.c.obj
                0x0000000010010b5c                cyw43_driver_deinit
 .text.cyw43_hal_generate_laa_mac
                0x0000000010010ba0       0x28 CMakeFiles/main.dir/Users/luke/Source/pico/pico-sdk/src/rp2_common/pico_cyw43_driver/cyw43_driver.c.obj
                0x0000000010010ba0                cyw43_hal_generate_laa_mac
 .text.cyw43_hal_get_mac
                0x0000000010010bc8       0x14 CMakeFiles/main.dir/Users/luke/Source/pico/pico-sdk/src/rp2_common/pico_cyw43_driver/cyw43_driver.c.obj
                0x0000000010010bc8                cyw43_hal_get_mac
 .text.cyw43_thread_enter
                0x0000000010010bdc       0x14 CMakeFiles/main.dir/Users/luke/Source/pico/pico-sdk/src/rp2_common/pico_cyw43_driver/cyw43_driver.c.obj
                0x0000000010010bdc                cyw43_thread_enter
 .text.cyw43_thread_exit
                0x0000000010010bf0       0x14 CMakeFiles/main.dir/Users/luke/Source/pico/pico-sdk/src/rp2_common/pico_cyw43_driver/cyw43_driver.c.obj
                0x0000000010010bf0                cyw43_thread_exit
 .text.cyw43_await_background_or_timeout_us
                0x0000000010010c04       0x34 CMakeFiles/main.dir/Users/luke/Source/pico/pico-sdk/src/rp2_common/pico_cyw43_driver/cyw43_driver.c.obj
                0x0000000010010c04                cyw43_await_background_or_timeout_us
 .text.cyw43_delay_ms
                0x0000000010010c38       0x48 CMakeFiles/main.dir/Users/luke/Source/pico/pico-sdk/src/rp2_common/pico_cyw43_driver/cyw43_driver.c.obj
                0x0000000010010c38                cyw43_delay_ms
 .text.cyw43_delay_us
                0x0000000010010c80       0x34 CMakeFiles/main.dir/Users/luke/Source/pico/pico-sdk/src/rp2_common/pico_cyw43_driver/cyw43_driver.c.obj
                0x0000000010010c80                cyw43_delay_us
 .text.async_context_threadsafe_background_acquire_lock_blocking
                0x0000000010010cb4        0xc CMakeFiles/main.dir/Users/luke/Source/pico/pico-sdk/src/rp2_common/pico_async_context/async_context_threadsafe_background.c.obj
 .text.alarm_handler
                0x0000000010010cc0       0x20 CMakeFiles/main.dir/Users/luke/Source/pico/pico-sdk/src/rp2_common/pico_async_context/async_context_threadsafe_background.c.obj
 .text.async_context_threadsafe_background_set_work_pending
                0x0000000010010ce0       0x1c CMakeFiles/main.dir/Users/luke/Source/pico/pico-sdk/src/rp2_common/pico_async_context/async_context_threadsafe_background.c.obj
 .text.process_under_lock
                0x0000000010010cfc       0xcc CMakeFiles/main.dir/Users/luke/Source/pico/pico-sdk/src/rp2_common/pico_async_context/async_context_threadsafe_background.c.obj
 .text.async_context_threadsafe_background_execute_sync
                0x0000000010010dc8       0x30 CMakeFiles/main.dir/Users/luke/Source/pico/pico-sdk/src/rp2_common/pico_async_context/async_context_threadsafe_background.c.obj
                0x0000000010010dc8                async_context_threadsafe_background_execute_sync
 .text.async_context_threadsafe_background_deinit
                0x0000000010010df8       0x54 CMakeFiles/main.dir/Users/luke/Source/pico/pico-sdk/src/rp2_common/pico_async_context/async_context_threadsafe_background.c.obj
 .text.low_priority_irq_handler
                0x0000000010010e4c       0x3c CMakeFiles/main.dir/Users/luke/Source/pico/pico-sdk/src/rp2_common/pico_async_context/async_context_threadsafe_background.c.obj
 .text.async_context_threadsafe_background_wait_for_work_until
                0x0000000010010e88        0xc CMakeFiles/main.dir/Users/luke/Source/pico/pico-sdk/src/rp2_common/pico_async_context/async_context_threadsafe_background.c.obj
 .text.async_context_threadsafe_background_wait_until
                0x0000000010010e94       0x1c CMakeFiles/main.dir/Users/luke/Source/pico/pico-sdk/src/rp2_common/pico_async_context/async_context_threadsafe_background.c.obj
 .text.async_context_threadsafe_background_lock_check
                0x0000000010010eb0       0x28 CMakeFiles/main.dir/Users/luke/Source/pico/pico-sdk/src/rp2_common/pico_async_context/async_context_threadsafe_background.c.obj
 .text.async_context_threadsafe_background_release_lock
                0x0000000010010ed8       0x1c CMakeFiles/main.dir/Users/luke/Source/pico/pico-sdk/src/rp2_common/pico_async_context/async_context_threadsafe_background.c.obj
 .text.async_context_threadsafe_background_add_at_time_worker
                0x0000000010010ef4       0x34 CMakeFiles/main.dir/Users/luke/Source/pico/pico-sdk/src/rp2_common/pico_async_context/async_context_threadsafe_background.c.obj
 .text.async_context_threadsafe_background_remove_at_time_worker
                0x0000000010010f28       0x34 CMakeFiles/main.dir/Users/luke/Source/pico/pico-sdk/src/rp2_common/pico_async_context/async_context_threadsafe_background.c.obj
 .text.async_context_threadsafe_background_add_when_pending_worker
                0x0000000010010f5c       0x34 CMakeFiles/main.dir/Users/luke/Source/pico/pico-sdk/src/rp2_common/pico_async_context/async_context_threadsafe_background.c.obj
 .text.async_context_threadsafe_background_when_pending_worker
                0x0000000010010f90       0x34 CMakeFiles/main.dir/Users/luke/Source/pico/pico-sdk/src/rp2_common/pico_async_context/async_context_threadsafe_background.c.obj
 .text.async_context_threadsafe_background_default_config
                0x0000000010010fc4        0xc CMakeFiles/main.dir/Users/luke/Source/pico/pico-sdk/src/rp2_common/pico_async_context/async_context_threadsafe_background.c.obj
                0x0000000010010fc4                async_context_threadsafe_background_default_config
 .text.async_context_threadsafe_background_init
                0x0000000010010fd0       0x8c CMakeFiles/main.dir/Users/luke/Source/pico/pico-sdk/src/rp2_common/pico_async_context/async_context_threadsafe_background.c.obj
                0x0000000010010fd0                async_context_threadsafe_background_init
 .text.uart_init
                0x000000001001105c       0xe0 CMakeFiles/main.dir/Users/luke/Source/pico/pico-sdk/src/rp2_common/hardware_uart/uart.c.obj
                0x000000001001105c                uart_init
 .text.runtime_init
                0x000000001001113c       0xf0 CMakeFiles/main.dir/Users/luke/Source/pico/pico-sdk/src/rp2_common/pico_runtime/runtime.c.obj
                0x000000001001113c                runtime_init
 .text._exit    0x000000001001122c        0x4 CMakeFiles/main.dir/Users/luke/Source/pico/pico-sdk/src/rp2_common/pico_runtime/runtime.c.obj
                0x000000001001122c                _exit
 .text.exit     0x0000000010011230        0x8 CMakeFiles/main.dir/Users/luke/Source/pico/pico-sdk/src/rp2_common/pico_runtime/runtime.c.obj
                0x0000000010011230                exit
 .text.panic    0x0000000010011238       0x30 CMakeFiles/main.dir/Users/luke/Source/pico/pico-sdk/src/rp2_common/pico_runtime/runtime.c.obj
                0x0000000010011238                panic
 .text.hard_assertion_failure
                0x0000000010011268        0xc CMakeFiles/main.dir/Users/luke/Source/pico/pico-sdk/src/rp2_common/pico_runtime/runtime.c.obj
                0x0000000010011268                hard_assertion_failure
 .text._out_null
                0x0000000010011274        0x4 CMakeFiles/main.dir/Users/luke/Source/pico/pico-sdk/src/rp2_common/pico_printf/printf.c.obj
 .text._out_rev
                0x0000000010011278       0x90 CMakeFiles/main.dir/Users/luke/Source/pico/pico-sdk/src/rp2_common/pico_printf/printf.c.obj
 .text._ntoa_format
                0x0000000010011308      0x1f4 CMakeFiles/main.dir/Users/luke/Source/pico/pico-sdk/src/rp2_common/pico_printf/printf.c.obj
 .text._out_char
                0x00000000100114fc       0x10 CMakeFiles/main.dir/Users/luke/Source/pico/pico-sdk/src/rp2_common/pico_printf/printf.c.obj
 .text._out_fct
                0x000000001001150c       0x10 CMakeFiles/main.dir/Users/luke/Source/pico/pico-sdk/src/rp2_common/pico_printf/printf.c.obj
 .text._etoa    0x000000001001151c      0x454 CMakeFiles/main.dir/Users/luke/Source/pico/pico-sdk/src/rp2_common/pico_printf/printf.c.obj
 .text._ftoa    0x0000000010011970      0x3c4 CMakeFiles/main.dir/Users/luke/Source/pico/pico-sdk/src/rp2_common/pico_printf/printf.c.obj
 .text._vsnprintf
                0x0000000010011d34      0xb24 CMakeFiles/main.dir/Users/luke/Source/pico/pico-sdk/src/rp2_common/pico_printf/printf.c.obj
 .text.vfctprintf
                0x0000000010012858       0x20 CMakeFiles/main.dir/Users/luke/Source/pico/pico-sdk/src/rp2_common/pico_printf/printf.c.obj
                0x0000000010012858                vfctprintf
 .text.weak_raw_vprintf
                0x0000000010012878       0x30 CMakeFiles/main.dir/Users/luke/Source/pico/pico-sdk/src/rp2_common/pico_printf/printf.c.obj
                0x0000000010012878                weak_raw_vprintf
 .text          0x00000000100128a8       0x10 CMakeFiles/main.dir/Users/luke/Source/pico/pico-sdk/src/rp2_common/pico_bit_ops/bit_ops_aeabi.S.obj
 .text.ctzsi    0x00000000100128b8        0xc CMakeFiles/main.dir/Users/luke/Source/pico/pico-sdk/src/rp2_common/pico_bit_ops/bit_ops_aeabi.S.obj
                0x00000000100128b8                __wrap___ctzsi2
 .text.__wrap___aeabi_idiv
                0x00000000100128c4       0x50 CMakeFiles/main.dir/Users/luke/Source/pico/pico-sdk/src/rp2_common/pico_divider/divider.S.obj
                0x00000000100128c4                __wrap___aeabi_idivmod
                0x00000000100128c4                divmod_s32s32
                0x00000000100128c4                div_s32s32
                0x00000000100128c4                __wrap___aeabi_idiv
                0x00000000100128cc                divmod_s32s32_unsafe
                0x00000000100128f8                divmod_s32s32_savestate
 .text.__wrap___aeabi_uidiv
                0x0000000010012914       0x4c CMakeFiles/main.dir/Users/luke/Source/pico/pico-sdk/src/rp2_common/pico_divider/divider.S.obj
                0x0000000010012914                __wrap___aeabi_uidiv
                0x0000000010012914                __wrap___aeabi_uidivmod
                0x0000000010012914                div_u32u32
                0x0000000010012914                divmod_u32u32
                0x000000001001291c                divmod_u32u32_unsafe
                0x0000000010012944                divmod_u32u32_savestate
 .text.__wrap___aeabi_ldiv
                0x0000000010012960      0x424 CMakeFiles/main.dir/Users/luke/Source/pico/pico-sdk/src/rp2_common/pico_divider/divider.S.obj
                0x0000000010012960                __wrap___aeabi_ldivmod
                0x0000000010012960                div_s64s64
                0x0000000010012960                divmod_s64s64
                0x0000000010012990                divmod_u64u64
                0x0000000010012990                div_u64u64
                0x0000000010012990                __wrap___aeabi_uldivmod
                0x00000000100129a0                divmod_u64u64_savestate
                0x00000000100129c0                divmod_s64s64_unsafe
                0x0000000010012a48                divmod_u64u64_unsafe
 .text.__wrap___aeabi_darithmetic
                0x0000000010012d84       0x60 CMakeFiles/main.dir/Users/luke/Source/pico/pico-sdk/src/rp2_common/pico_double/double_aeabi.S.obj
                0x0000000010012d84                __wrap___aeabi_drsub
                0x0000000010012d8a                __wrap___aeabi_dsub
                0x0000000010012d94                __wrap___aeabi_dadd
                0x0000000010012d9e                __wrap___aeabi_ddiv
                0x0000000010012dd2                __wrap___aeabi_dmul
 .text.__wrap___aeabi_cdcmple
                0x0000000010012de4       0x6c CMakeFiles/main.dir/Users/luke/Source/pico/pico-sdk/src/rp2_common/pico_double/double_aeabi.S.obj
                0x0000000010012de4                __wrap___aeabi_cdrcmple
                0x0000000010012df4                __wrap___aeabi_cdcmple
                0x0000000010012df4                __wrap___aeabi_cdcmpeq
 .text.__wrap___aeabi_dcmplt
                0x0000000010012e50        0xc CMakeFiles/main.dir/Users/luke/Source/pico/pico-sdk/src/rp2_common/pico_double/double_aeabi.S.obj
                0x0000000010012e50                __wrap___aeabi_dcmplt
 .text.__wrap___aeabi_dcmpge
                0x0000000010012e5c       0x10 CMakeFiles/main.dir/Users/luke/Source/pico/pico-sdk/src/rp2_common/pico_double/double_aeabi.S.obj
                0x0000000010012e5c                __wrap___aeabi_dcmpge
 .text.__wrap___aeabi_dcmpgt
                0x0000000010012e6c        0xa CMakeFiles/main.dir/Users/luke/Source/pico/pico-sdk/src/rp2_common/pico_double/double_aeabi.S.obj
                0x0000000010012e6c                __wrap___aeabi_dcmpgt
 .text.__wrap___aeabi_dcmpun
                0x0000000010012e76       0x1c CMakeFiles/main.dir/Users/luke/Source/pico/pico-sdk/src/rp2_common/pico_double/double_aeabi.S.obj
                0x0000000010012e76                __wrap___aeabi_dcmpun
 *fill*         0x0000000010012e92        0x2 
 .text.__wrap___aeabi_i2d
                0x0000000010012e94       0x38 CMakeFiles/main.dir/Users/luke/Source/pico/pico-sdk/src/rp2_common/pico_double/double_aeabi.S.obj
                0x0000000010012e94                __wrap___aeabi_ui2d
                0x0000000010012e9c                __wrap___aeabi_i2d
 .text.__wrap___aeabi_d2iz
                0x0000000010012ecc       0x48 CMakeFiles/main.dir/Users/luke/Source/pico/pico-sdk/src/rp2_common/pico_double/double_aeabi.S.obj
                0x0000000010012ecc                __wrap___aeabi_d2iz
                0x0000000010012ecc                double2int_z
 .text.__wrap___aeabi_d2uiz
                0x0000000010012f14       0x10 CMakeFiles/main.dir/Users/luke/Source/pico/pico-sdk/src/rp2_common/pico_double/double_aeabi.S.obj
                0x0000000010012f14                double2uint
                0x0000000010012f14                __wrap___aeabi_d2uiz
 .text.missing_double_func_shim
                0x0000000010012f24        0xc CMakeFiles/main.dir/Users/luke/Source/pico/pico-sdk/src/rp2_common/pico_double/double_init_rom.c.obj
 .text.__aeabi_double_init
                0x0000000010012f30       0x94 CMakeFiles/main.dir/Users/luke/Source/pico/pico-sdk/src/rp2_common/pico_double/double_init_rom.c.obj
                0x0000000010012f30                __aeabi_double_init
 .text.double_table_shim_on_use_helper
                0x0000000010012fc4       0x2c CMakeFiles/main.dir/Users/luke/Source/pico/pico-sdk/src/rp2_common/pico_double/double_v1_rom_shim.S.obj
                0x0000000010012fc4                double_table_shim_on_use_helper
 .text.__aeabi_lmul
                0x0000000010012ff0       0x32 CMakeFiles/main.dir/Users/luke/Source/pico/pico-sdk/src/rp2_common/pico_int64_ops/pico_int64_ops_aeabi.S.obj
                0x0000000010012ff0                __wrap___aeabi_lmul
 *fill*         0x0000000010013022        0x2 
 .text.missing_float_func_shim
                0x0000000010013024        0xc CMakeFiles/main.dir/Users/luke/Source/pico/pico-sdk/src/rp2_common/pico_float/float_init_rom.c.obj
 .text.__aeabi_float_init
                0x0000000010013030       0x5c CMakeFiles/main.dir/Users/luke/Source/pico/pico-sdk/src/rp2_common/pico_float/float_init_rom.c.obj
                0x0000000010013030                __aeabi_float_init
 .text          0x000000001001308c       0x10 CMakeFiles/main.dir/Users/luke/Source/pico/pico-sdk/src/rp2_common/pico_mem_ops/mem_ops_aeabi.S.obj
                0x000000001001308c                __aeabi_mem_init
 .text.memset   0x000000001001309c        0xc CMakeFiles/main.dir/Users/luke/Source/pico/pico-sdk/src/rp2_common/pico_mem_ops/mem_ops_aeabi.S.obj
                0x000000001001309c                __wrap_memset
 .text.memcpy   0x00000000100130a8        0xc CMakeFiles/main.dir/Users/luke/Source/pico/pico-sdk/src/rp2_common/pico_mem_ops/mem_ops_aeabi.S.obj
                0x00000000100130a8                __wrap___aeabi_memcpy
                0x00000000100130a8                __wrap_memcpy
 .text.stdio_out_chars_crlf
                0x00000000100130b4       0xbc CMakeFiles/main.dir/Users/luke/Source/pico/pico-sdk/src/rp2_common/pico_stdio/stdio.c.obj
 .text.stdio_buffered_printer
                0x0000000010013170       0x64 CMakeFiles/main.dir/Users/luke/Source/pico/pico-sdk/src/rp2_common/pico_stdio/stdio.c.obj
 .text.__wrap_putchar
                0x00000000100131d4       0x98 CMakeFiles/main.dir/Users/luke/Source/pico/pico-sdk/src/rp2_common/pico_stdio/stdio.c.obj
                0x00000000100131d4                __wrap_putchar
 .text.__wrap_puts